[{"path":"src/main/resources/view/MainWindow.fxml","fileType":"fxml","lines":[{"lineNumber":1,"author":{"gitId":"-"},"content":"\u003c?xml version\u003d\"1.0\" encoding\u003d\"UTF-8\"?\u003e"},{"lineNumber":2,"author":{"gitId":"-"},"content":""},{"lineNumber":3,"author":{"gitId":"-"},"content":"\u003c?import java.net.URL?\u003e"},{"lineNumber":4,"author":{"gitId":"-"},"content":"\u003c?import javafx.geometry.Insets?\u003e"},{"lineNumber":5,"author":{"gitId":"-"},"content":"\u003c?import javafx.scene.control.Menu?\u003e"},{"lineNumber":6,"author":{"gitId":"-"},"content":"\u003c?import javafx.scene.control.MenuBar?\u003e"},{"lineNumber":7,"author":{"gitId":"-"},"content":"\u003c?import javafx.scene.control.MenuItem?\u003e"},{"lineNumber":8,"author":{"gitId":"-"},"content":"\u003c?import javafx.scene.control.SplitPane?\u003e"},{"lineNumber":9,"author":{"gitId":"-"},"content":"\u003c?import javafx.scene.layout.StackPane?\u003e"},{"lineNumber":10,"author":{"gitId":"-"},"content":"\u003c?import javafx.scene.layout.VBox?\u003e"},{"lineNumber":11,"author":{"gitId":"-"},"content":"\u003cVBox xmlns\u003d\"http://javafx.com/javafx/8\" xmlns:fx\u003d\"http://javafx.com/fxml/1\"\u003e"},{"lineNumber":12,"author":{"gitId":"-"},"content":"  \u003cstylesheets\u003e"},{"lineNumber":13,"author":{"gitId":"-"},"content":"    \u003cURL value\u003d\"@DarkTheme.css\" /\u003e"},{"lineNumber":14,"author":{"gitId":"-"},"content":"    \u003cURL value\u003d\"@Extensions.css\" /\u003e"},{"lineNumber":15,"author":{"gitId":"-"},"content":"  \u003c/stylesheets\u003e"},{"lineNumber":16,"author":{"gitId":"-"},"content":""},{"lineNumber":17,"author":{"gitId":"-"},"content":"  \u003cMenuBar fx:id\u003d\"menuBar\" VBox.vgrow\u003d\"NEVER\"\u003e"},{"lineNumber":18,"author":{"gitId":"-"},"content":"    \u003cMenu mnemonicParsing\u003d\"false\" text\u003d\"File\"\u003e"},{"lineNumber":19,"author":{"gitId":"-"},"content":"      \u003cMenuItem mnemonicParsing\u003d\"false\" onAction\u003d\"#handleExit\" text\u003d\"Exit\" /\u003e"},{"lineNumber":20,"author":{"gitId":"-"},"content":"    \u003c/Menu\u003e"},{"lineNumber":21,"author":{"gitId":"-"},"content":"    \u003cMenu mnemonicParsing\u003d\"false\" text\u003d\"Help\"\u003e"},{"lineNumber":22,"author":{"gitId":"-"},"content":"      \u003cMenuItem fx:id\u003d\"helpMenuItem\" mnemonicParsing\u003d\"false\" onAction\u003d\"#handleHelp\" text\u003d\"Help\" /\u003e"},{"lineNumber":23,"author":{"gitId":"-"},"content":"    \u003c/Menu\u003e"},{"lineNumber":24,"author":{"gitId":"-"},"content":"  \u003c/MenuBar\u003e"},{"lineNumber":25,"author":{"gitId":"-"},"content":""},{"lineNumber":26,"author":{"gitId":"nbr"},"content":"  \u003cStackPane fx:id\u003d\"commandBoxPlaceholder\" styleClass\u003d\"pane-with-border\" VBox.vgrow\u003d\"NEVER\"\u003e"},{"lineNumber":27,"author":{"gitId":"nbr"},"content":"    \u003cpadding\u003e"},{"lineNumber":28,"author":{"gitId":"nbr"},"content":"      \u003cInsets bottom\u003d\"5\" left\u003d\"10\" right\u003d\"10\" top\u003d\"5\" /\u003e"},{"lineNumber":29,"author":{"gitId":"nbr"},"content":"    \u003c/padding\u003e"},{"lineNumber":30,"author":{"gitId":"nbr"},"content":"  \u003c/StackPane\u003e"},{"lineNumber":31,"author":{"gitId":"nbr"},"content":""},{"lineNumber":32,"author":{"gitId":"April0616"},"content":"  \u003cStackPane fx:id\u003d\"resultDisplayPlaceholder\" maxHeight\u003d\"100\" minHeight\u003d\"100\" prefHeight\u003d\"100\" styleClass\u003d\"pane-with-border\" VBox.vgrow\u003d\"NEVER\"\u003e"},{"lineNumber":33,"author":{"gitId":"-"},"content":"    \u003cpadding\u003e"},{"lineNumber":34,"author":{"gitId":"nbr"},"content":"      \u003cInsets bottom\u003d\"5\" left\u003d\"10\" right\u003d\"10\" top\u003d\"5\" /\u003e"},{"lineNumber":35,"author":{"gitId":"-"},"content":"    \u003c/padding\u003e"},{"lineNumber":36,"author":{"gitId":"-"},"content":"  \u003c/StackPane\u003e"},{"lineNumber":37,"author":{"gitId":"-"},"content":""},{"lineNumber":38,"author":{"gitId":"-"},"content":"  \u003c!-- @@author nbriannl --\u003e"},{"lineNumber":39,"author":{"gitId":"-"},"content":"  \u003cStackPane fx:id\u003d\"tagListPanelPlaceholder\" maxHeight\u003d\"60\" minHeight\u003d\"60\" prefHeight\u003d\"60\" styleClass\u003d\"pane-with-border\" VBox.vgrow\u003d\"NEVER\"\u003e"},{"lineNumber":40,"author":{"gitId":"-"},"content":"    \u003cpadding\u003e"},{"lineNumber":41,"author":{"gitId":"-"},"content":"      \u003cInsets bottom\u003d\"5\" left\u003d\"10\" right\u003d\"10\" top\u003d\"5\" /\u003e"},{"lineNumber":42,"author":{"gitId":"-"},"content":"    \u003c/padding\u003e"},{"lineNumber":43,"author":{"gitId":"-"},"content":"  \u003c/StackPane\u003e"},{"lineNumber":44,"author":{"gitId":"-"},"content":""},{"lineNumber":45,"author":{"gitId":"-"},"content":"  \u003c!-- @@author --\u003e"},{"lineNumber":46,"author":{"gitId":"-"},"content":"  \u003cSplitPane id\u003d\"splitPane\" fx:id\u003d\"splitPane\" dividerPositions\u003d\"0.4\" VBox.vgrow\u003d\"ALWAYS\"\u003e"},{"lineNumber":47,"author":{"gitId":"nbr"},"content":"    \u003cVBox fx:id\u003d\"personList\" minWidth\u003d\"335.0\" prefHeight\u003d\"143.0\" prefWidth\u003d\"335.0\" SplitPane.resizableWithParent\u003d\"false\"\u003e"},{"lineNumber":48,"author":{"gitId":"-"},"content":"      \u003cpadding\u003e"},{"lineNumber":49,"author":{"gitId":"nbr"},"content":"        \u003cInsets bottom\u003d\"10\" left\u003d\"10\" right\u003d\"10\" top\u003d\"10\" /\u003e"},{"lineNumber":50,"author":{"gitId":"-"},"content":"      \u003c/padding\u003e"},{"lineNumber":51,"author":{"gitId":"-"},"content":"      \u003cStackPane fx:id\u003d\"personListPanelPlaceholder\" VBox.vgrow\u003d\"ALWAYS\" /\u003e"},{"lineNumber":52,"author":{"gitId":"-"},"content":"    \u003c/VBox\u003e"},{"lineNumber":53,"author":{"gitId":"-"},"content":""},{"lineNumber":54,"author":{"gitId":"-"},"content":"    \u003c!-- @@author zacharytang --\u003e"},{"lineNumber":55,"author":{"gitId":"-"},"content":"    \u003cStackPane fx:id\u003d\"infoPlaceholder\" prefWidth\u003d\"340\" styleClass\u003d\"pane-with-border\"\u003e"},{"lineNumber":56,"author":{"gitId":"-"},"content":"      \u003cpadding\u003e"},{"lineNumber":57,"author":{"gitId":"nbr"},"content":"        \u003cInsets bottom\u003d\"10\" left\u003d\"10\" right\u003d\"10\" top\u003d\"10\" /\u003e"},{"lineNumber":58,"author":{"gitId":"-"},"content":"      \u003c/padding\u003e"},{"lineNumber":59,"author":{"gitId":"-"},"content":"    \u003c/StackPane\u003e"},{"lineNumber":60,"author":{"gitId":"-"},"content":"    \u003c!-- @@author --\u003e"},{"lineNumber":61,"author":{"gitId":"-"},"content":"  \u003c/SplitPane\u003e"},{"lineNumber":62,"author":{"gitId":"-"},"content":""},{"lineNumber":63,"author":{"gitId":"-"},"content":"  \u003cStackPane fx:id\u003d\"statusbarPlaceholder\" VBox.vgrow\u003d\"NEVER\" /\u003e"},{"lineNumber":64,"author":{"gitId":"-"},"content":"\u003c/VBox\u003e"}],"authorContributionMap":{"April0616":1,"-":53,"nbr":10}},{"path":"src/main/resources/view/PersonInfoOverview.fxml","fileType":"fxml","lines":[{"lineNumber":1,"author":{"gitId":"-"},"content":"\u003c?xml version\u003d\"1.0\" encoding\u003d\"UTF-8\"?\u003e"},{"lineNumber":2,"author":{"gitId":"-"},"content":""},{"lineNumber":3,"author":{"gitId":"-"},"content":"\u003c?import javafx.scene.control.Label?\u003e"},{"lineNumber":4,"author":{"gitId":"-"},"content":"\u003c?import javafx.scene.control.SplitPane?\u003e"},{"lineNumber":5,"author":{"gitId":"April0616"},"content":"\u003c?import javafx.scene.image.ImageView?\u003e"},{"lineNumber":6,"author":{"gitId":"-"},"content":"\u003c?import javafx.scene.layout.AnchorPane?\u003e"},{"lineNumber":7,"author":{"gitId":"-"},"content":"\u003c?import javafx.scene.layout.HBox?\u003e"},{"lineNumber":8,"author":{"gitId":"-"},"content":"\u003c?import javafx.scene.layout.StackPane?\u003e"},{"lineNumber":9,"author":{"gitId":"-"},"content":"\u003c?import javafx.scene.layout.VBox?\u003e"},{"lineNumber":10,"author":{"gitId":"April0616"},"content":""},{"lineNumber":11,"author":{"gitId":"-"},"content":"\u003c!-- @@author zacharytang --\u003e"},{"lineNumber":12,"author":{"gitId":"-"},"content":"\u003cStackPane styleClass\u003d\"info-panel\" xmlns\u003d\"http://javafx.com/javafx/8\" xmlns:fx\u003d\"http://javafx.com/fxml/1\"\u003e"},{"lineNumber":13,"author":{"gitId":"nbr"},"content":"    \u003c!--Edit dividerPositions below to adjust vertical divider position between the person info and the timetable area --\u003e"},{"lineNumber":14,"author":{"gitId":"nbr"},"content":"    \u003cSplitPane dividerPositions\u003d\"0.3\" orientation\u003d\"VERTICAL\"\u003e"},{"lineNumber":15,"author":{"gitId":"-"},"content":"        \u003cAnchorPane\u003e"},{"lineNumber":16,"author":{"gitId":"nbr"},"content":"            \u003c!--Edit dividerPositions below to adjust the divider position between the person photo and the person details--\u003e"},{"lineNumber":17,"author":{"gitId":"April0616"},"content":"            \u003cSplitPane dividerPositions\u003d\"0.48333333333333334\" AnchorPane.bottomAnchor\u003d\"0.0\" AnchorPane.leftAnchor\u003d\"0.0\" AnchorPane.rightAnchor\u003d\"0.0\" AnchorPane.topAnchor\u003d\"0.0\"\u003e"},{"lineNumber":18,"author":{"gitId":"April0616"},"content":"                \u003cAnchorPane fx:id\u003d\"contactPhotoPane\" minHeight\u003d\"0.0\" minWidth\u003d\"0.0\" styleClass\u003d\"info-name-cell\"\u003e"},{"lineNumber":19,"author":{"gitId":"April0616"},"content":"               \u003cchildren\u003e"},{"lineNumber":20,"author":{"gitId":"April0616"},"content":"                  \u003cImageView fx:id\u003d\"contactPhoto\" layoutX\u003d\"1.0\" layoutY\u003d\"-1.0\" pickOnBounds\u003d\"true\" preserveRatio\u003d\"true\" AnchorPane.bottomAnchor\u003d\"0.0\" AnchorPane.leftAnchor\u003d\"0.0\" AnchorPane.rightAnchor\u003d\"0.0\" AnchorPane.topAnchor\u003d\"0.0\"\u003e"},{"lineNumber":21,"author":{"gitId":"April0616"},"content":""},{"lineNumber":22,"author":{"gitId":"April0616"},"content":"                  \u003c/ImageView\u003e"},{"lineNumber":23,"author":{"gitId":"April0616"},"content":"               \u003c/children\u003e\u003c/AnchorPane\u003e"},{"lineNumber":24,"author":{"gitId":"April0616"},"content":""},{"lineNumber":25,"author":{"gitId":"-"},"content":"                \u003cAnchorPane minHeight\u003d\"0.0\" minWidth\u003d\"0.0\" styleClass\u003d\"info-cell\"\u003e"},{"lineNumber":26,"author":{"gitId":"-"},"content":"                    \u003cVBox alignment\u003d\"CENTER_LEFT\" AnchorPane.bottomAnchor\u003d\"0.0\" AnchorPane.leftAnchor\u003d\"20.0\" AnchorPane.rightAnchor\u003d\"0.0\" AnchorPane.topAnchor\u003d\"0.0\"\u003e"},{"lineNumber":27,"author":{"gitId":"April0616"},"content":"                        \u003cHBox alignment\u003d\"CENTER_LEFT\" spacing\u003d\"5\"\u003e"},{"lineNumber":28,"author":{"gitId":"April0616"},"content":"                            \u003cLabel styleClass\u003d\"display_small_label\" text\u003d\"Name:\" /\u003e"},{"lineNumber":29,"author":{"gitId":"April0616"},"content":"                            \u003cLabel fx:id\u003d\"name\" styleClass\u003d\"display_small_value\" text\u003d\"\\$name\" /\u003e"},{"lineNumber":30,"author":{"gitId":"April0616"},"content":"                        \u003c/HBox\u003e"},{"lineNumber":31,"author":{"gitId":"-"},"content":"                        \u003cHBox alignment\u003d\"CENTER_LEFT\" spacing\u003d\"5\"\u003e"},{"lineNumber":32,"author":{"gitId":"-"},"content":"                            \u003cLabel styleClass\u003d\"display_small_label\" text\u003d\"Gender:\" /\u003e"},{"lineNumber":33,"author":{"gitId":"-"},"content":"                            \u003cLabel fx:id\u003d\"gender\" styleClass\u003d\"display_small_value\" text\u003d\"\\$gender\" /\u003e"},{"lineNumber":34,"author":{"gitId":"-"},"content":"                        \u003c/HBox\u003e"},{"lineNumber":35,"author":{"gitId":"-"},"content":"                        \u003cHBox alignment\u003d\"CENTER_LEFT\" spacing\u003d\"5\"\u003e"},{"lineNumber":36,"author":{"gitId":"-"},"content":"                            \u003cLabel styleClass\u003d\"display_small_label\" text\u003d\"Matriculation No:\" /\u003e"},{"lineNumber":37,"author":{"gitId":"-"},"content":"                            \u003cLabel fx:id\u003d\"matricNo\" styleClass\u003d\"display_small_value\" text\u003d\"\\$matricNo\" /\u003e"},{"lineNumber":38,"author":{"gitId":"-"},"content":"                        \u003c/HBox\u003e"},{"lineNumber":39,"author":{"gitId":"-"},"content":"                        \u003cHBox alignment\u003d\"CENTER_LEFT\" spacing\u003d\"5\"\u003e"},{"lineNumber":40,"author":{"gitId":"-"},"content":"                            \u003cLabel styleClass\u003d\"display_small_label\" text\u003d\"Phone No:\" /\u003e"},{"lineNumber":41,"author":{"gitId":"-"},"content":"                            \u003cLabel fx:id\u003d\"phone\" styleClass\u003d\"display_small_value\" text\u003d\"\\$phone\" /\u003e"},{"lineNumber":42,"author":{"gitId":"-"},"content":"                        \u003c/HBox\u003e"},{"lineNumber":43,"author":{"gitId":"-"},"content":"                        \u003cHBox alignment\u003d\"CENTER_LEFT\" spacing\u003d\"5\"\u003e"},{"lineNumber":44,"author":{"gitId":"-"},"content":"                            \u003cLabel styleClass\u003d\"display_small_label\" text\u003d\"Address:\" /\u003e"},{"lineNumber":45,"author":{"gitId":"-"},"content":"                            \u003cLabel fx:id\u003d\"address\" styleClass\u003d\"display_small_value\" text\u003d\"\\$address\" /\u003e"},{"lineNumber":46,"author":{"gitId":"-"},"content":"                        \u003c/HBox\u003e"},{"lineNumber":47,"author":{"gitId":"-"},"content":"                        \u003cHBox alignment\u003d\"CENTER_LEFT\" spacing\u003d\"5\"\u003e"},{"lineNumber":48,"author":{"gitId":"-"},"content":"                            \u003cLabel styleClass\u003d\"display_small_label\" text\u003d\"Email:\" /\u003e"},{"lineNumber":49,"author":{"gitId":"-"},"content":"                            \u003cLabel fx:id\u003d\"email\" styleClass\u003d\"display_small_value\" text\u003d\"\\$email\" /\u003e"},{"lineNumber":50,"author":{"gitId":"-"},"content":"                        \u003c/HBox\u003e"},{"lineNumber":51,"author":{"gitId":"-"},"content":"                        \u003cHBox alignment\u003d\"CENTER_LEFT\" spacing\u003d\"5\"\u003e"},{"lineNumber":52,"author":{"gitId":"-"},"content":"                            \u003cLabel styleClass\u003d\"display_small_label\" text\u003d\"Birthday:\" /\u003e"},{"lineNumber":53,"author":{"gitId":"-"},"content":"                            \u003cLabel fx:id\u003d\"birthday\" styleClass\u003d\"display_small_value\" text\u003d\"\\$birthday\" /\u003e"},{"lineNumber":54,"author":{"gitId":"-"},"content":"                        \u003c/HBox\u003e"},{"lineNumber":55,"author":{"gitId":"-"},"content":"                        \u003cHBox alignment\u003d\"CENTER_LEFT\" spacing\u003d\"5\"\u003e"},{"lineNumber":56,"author":{"gitId":"-"},"content":"                            \u003cLabel styleClass\u003d\"display_small_label\" text\u003d\"Remark:\" /\u003e"},{"lineNumber":57,"author":{"gitId":"-"},"content":"                            \u003cLabel fx:id\u003d\"remark\" styleClass\u003d\"display_small_value\" text\u003d\"\\$remark\" /\u003e"},{"lineNumber":58,"author":{"gitId":"-"},"content":"                        \u003c/HBox\u003e"},{"lineNumber":59,"author":{"gitId":"-"},"content":"                    \u003c/VBox\u003e"},{"lineNumber":60,"author":{"gitId":"-"},"content":"                \u003c/AnchorPane\u003e"},{"lineNumber":61,"author":{"gitId":"-"},"content":"            \u003c/SplitPane\u003e"},{"lineNumber":62,"author":{"gitId":"-"},"content":"        \u003c/AnchorPane\u003e"},{"lineNumber":63,"author":{"gitId":"-"},"content":"        \u003cAnchorPane fx:id\u003d\"timetablePlaceholder\" /\u003e"},{"lineNumber":64,"author":{"gitId":"-"},"content":"    \u003c/SplitPane\u003e"},{"lineNumber":65,"author":{"gitId":"-"},"content":"\u003c/StackPane\u003e"}],"authorContributionMap":{"April0616":14,"-":48,"nbr":3}},{"path":"src/main/resources/view/PersonListCard.fxml","fileType":"fxml","lines":[{"lineNumber":1,"author":{"gitId":"-"},"content":"\u003c?xml version\u003d\"1.0\" encoding\u003d\"UTF-8\"?\u003e"},{"lineNumber":2,"author":{"gitId":"-"},"content":""},{"lineNumber":3,"author":{"gitId":"-"},"content":"\u003c?import javafx.geometry.Insets?\u003e"},{"lineNumber":4,"author":{"gitId":"-"},"content":"\u003c?import javafx.scene.control.Label?\u003e"},{"lineNumber":5,"author":{"gitId":"-"},"content":"\u003c?import javafx.scene.layout.ColumnConstraints?\u003e"},{"lineNumber":6,"author":{"gitId":"-"},"content":"\u003c?import javafx.scene.layout.FlowPane?\u003e"},{"lineNumber":7,"author":{"gitId":"-"},"content":"\u003c?import javafx.scene.layout.GridPane?\u003e"},{"lineNumber":8,"author":{"gitId":"-"},"content":"\u003c?import javafx.scene.layout.HBox?\u003e"},{"lineNumber":9,"author":{"gitId":"-"},"content":"\u003c?import javafx.scene.layout.Region?\u003e"},{"lineNumber":10,"author":{"gitId":"-"},"content":"\u003c?import javafx.scene.layout.VBox?\u003e"},{"lineNumber":11,"author":{"gitId":"-"},"content":""},{"lineNumber":12,"author":{"gitId":"-"},"content":"\u003cHBox id\u003d\"cardPane\" fx:id\u003d\"cardPane\" xmlns\u003d\"http://javafx.com/javafx/8\" xmlns:fx\u003d\"http://javafx.com/fxml/1\"\u003e"},{"lineNumber":13,"author":{"gitId":"-"},"content":"  \u003cGridPane HBox.hgrow\u003d\"ALWAYS\"\u003e"},{"lineNumber":14,"author":{"gitId":"-"},"content":"    \u003ccolumnConstraints\u003e"},{"lineNumber":15,"author":{"gitId":"-"},"content":"      \u003cColumnConstraints hgrow\u003d\"SOMETIMES\" minWidth\u003d\"10\" prefWidth\u003d\"150\" /\u003e"},{"lineNumber":16,"author":{"gitId":"-"},"content":"    \u003c/columnConstraints\u003e"},{"lineNumber":17,"author":{"gitId":"-"},"content":"    \u003cVBox alignment\u003d\"CENTER_LEFT\" minHeight\u003d\"105\" GridPane.columnIndex\u003d\"0\"\u003e"},{"lineNumber":18,"author":{"gitId":"-"},"content":"      \u003cpadding\u003e"},{"lineNumber":19,"author":{"gitId":"-"},"content":"        \u003cInsets top\u003d\"5\" right\u003d\"5\" bottom\u003d\"5\" left\u003d\"15\" /\u003e"},{"lineNumber":20,"author":{"gitId":"-"},"content":"      \u003c/padding\u003e"},{"lineNumber":21,"author":{"gitId":"-"},"content":"      \u003cHBox spacing\u003d\"5\" alignment\u003d\"CENTER_LEFT\"\u003e"},{"lineNumber":22,"author":{"gitId":"-"},"content":"        \u003cLabel fx:id\u003d\"id\" styleClass\u003d\"cell_big_label\"\u003e"},{"lineNumber":23,"author":{"gitId":"-"},"content":"          \u003cminWidth\u003e"},{"lineNumber":24,"author":{"gitId":"-"},"content":"            \u003c!-- Ensures that the label text is never truncated --\u003e"},{"lineNumber":25,"author":{"gitId":"-"},"content":"            \u003cRegion fx:constant\u003d\"USE_PREF_SIZE\" /\u003e"},{"lineNumber":26,"author":{"gitId":"-"},"content":"          \u003c/minWidth\u003e"},{"lineNumber":27,"author":{"gitId":"-"},"content":"        \u003c/Label\u003e"},{"lineNumber":28,"author":{"gitId":"-"},"content":"        \u003cLabel fx:id\u003d\"name\" text\u003d\"\\$first\" styleClass\u003d\"cell_big_label\" /\u003e"},{"lineNumber":29,"author":{"gitId":"-"},"content":"      \u003c/HBox\u003e"},{"lineNumber":30,"author":{"gitId":"-"},"content":"      \u003cFlowPane fx:id\u003d\"tags\" /\u003e"},{"lineNumber":31,"author":{"gitId":"April0616"},"content":"      \u003cLabel fx:id\u003d\"gender\" styleClass\u003d\"cell_small_label\" text\u003d\"\\$gender\" /\u003e"},{"lineNumber":32,"author":{"gitId":"April0616"},"content":"      \u003cLabel fx:id\u003d\"matricNo\" styleClass\u003d\"cell_small_label\" text\u003d\"\\$matricNo\" /\u003e"},{"lineNumber":33,"author":{"gitId":"-"},"content":"      \u003cLabel fx:id\u003d\"phone\" styleClass\u003d\"cell_small_label\" text\u003d\"\\$phone\" /\u003e"},{"lineNumber":34,"author":{"gitId":"-"},"content":"      \u003cLabel fx:id\u003d\"address\" styleClass\u003d\"cell_small_label\" text\u003d\"\\$address\" /\u003e"},{"lineNumber":35,"author":{"gitId":"-"},"content":"      \u003cLabel fx:id\u003d\"email\" styleClass\u003d\"cell_small_label\" text\u003d\"\\$email\" /\u003e"},{"lineNumber":36,"author":{"gitId":"CindyTsai1"},"content":"      \u003cLabel fx:id\u003d\"birthday\" styleClass\u003d\"cell_small_label\" text\u003d\"\\$birthday\" /\u003e"},{"lineNumber":37,"author":{"gitId":"-"},"content":"      \u003cLabel fx:id\u003d\"timetable\" styleClass\u003d\"cell_small_label\" text\u003d\"\\$timetable\" /\u003e"},{"lineNumber":38,"author":{"gitId":"April0616"},"content":"      \u003cLabel fx:id\u003d\"remark\" styleClass\u003d\"cell_small_label\" text\u003d\"\\$remark\" /\u003e"},{"lineNumber":39,"author":{"gitId":"April0616"},"content":"      \u003cLabel fx:id\u003d\"photoPath\" styleClass\u003d\"cell_small_label\" text\u003d\"\\$photoPath\" /\u003e"},{"lineNumber":40,"author":{"gitId":"-"},"content":"    \u003c/VBox\u003e"},{"lineNumber":41,"author":{"gitId":"-"},"content":"  \u003c/GridPane\u003e"},{"lineNumber":42,"author":{"gitId":"-"},"content":"\u003c/HBox\u003e"}],"authorContributionMap":{"CindyTsai1":1,"April0616":4,"-":37}},{"path":"src/main/resources/view/TagListPanel.fxml","fileType":"fxml","lines":[{"lineNumber":1,"author":{"gitId":"nbr"},"content":"\u003c?xml version\u003d\"1.0\" encoding\u003d\"UTF-8\"?\u003e"},{"lineNumber":2,"author":{"gitId":"nbr"},"content":""},{"lineNumber":3,"author":{"gitId":"-"},"content":"\u003c!-- @@author nbriannl --\u003e"},{"lineNumber":4,"author":{"gitId":"-"},"content":"\u003c?import javafx.geometry.Insets?\u003e"},{"lineNumber":5,"author":{"gitId":"-"},"content":"\u003c?import javafx.scene.layout.ColumnConstraints?\u003e"},{"lineNumber":6,"author":{"gitId":"-"},"content":"\u003c?import javafx.scene.layout.FlowPane?\u003e"},{"lineNumber":7,"author":{"gitId":"-"},"content":"\u003c?import javafx.scene.layout.GridPane?\u003e"},{"lineNumber":8,"author":{"gitId":"-"},"content":"\u003c?import javafx.scene.layout.HBox?\u003e"},{"lineNumber":9,"author":{"gitId":"-"},"content":"\u003c?import javafx.scene.layout.RowConstraints?\u003e"},{"lineNumber":10,"author":{"gitId":"-"},"content":"\u003c?import javafx.scene.layout.VBox?\u003e"},{"lineNumber":11,"author":{"gitId":"-"},"content":"\u003cHBox id\u003d\"cardPane\" fx:id\u003d\"cardPane\" xmlns\u003d\"http://javafx.com/javafx/8.0.141\" xmlns:fx\u003d\"http://javafx.com/fxml/1\"\u003e"},{"lineNumber":12,"author":{"gitId":"-"},"content":"  \u003cGridPane HBox.hgrow\u003d\"ALWAYS\"\u003e"},{"lineNumber":13,"author":{"gitId":"-"},"content":"    \u003ccolumnConstraints\u003e"},{"lineNumber":14,"author":{"gitId":"-"},"content":"      \u003cColumnConstraints hgrow\u003d\"SOMETIMES\" minWidth\u003d\"10\" prefWidth\u003d\"150\" /\u003e"},{"lineNumber":15,"author":{"gitId":"-"},"content":"    \u003c/columnConstraints\u003e"},{"lineNumber":16,"author":{"gitId":"-"},"content":"    \u003cVBox alignment\u003d\"CENTER_LEFT\" minHeight\u003d\"105\" GridPane.columnIndex\u003d\"0\"\u003e"},{"lineNumber":17,"author":{"gitId":"-"},"content":"      \u003cpadding\u003e"},{"lineNumber":18,"author":{"gitId":"-"},"content":"        \u003cInsets bottom\u003d\"5\" left\u003d\"15\" right\u003d\"5\" top\u003d\"5\" /\u003e"},{"lineNumber":19,"author":{"gitId":"-"},"content":"      \u003c/padding\u003e"},{"lineNumber":20,"author":{"gitId":"-"},"content":"      \u003cFlowPane fx:id\u003d\"tags\" /\u003e"},{"lineNumber":21,"author":{"gitId":"-"},"content":"    \u003c/VBox\u003e"},{"lineNumber":22,"author":{"gitId":"-"},"content":"      \u003crowConstraints\u003e"},{"lineNumber":23,"author":{"gitId":"-"},"content":"         \u003cRowConstraints /\u003e"},{"lineNumber":24,"author":{"gitId":"-"},"content":"      \u003c/rowConstraints\u003e"},{"lineNumber":25,"author":{"gitId":"-"},"content":"  \u003c/GridPane\u003e"},{"lineNumber":26,"author":{"gitId":"-"},"content":"\u003c/HBox\u003e"}],"authorContributionMap":{"-":24,"nbr":2}}]
