{
  "authorDailyContributionsMap": {
    "zacharytang": [],
    "CindyTsai1": [
      {
        "insertions": 1,
        "deletions": 0,
        "date": "2017-10-19",
        "commitResults": [
          {
            "hash": "f45960b264a6c550d98137cebe7cea9bb78fdfcd",
            "messageTitle": "Birthday feature: update person related files",
            "messageBody": "",
            "insertions": 1,
            "deletions": 0
          }
        ]
      }
    ],
    "April0616": [
      {
        "insertions": 1,
        "deletions": 0,
        "date": "2017-10-09",
        "commitResults": [
          {
            "hash": "38c72663ef5e8cca0485d44f7462605c162dea00",
            "messageTitle": "Add a remark Label inside PersonListCard.fxml",
            "messageBody": "",
            "insertions": 1,
            "deletions": 0
          }
        ]
      },
      {
        "insertions": 3,
        "deletions": 1,
        "date": "2017-10-16",
        "commitResults": [
          {
            "hash": "a460e24bc1b94d009cb572dc920f35cd73c4ee11",
            "messageTitle": "UI: update PersonListCard.fxml",
            "messageBody": "",
            "insertions": 2,
            "deletions": 0
          },
          {
            "hash": "b4b51938c691351888e0b31646633eed30bebe14",
            "messageTitle": "UI: update PersonCard.java",
            "messageBody": "",
            "insertions": 1,
            "deletions": 1
          }
        ]
      },
      {
        "insertions": 18,
        "deletions": 7,
        "date": "2017-10-31",
        "commitResults": [
          {
            "hash": "92c52cb47919fa380702819b1beab5a61487802e",
            "messageTitle": "update ui",
            "messageBody": "",
            "insertions": 1,
            "deletions": 0
          },
          {
            "hash": "502d5209fb64385e737f9c6e3bcb3977a280b1ae",
            "messageTitle": "display contactPhotos",
            "messageBody": "",
            "insertions": 11,
            "deletions": 3
          },
          {
            "hash": "9df7233b80e05dd29b0af9a8635a83797714bce0",
            "messageTitle": "adjust UI settings",
            "messageBody": "",
            "insertions": 6,
            "deletions": 4
          }
        ]
      }
    ],
    "nbr": [
      {
        "insertions": 42,
        "deletions": 13,
        "date": "2017-10-29",
        "commitResults": [
          {
            "hash": "e933821b0afb269faf27dd45845976656b622493",
            "messageTitle": "\"UI: Add TagListPanel\"",
            "messageBody": "",
            "insertions": 40,
            "deletions": 11
          },
          {
            "hash": "f5c11947217f64965da86531f9dd67dd3e62f29d",
            "messageTitle": "\"Modified panel dimensions\"",
            "messageBody": "",
            "insertions": 2,
            "deletions": 2
          }
        ]
      },
      {
        "insertions": 4,
        "deletions": 3,
        "date": "2017-10-30",
        "commitResults": [
          {
            "hash": "93191db48eb5aa2f97d765cdf736c68c85fc0ae4",
            "messageTitle": "\"Added comments to indicate which values to change to modify UI\"",
            "messageBody": "",
            "insertions": 4,
            "deletions": 3
          }
        ]
      },
      {
        "insertions": 3,
        "deletions": 0,
        "date": "2017-10-31",
        "commitResults": [
          {
            "hash": "053319c3d8cd5d26424b6ac69d51f3c03e262215",
            "messageTitle": "Collate code for v1.4",
            "messageBody": "",
            "insertions": 3,
            "deletions": 0
          }
        ]
      }
    ]
  },
  "authorFinalContributionMap": {
    "zacharytang": 0,
    "CindyTsai1": 1,
    "April0616": 19,
    "nbr": 15
  },
  "authorFileTypeContributionMap": {
    "zacharytang": {
      "fxml": 0
    },
    "CindyTsai1": {
      "fxml": 1
    },
    "April0616": {
      "fxml": 19
    },
    "nbr": {
      "fxml": 15
    }
  },
  "authorContributionVariance": {
    "zacharytang": 0.0,
    "CindyTsai1": 0.031217482,
    "April0616": 19.773153,
    "nbr": 95.055145
  },
  "authorDisplayNameMap": {
    "zacharytang": "Yagami Rukei Polland",
    "CindyTsai1": "Ravind s/o Ramesh",
    "April0616": "2805Tagoe",
    "nbr": "Ashwin Mukadaan Singhania, Rathod"
  }
}
