{
  "authorWeeklyIntervalContributions": {
    "charlesgoh": [
      {
        "insertions": 0,
        "deletions": 0,
        "sinceDate": "2017-09-01",
        "untilDate": "2017-09-08"
      },
      {
        "insertions": 0,
        "deletions": 0,
        "sinceDate": "2017-09-08",
        "untilDate": "2017-09-15"
      },
      {
        "insertions": 0,
        "deletions": 0,
        "sinceDate": "2017-09-15",
        "untilDate": "2017-09-22"
      },
      {
        "insertions": 0,
        "deletions": 0,
        "sinceDate": "2017-09-22",
        "untilDate": "2017-09-29"
      },
      {
        "insertions": 536,
        "deletions": 145,
        "sinceDate": "2017-09-29",
        "untilDate": "2017-10-06"
      },
      {
        "insertions": 74,
        "deletions": 115,
        "sinceDate": "2017-10-06",
        "untilDate": "2017-10-13"
      },
      {
        "insertions": 248,
        "deletions": 69,
        "sinceDate": "2017-10-13",
        "untilDate": "2017-10-20"
      },
      {
        "insertions": 576,
        "deletions": 174,
        "sinceDate": "2017-10-20",
        "untilDate": "2017-10-27"
      },
      {
        "insertions": 427,
        "deletions": 303,
        "sinceDate": "2017-10-27",
        "untilDate": "2017-11-03"
      }
    ],
    "jeffreygohkw": [
      {
        "insertions": 0,
        "deletions": 0,
        "sinceDate": "2017-09-01",
        "untilDate": "2017-09-08"
      },
      {
        "insertions": 0,
        "deletions": 0,
        "sinceDate": "2017-09-08",
        "untilDate": "2017-09-15"
      },
      {
        "insertions": 0,
        "deletions": 0,
        "sinceDate": "2017-09-15",
        "untilDate": "2017-09-22"
      },
      {
        "insertions": 0,
        "deletions": 0,
        "sinceDate": "2017-09-22",
        "untilDate": "2017-09-29"
      },
      {
        "insertions": 152,
        "deletions": 15,
        "sinceDate": "2017-09-29",
        "untilDate": "2017-10-06"
      },
      {
        "insertions": 274,
        "deletions": 44,
        "sinceDate": "2017-10-06",
        "untilDate": "2017-10-13"
      },
      {
        "insertions": 680,
        "deletions": 124,
        "sinceDate": "2017-10-13",
        "untilDate": "2017-10-20"
      },
      {
        "insertions": 950,
        "deletions": 229,
        "sinceDate": "2017-10-20",
        "untilDate": "2017-10-27"
      },
      {
        "insertions": 879,
        "deletions": 482,
        "sinceDate": "2017-10-27",
        "untilDate": "2017-11-03"
      }
    ],
    "Esilocke": [
      {
        "insertions": 0,
        "deletions": 0,
        "sinceDate": "2017-09-01",
        "untilDate": "2017-09-08"
      },
      {
        "insertions": 0,
        "deletions": 0,
        "sinceDate": "2017-09-08",
        "untilDate": "2017-09-15"
      },
      {
        "insertions": 0,
        "deletions": 0,
        "sinceDate": "2017-09-15",
        "untilDate": "2017-09-22"
      },
      {
        "insertions": 0,
        "deletions": 0,
        "sinceDate": "2017-09-22",
        "untilDate": "2017-09-29"
      },
      {
        "insertions": 147,
        "deletions": 47,
        "sinceDate": "2017-09-29",
        "untilDate": "2017-10-06"
      },
      {
        "insertions": 665,
        "deletions": 82,
        "sinceDate": "2017-10-06",
        "untilDate": "2017-10-13"
      },
      {
        "insertions": 289,
        "deletions": 13,
        "sinceDate": "2017-10-13",
        "untilDate": "2017-10-20"
      },
      {
        "insertions": 2306,
        "deletions": 453,
        "sinceDate": "2017-10-20",
        "untilDate": "2017-10-27"
      },
      {
        "insertions": 463,
        "deletions": 77,
        "sinceDate": "2017-10-27",
        "untilDate": "2017-11-03"
      }
    ],
    "wangyiming1019": [
      {
        "insertions": 0,
        "deletions": 0,
        "sinceDate": "2017-09-01",
        "untilDate": "2017-09-08"
      },
      {
        "insertions": 0,
        "deletions": 0,
        "sinceDate": "2017-09-08",
        "untilDate": "2017-09-15"
      },
      {
        "insertions": 0,
        "deletions": 0,
        "sinceDate": "2017-09-15",
        "untilDate": "2017-09-22"
      },
      {
        "insertions": 0,
        "deletions": 0,
        "sinceDate": "2017-09-22",
        "untilDate": "2017-09-29"
      },
      {
        "insertions": 41,
        "deletions": 21,
        "sinceDate": "2017-09-29",
        "untilDate": "2017-10-06"
      },
      {
        "insertions": 410,
        "deletions": 141,
        "sinceDate": "2017-10-06",
        "untilDate": "2017-10-13"
      },
      {
        "insertions": 685,
        "deletions": 218,
        "sinceDate": "2017-10-13",
        "untilDate": "2017-10-20"
      },
      {
        "insertions": 1870,
        "deletions": 728,
        "sinceDate": "2017-10-20",
        "untilDate": "2017-10-27"
      },
      {
        "insertions": 835,
        "deletions": 464,
        "sinceDate": "2017-10-27",
        "untilDate": "2017-11-03"
      }
    ]
  },
  "authorDailyIntervalContributions": {
    "charlesgoh": [
      {
        "insertions": 0,
        "deletions": 0,
        "sinceDate": "2017-09-01",
        "untilDate": "2017-09-02"
      },
      {
        "insertions": 0,
        "deletions": 0,
        "sinceDate": "2017-09-02",
        "untilDate": "2017-09-03"
      },
      {
        "insertions": 0,
        "deletions": 0,
        "sinceDate": "2017-09-03",
        "untilDate": "2017-09-04"
      },
      {
        "insertions": 0,
        "deletions": 0,
        "sinceDate": "2017-09-04",
        "untilDate": "2017-09-05"
      },
      {
        "insertions": 0,
        "deletions": 0,
        "sinceDate": "2017-09-05",
        "untilDate": "2017-09-06"
      },
      {
        "insertions": 0,
        "deletions": 0,
        "sinceDate": "2017-09-06",
        "untilDate": "2017-09-07"
      },
      {
        "insertions": 0,
        "deletions": 0,
        "sinceDate": "2017-09-07",
        "untilDate": "2017-09-08"
      },
      {
        "insertions": 0,
        "deletions": 0,
        "sinceDate": "2017-09-08",
        "untilDate": "2017-09-09"
      },
      {
        "insertions": 0,
        "deletions": 0,
        "sinceDate": "2017-09-09",
        "untilDate": "2017-09-10"
      },
      {
        "insertions": 0,
        "deletions": 0,
        "sinceDate": "2017-09-10",
        "untilDate": "2017-09-11"
      },
      {
        "insertions": 0,
        "deletions": 0,
        "sinceDate": "2017-09-11",
        "untilDate": "2017-09-12"
      },
      {
        "insertions": 0,
        "deletions": 0,
        "sinceDate": "2017-09-12",
        "untilDate": "2017-09-13"
      },
      {
        "insertions": 0,
        "deletions": 0,
        "sinceDate": "2017-09-13",
        "untilDate": "2017-09-14"
      },
      {
        "insertions": 0,
        "deletions": 0,
        "sinceDate": "2017-09-14",
        "untilDate": "2017-09-15"
      },
      {
        "insertions": 0,
        "deletions": 0,
        "sinceDate": "2017-09-15",
        "untilDate": "2017-09-16"
      },
      {
        "insertions": 0,
        "deletions": 0,
        "sinceDate": "2017-09-16",
        "untilDate": "2017-09-17"
      },
      {
        "insertions": 0,
        "deletions": 0,
        "sinceDate": "2017-09-17",
        "untilDate": "2017-09-18"
      },
      {
        "insertions": 0,
        "deletions": 0,
        "sinceDate": "2017-09-18",
        "untilDate": "2017-09-19"
      },
      {
        "insertions": 0,
        "deletions": 0,
        "sinceDate": "2017-09-19",
        "untilDate": "2017-09-20"
      },
      {
        "insertions": 0,
        "deletions": 0,
        "sinceDate": "2017-09-20",
        "untilDate": "2017-09-21"
      },
      {
        "insertions": 0,
        "deletions": 0,
        "sinceDate": "2017-09-21",
        "untilDate": "2017-09-22"
      },
      {
        "insertions": 0,
        "deletions": 0,
        "sinceDate": "2017-09-22",
        "untilDate": "2017-09-23"
      },
      {
        "insertions": 0,
        "deletions": 0,
        "sinceDate": "2017-09-23",
        "untilDate": "2017-09-24"
      },
      {
        "insertions": 0,
        "deletions": 0,
        "sinceDate": "2017-09-24",
        "untilDate": "2017-09-25"
      },
      {
        "insertions": 0,
        "deletions": 0,
        "sinceDate": "2017-09-25",
        "untilDate": "2017-09-26"
      },
      {
        "insertions": 0,
        "deletions": 0,
        "sinceDate": "2017-09-26",
        "untilDate": "2017-09-27"
      },
      {
        "insertions": 0,
        "deletions": 0,
        "sinceDate": "2017-09-27",
        "untilDate": "2017-09-28"
      },
      {
        "insertions": 0,
        "deletions": 0,
        "sinceDate": "2017-09-28",
        "untilDate": "2017-09-29"
      },
      {
        "insertions": 0,
        "deletions": 0,
        "sinceDate": "2017-09-29",
        "untilDate": "2017-09-30"
      },
      {
        "insertions": 57,
        "deletions": 0,
        "sinceDate": "2017-09-30",
        "untilDate": "2017-10-01"
      },
      {
        "insertions": 408,
        "deletions": 96,
        "sinceDate": "2017-10-01",
        "untilDate": "2017-10-02"
      },
      {
        "insertions": 3,
        "deletions": 3,
        "sinceDate": "2017-10-02",
        "untilDate": "2017-10-03"
      },
      {
        "insertions": 0,
        "deletions": 0,
        "sinceDate": "2017-10-03",
        "untilDate": "2017-10-04"
      },
      {
        "insertions": 68,
        "deletions": 46,
        "sinceDate": "2017-10-04",
        "untilDate": "2017-10-05"
      },
      {
        "insertions": 0,
        "deletions": 0,
        "sinceDate": "2017-10-05",
        "untilDate": "2017-10-06"
      },
      {
        "insertions": 0,
        "deletions": 0,
        "sinceDate": "2017-10-06",
        "untilDate": "2017-10-07"
      },
      {
        "insertions": 7,
        "deletions": 45,
        "sinceDate": "2017-10-07",
        "untilDate": "2017-10-08"
      },
      {
        "insertions": 0,
        "deletions": 0,
        "sinceDate": "2017-10-08",
        "untilDate": "2017-10-09"
      },
      {
        "insertions": 22,
        "deletions": 30,
        "sinceDate": "2017-10-09",
        "untilDate": "2017-10-10"
      },
      {
        "insertions": 17,
        "deletions": 6,
        "sinceDate": "2017-10-10",
        "untilDate": "2017-10-11"
      },
      {
        "insertions": 28,
        "deletions": 34,
        "sinceDate": "2017-10-11",
        "untilDate": "2017-10-12"
      },
      {
        "insertions": 0,
        "deletions": 0,
        "sinceDate": "2017-10-12",
        "untilDate": "2017-10-13"
      },
      {
        "insertions": 0,
        "deletions": 0,
        "sinceDate": "2017-10-13",
        "untilDate": "2017-10-14"
      },
      {
        "insertions": 0,
        "deletions": 0,
        "sinceDate": "2017-10-14",
        "untilDate": "2017-10-15"
      },
      {
        "insertions": 90,
        "deletions": 3,
        "sinceDate": "2017-10-15",
        "untilDate": "2017-10-16"
      },
      {
        "insertions": 0,
        "deletions": 0,
        "sinceDate": "2017-10-16",
        "untilDate": "2017-10-17"
      },
      {
        "insertions": 30,
        "deletions": 3,
        "sinceDate": "2017-10-17",
        "untilDate": "2017-10-18"
      },
      {
        "insertions": 97,
        "deletions": 53,
        "sinceDate": "2017-10-18",
        "untilDate": "2017-10-19"
      },
      {
        "insertions": 31,
        "deletions": 10,
        "sinceDate": "2017-10-19",
        "untilDate": "2017-10-20"
      },
      {
        "insertions": 88,
        "deletions": 9,
        "sinceDate": "2017-10-20",
        "untilDate": "2017-10-21"
      },
      {
        "insertions": 0,
        "deletions": 0,
        "sinceDate": "2017-10-21",
        "untilDate": "2017-10-22"
      },
      {
        "insertions": 270,
        "deletions": 28,
        "sinceDate": "2017-10-22",
        "untilDate": "2017-10-23"
      },
      {
        "insertions": 144,
        "deletions": 75,
        "sinceDate": "2017-10-23",
        "untilDate": "2017-10-24"
      },
      {
        "insertions": 73,
        "deletions": 61,
        "sinceDate": "2017-10-24",
        "untilDate": "2017-10-25"
      },
      {
        "insertions": 1,
        "deletions": 1,
        "sinceDate": "2017-10-25",
        "untilDate": "2017-10-26"
      },
      {
        "insertions": 0,
        "deletions": 0,
        "sinceDate": "2017-10-26",
        "untilDate": "2017-10-27"
      },
      {
        "insertions": 0,
        "deletions": 0,
        "sinceDate": "2017-10-27",
        "untilDate": "2017-10-28"
      },
      {
        "insertions": 29,
        "deletions": 29,
        "sinceDate": "2017-10-28",
        "untilDate": "2017-10-29"
      },
      {
        "insertions": 216,
        "deletions": 69,
        "sinceDate": "2017-10-29",
        "untilDate": "2017-10-30"
      },
      {
        "insertions": 182,
        "deletions": 205,
        "sinceDate": "2017-10-30",
        "untilDate": "2017-10-31"
      }
    ],
    "jeffreygohkw": [
      {
        "insertions": 0,
        "deletions": 0,
        "sinceDate": "2017-09-01",
        "untilDate": "2017-09-02"
      },
      {
        "insertions": 0,
        "deletions": 0,
        "sinceDate": "2017-09-02",
        "untilDate": "2017-09-03"
      },
      {
        "insertions": 0,
        "deletions": 0,
        "sinceDate": "2017-09-03",
        "untilDate": "2017-09-04"
      },
      {
        "insertions": 0,
        "deletions": 0,
        "sinceDate": "2017-09-04",
        "untilDate": "2017-09-05"
      },
      {
        "insertions": 0,
        "deletions": 0,
        "sinceDate": "2017-09-05",
        "untilDate": "2017-09-06"
      },
      {
        "insertions": 0,
        "deletions": 0,
        "sinceDate": "2017-09-06",
        "untilDate": "2017-09-07"
      },
      {
        "insertions": 0,
        "deletions": 0,
        "sinceDate": "2017-09-07",
        "untilDate": "2017-09-08"
      },
      {
        "insertions": 0,
        "deletions": 0,
        "sinceDate": "2017-09-08",
        "untilDate": "2017-09-09"
      },
      {
        "insertions": 0,
        "deletions": 0,
        "sinceDate": "2017-09-09",
        "untilDate": "2017-09-10"
      },
      {
        "insertions": 0,
        "deletions": 0,
        "sinceDate": "2017-09-10",
        "untilDate": "2017-09-11"
      },
      {
        "insertions": 0,
        "deletions": 0,
        "sinceDate": "2017-09-11",
        "untilDate": "2017-09-12"
      },
      {
        "insertions": 0,
        "deletions": 0,
        "sinceDate": "2017-09-12",
        "untilDate": "2017-09-13"
      },
      {
        "insertions": 0,
        "deletions": 0,
        "sinceDate": "2017-09-13",
        "untilDate": "2017-09-14"
      },
      {
        "insertions": 0,
        "deletions": 0,
        "sinceDate": "2017-09-14",
        "untilDate": "2017-09-15"
      },
      {
        "insertions": 0,
        "deletions": 0,
        "sinceDate": "2017-09-15",
        "untilDate": "2017-09-16"
      },
      {
        "insertions": 0,
        "deletions": 0,
        "sinceDate": "2017-09-16",
        "untilDate": "2017-09-17"
      },
      {
        "insertions": 0,
        "deletions": 0,
        "sinceDate": "2017-09-17",
        "untilDate": "2017-09-18"
      },
      {
        "insertions": 0,
        "deletions": 0,
        "sinceDate": "2017-09-18",
        "untilDate": "2017-09-19"
      },
      {
        "insertions": 0,
        "deletions": 0,
        "sinceDate": "2017-09-19",
        "untilDate": "2017-09-20"
      },
      {
        "insertions": 0,
        "deletions": 0,
        "sinceDate": "2017-09-20",
        "untilDate": "2017-09-21"
      },
      {
        "insertions": 0,
        "deletions": 0,
        "sinceDate": "2017-09-21",
        "untilDate": "2017-09-22"
      },
      {
        "insertions": 0,
        "deletions": 0,
        "sinceDate": "2017-09-22",
        "untilDate": "2017-09-23"
      },
      {
        "insertions": 0,
        "deletions": 0,
        "sinceDate": "2017-09-23",
        "untilDate": "2017-09-24"
      },
      {
        "insertions": 0,
        "deletions": 0,
        "sinceDate": "2017-09-24",
        "untilDate": "2017-09-25"
      },
      {
        "insertions": 0,
        "deletions": 0,
        "sinceDate": "2017-09-25",
        "untilDate": "2017-09-26"
      },
      {
        "insertions": 0,
        "deletions": 0,
        "sinceDate": "2017-09-26",
        "untilDate": "2017-09-27"
      },
      {
        "insertions": 0,
        "deletions": 0,
        "sinceDate": "2017-09-27",
        "untilDate": "2017-09-28"
      },
      {
        "insertions": 0,
        "deletions": 0,
        "sinceDate": "2017-09-28",
        "untilDate": "2017-09-29"
      },
      {
        "insertions": 0,
        "deletions": 0,
        "sinceDate": "2017-09-29",
        "untilDate": "2017-09-30"
      },
      {
        "insertions": 0,
        "deletions": 0,
        "sinceDate": "2017-09-30",
        "untilDate": "2017-10-01"
      },
      {
        "insertions": 6,
        "deletions": 7,
        "sinceDate": "2017-10-01",
        "untilDate": "2017-10-02"
      },
      {
        "insertions": 43,
        "deletions": 3,
        "sinceDate": "2017-10-02",
        "untilDate": "2017-10-03"
      },
      {
        "insertions": 46,
        "deletions": 0,
        "sinceDate": "2017-10-03",
        "untilDate": "2017-10-04"
      },
      {
        "insertions": 57,
        "deletions": 5,
        "sinceDate": "2017-10-04",
        "untilDate": "2017-10-05"
      },
      {
        "insertions": 0,
        "deletions": 0,
        "sinceDate": "2017-10-05",
        "untilDate": "2017-10-06"
      },
      {
        "insertions": 0,
        "deletions": 0,
        "sinceDate": "2017-10-06",
        "untilDate": "2017-10-07"
      },
      {
        "insertions": 0,
        "deletions": 0,
        "sinceDate": "2017-10-07",
        "untilDate": "2017-10-08"
      },
      {
        "insertions": 141,
        "deletions": 35,
        "sinceDate": "2017-10-08",
        "untilDate": "2017-10-09"
      },
      {
        "insertions": 1,
        "deletions": 1,
        "sinceDate": "2017-10-09",
        "untilDate": "2017-10-10"
      },
      {
        "insertions": 84,
        "deletions": 3,
        "sinceDate": "2017-10-10",
        "untilDate": "2017-10-11"
      },
      {
        "insertions": 10,
        "deletions": 3,
        "sinceDate": "2017-10-11",
        "untilDate": "2017-10-12"
      },
      {
        "insertions": 38,
        "deletions": 2,
        "sinceDate": "2017-10-12",
        "untilDate": "2017-10-13"
      },
      {
        "insertions": 145,
        "deletions": 40,
        "sinceDate": "2017-10-13",
        "untilDate": "2017-10-14"
      },
      {
        "insertions": 76,
        "deletions": 12,
        "sinceDate": "2017-10-14",
        "untilDate": "2017-10-15"
      },
      {
        "insertions": 254,
        "deletions": 57,
        "sinceDate": "2017-10-15",
        "untilDate": "2017-10-16"
      },
      {
        "insertions": 124,
        "deletions": 15,
        "sinceDate": "2017-10-16",
        "untilDate": "2017-10-17"
      },
      {
        "insertions": 0,
        "deletions": 0,
        "sinceDate": "2017-10-17",
        "untilDate": "2017-10-18"
      },
      {
        "insertions": 0,
        "deletions": 0,
        "sinceDate": "2017-10-18",
        "untilDate": "2017-10-19"
      },
      {
        "insertions": 81,
        "deletions": 0,
        "sinceDate": "2017-10-19",
        "untilDate": "2017-10-20"
      },
      {
        "insertions": 0,
        "deletions": 0,
        "sinceDate": "2017-10-20",
        "untilDate": "2017-10-21"
      },
      {
        "insertions": 44,
        "deletions": 6,
        "sinceDate": "2017-10-21",
        "untilDate": "2017-10-22"
      },
      {
        "insertions": 309,
        "deletions": 111,
        "sinceDate": "2017-10-22",
        "untilDate": "2017-10-23"
      },
      {
        "insertions": 360,
        "deletions": 66,
        "sinceDate": "2017-10-23",
        "untilDate": "2017-10-24"
      },
      {
        "insertions": 209,
        "deletions": 39,
        "sinceDate": "2017-10-24",
        "untilDate": "2017-10-25"
      },
      {
        "insertions": 0,
        "deletions": 0,
        "sinceDate": "2017-10-25",
        "untilDate": "2017-10-26"
      },
      {
        "insertions": 28,
        "deletions": 7,
        "sinceDate": "2017-10-26",
        "untilDate": "2017-10-27"
      },
      {
        "insertions": 0,
        "deletions": 0,
        "sinceDate": "2017-10-27",
        "untilDate": "2017-10-28"
      },
      {
        "insertions": 546,
        "deletions": 61,
        "sinceDate": "2017-10-28",
        "untilDate": "2017-10-29"
      },
      {
        "insertions": 313,
        "deletions": 138,
        "sinceDate": "2017-10-29",
        "untilDate": "2017-10-30"
      },
      {
        "insertions": 20,
        "deletions": 283,
        "sinceDate": "2017-10-30",
        "untilDate": "2017-10-31"
      }
    ],
    "Esilocke": [
      {
        "insertions": 0,
        "deletions": 0,
        "sinceDate": "2017-09-01",
        "untilDate": "2017-09-02"
      },
      {
        "insertions": 0,
        "deletions": 0,
        "sinceDate": "2017-09-02",
        "untilDate": "2017-09-03"
      },
      {
        "insertions": 0,
        "deletions": 0,
        "sinceDate": "2017-09-03",
        "untilDate": "2017-09-04"
      },
      {
        "insertions": 0,
        "deletions": 0,
        "sinceDate": "2017-09-04",
        "untilDate": "2017-09-05"
      },
      {
        "insertions": 0,
        "deletions": 0,
        "sinceDate": "2017-09-05",
        "untilDate": "2017-09-06"
      },
      {
        "insertions": 0,
        "deletions": 0,
        "sinceDate": "2017-09-06",
        "untilDate": "2017-09-07"
      },
      {
        "insertions": 0,
        "deletions": 0,
        "sinceDate": "2017-09-07",
        "untilDate": "2017-09-08"
      },
      {
        "insertions": 0,
        "deletions": 0,
        "sinceDate": "2017-09-08",
        "untilDate": "2017-09-09"
      },
      {
        "insertions": 0,
        "deletions": 0,
        "sinceDate": "2017-09-09",
        "untilDate": "2017-09-10"
      },
      {
        "insertions": 0,
        "deletions": 0,
        "sinceDate": "2017-09-10",
        "untilDate": "2017-09-11"
      },
      {
        "insertions": 0,
        "deletions": 0,
        "sinceDate": "2017-09-11",
        "untilDate": "2017-09-12"
      },
      {
        "insertions": 0,
        "deletions": 0,
        "sinceDate": "2017-09-12",
        "untilDate": "2017-09-13"
      },
      {
        "insertions": 0,
        "deletions": 0,
        "sinceDate": "2017-09-13",
        "untilDate": "2017-09-14"
      },
      {
        "insertions": 0,
        "deletions": 0,
        "sinceDate": "2017-09-14",
        "untilDate": "2017-09-15"
      },
      {
        "insertions": 0,
        "deletions": 0,
        "sinceDate": "2017-09-15",
        "untilDate": "2017-09-16"
      },
      {
        "insertions": 0,
        "deletions": 0,
        "sinceDate": "2017-09-16",
        "untilDate": "2017-09-17"
      },
      {
        "insertions": 0,
        "deletions": 0,
        "sinceDate": "2017-09-17",
        "untilDate": "2017-09-18"
      },
      {
        "insertions": 0,
        "deletions": 0,
        "sinceDate": "2017-09-18",
        "untilDate": "2017-09-19"
      },
      {
        "insertions": 0,
        "deletions": 0,
        "sinceDate": "2017-09-19",
        "untilDate": "2017-09-20"
      },
      {
        "insertions": 0,
        "deletions": 0,
        "sinceDate": "2017-09-20",
        "untilDate": "2017-09-21"
      },
      {
        "insertions": 0,
        "deletions": 0,
        "sinceDate": "2017-09-21",
        "untilDate": "2017-09-22"
      },
      {
        "insertions": 0,
        "deletions": 0,
        "sinceDate": "2017-09-22",
        "untilDate": "2017-09-23"
      },
      {
        "insertions": 0,
        "deletions": 0,
        "sinceDate": "2017-09-23",
        "untilDate": "2017-09-24"
      },
      {
        "insertions": 0,
        "deletions": 0,
        "sinceDate": "2017-09-24",
        "untilDate": "2017-09-25"
      },
      {
        "insertions": 0,
        "deletions": 0,
        "sinceDate": "2017-09-25",
        "untilDate": "2017-09-26"
      },
      {
        "insertions": 0,
        "deletions": 0,
        "sinceDate": "2017-09-26",
        "untilDate": "2017-09-27"
      },
      {
        "insertions": 0,
        "deletions": 0,
        "sinceDate": "2017-09-27",
        "untilDate": "2017-09-28"
      },
      {
        "insertions": 0,
        "deletions": 0,
        "sinceDate": "2017-09-28",
        "untilDate": "2017-09-29"
      },
      {
        "insertions": 0,
        "deletions": 0,
        "sinceDate": "2017-09-29",
        "untilDate": "2017-09-30"
      },
      {
        "insertions": 0,
        "deletions": 0,
        "sinceDate": "2017-09-30",
        "untilDate": "2017-10-01"
      },
      {
        "insertions": 94,
        "deletions": 1,
        "sinceDate": "2017-10-01",
        "untilDate": "2017-10-02"
      },
      {
        "insertions": 0,
        "deletions": 0,
        "sinceDate": "2017-10-02",
        "untilDate": "2017-10-03"
      },
      {
        "insertions": 52,
        "deletions": 44,
        "sinceDate": "2017-10-03",
        "untilDate": "2017-10-04"
      },
      {
        "insertions": 1,
        "deletions": 2,
        "sinceDate": "2017-10-04",
        "untilDate": "2017-10-05"
      },
      {
        "insertions": 0,
        "deletions": 0,
        "sinceDate": "2017-10-05",
        "untilDate": "2017-10-06"
      },
      {
        "insertions": 0,
        "deletions": 0,
        "sinceDate": "2017-10-06",
        "untilDate": "2017-10-07"
      },
      {
        "insertions": 7,
        "deletions": 10,
        "sinceDate": "2017-10-07",
        "untilDate": "2017-10-08"
      },
      {
        "insertions": 0,
        "deletions": 0,
        "sinceDate": "2017-10-08",
        "untilDate": "2017-10-09"
      },
      {
        "insertions": 0,
        "deletions": 0,
        "sinceDate": "2017-10-09",
        "untilDate": "2017-10-10"
      },
      {
        "insertions": 200,
        "deletions": 57,
        "sinceDate": "2017-10-10",
        "untilDate": "2017-10-11"
      },
      {
        "insertions": 16,
        "deletions": 0,
        "sinceDate": "2017-10-11",
        "untilDate": "2017-10-12"
      },
      {
        "insertions": 442,
        "deletions": 15,
        "sinceDate": "2017-10-12",
        "untilDate": "2017-10-13"
      },
      {
        "insertions": 0,
        "deletions": 0,
        "sinceDate": "2017-10-13",
        "untilDate": "2017-10-14"
      },
      {
        "insertions": 0,
        "deletions": 0,
        "sinceDate": "2017-10-14",
        "untilDate": "2017-10-15"
      },
      {
        "insertions": 0,
        "deletions": 0,
        "sinceDate": "2017-10-15",
        "untilDate": "2017-10-16"
      },
      {
        "insertions": 0,
        "deletions": 0,
        "sinceDate": "2017-10-16",
        "untilDate": "2017-10-17"
      },
      {
        "insertions": 4,
        "deletions": 2,
        "sinceDate": "2017-10-17",
        "untilDate": "2017-10-18"
      },
      {
        "insertions": 56,
        "deletions": 0,
        "sinceDate": "2017-10-18",
        "untilDate": "2017-10-19"
      },
      {
        "insertions": 229,
        "deletions": 11,
        "sinceDate": "2017-10-19",
        "untilDate": "2017-10-20"
      },
      {
        "insertions": 456,
        "deletions": 214,
        "sinceDate": "2017-10-20",
        "untilDate": "2017-10-21"
      },
      {
        "insertions": 0,
        "deletions": 0,
        "sinceDate": "2017-10-21",
        "untilDate": "2017-10-22"
      },
      {
        "insertions": 132,
        "deletions": 68,
        "sinceDate": "2017-10-22",
        "untilDate": "2017-10-23"
      },
      {
        "insertions": 183,
        "deletions": 20,
        "sinceDate": "2017-10-23",
        "untilDate": "2017-10-24"
      },
      {
        "insertions": 776,
        "deletions": 98,
        "sinceDate": "2017-10-24",
        "untilDate": "2017-10-25"
      },
      {
        "insertions": 0,
        "deletions": 0,
        "sinceDate": "2017-10-25",
        "untilDate": "2017-10-26"
      },
      {
        "insertions": 759,
        "deletions": 53,
        "sinceDate": "2017-10-26",
        "untilDate": "2017-10-27"
      },
      {
        "insertions": 0,
        "deletions": 0,
        "sinceDate": "2017-10-27",
        "untilDate": "2017-10-28"
      },
      {
        "insertions": 331,
        "deletions": 34,
        "sinceDate": "2017-10-28",
        "untilDate": "2017-10-29"
      },
      {
        "insertions": 0,
        "deletions": 0,
        "sinceDate": "2017-10-29",
        "untilDate": "2017-10-30"
      },
      {
        "insertions": 132,
        "deletions": 43,
        "sinceDate": "2017-10-30",
        "untilDate": "2017-10-31"
      }
    ],
    "wangyiming1019": [
      {
        "insertions": 0,
        "deletions": 0,
        "sinceDate": "2017-09-01",
        "untilDate": "2017-09-02"
      },
      {
        "insertions": 0,
        "deletions": 0,
        "sinceDate": "2017-09-02",
        "untilDate": "2017-09-03"
      },
      {
        "insertions": 0,
        "deletions": 0,
        "sinceDate": "2017-09-03",
        "untilDate": "2017-09-04"
      },
      {
        "insertions": 0,
        "deletions": 0,
        "sinceDate": "2017-09-04",
        "untilDate": "2017-09-05"
      },
      {
        "insertions": 0,
        "deletions": 0,
        "sinceDate": "2017-09-05",
        "untilDate": "2017-09-06"
      },
      {
        "insertions": 0,
        "deletions": 0,
        "sinceDate": "2017-09-06",
        "untilDate": "2017-09-07"
      },
      {
        "insertions": 0,
        "deletions": 0,
        "sinceDate": "2017-09-07",
        "untilDate": "2017-09-08"
      },
      {
        "insertions": 0,
        "deletions": 0,
        "sinceDate": "2017-09-08",
        "untilDate": "2017-09-09"
      },
      {
        "insertions": 0,
        "deletions": 0,
        "sinceDate": "2017-09-09",
        "untilDate": "2017-09-10"
      },
      {
        "insertions": 0,
        "deletions": 0,
        "sinceDate": "2017-09-10",
        "untilDate": "2017-09-11"
      },
      {
        "insertions": 0,
        "deletions": 0,
        "sinceDate": "2017-09-11",
        "untilDate": "2017-09-12"
      },
      {
        "insertions": 0,
        "deletions": 0,
        "sinceDate": "2017-09-12",
        "untilDate": "2017-09-13"
      },
      {
        "insertions": 0,
        "deletions": 0,
        "sinceDate": "2017-09-13",
        "untilDate": "2017-09-14"
      },
      {
        "insertions": 0,
        "deletions": 0,
        "sinceDate": "2017-09-14",
        "untilDate": "2017-09-15"
      },
      {
        "insertions": 0,
        "deletions": 0,
        "sinceDate": "2017-09-15",
        "untilDate": "2017-09-16"
      },
      {
        "insertions": 0,
        "deletions": 0,
        "sinceDate": "2017-09-16",
        "untilDate": "2017-09-17"
      },
      {
        "insertions": 0,
        "deletions": 0,
        "sinceDate": "2017-09-17",
        "untilDate": "2017-09-18"
      },
      {
        "insertions": 0,
        "deletions": 0,
        "sinceDate": "2017-09-18",
        "untilDate": "2017-09-19"
      },
      {
        "insertions": 0,
        "deletions": 0,
        "sinceDate": "2017-09-19",
        "untilDate": "2017-09-20"
      },
      {
        "insertions": 0,
        "deletions": 0,
        "sinceDate": "2017-09-20",
        "untilDate": "2017-09-21"
      },
      {
        "insertions": 0,
        "deletions": 0,
        "sinceDate": "2017-09-21",
        "untilDate": "2017-09-22"
      },
      {
        "insertions": 0,
        "deletions": 0,
        "sinceDate": "2017-09-22",
        "untilDate": "2017-09-23"
      },
      {
        "insertions": 0,
        "deletions": 0,
        "sinceDate": "2017-09-23",
        "untilDate": "2017-09-24"
      },
      {
        "insertions": 0,
        "deletions": 0,
        "sinceDate": "2017-09-24",
        "untilDate": "2017-09-25"
      },
      {
        "insertions": 0,
        "deletions": 0,
        "sinceDate": "2017-09-25",
        "untilDate": "2017-09-26"
      },
      {
        "insertions": 0,
        "deletions": 0,
        "sinceDate": "2017-09-26",
        "untilDate": "2017-09-27"
      },
      {
        "insertions": 0,
        "deletions": 0,
        "sinceDate": "2017-09-27",
        "untilDate": "2017-09-28"
      },
      {
        "insertions": 0,
        "deletions": 0,
        "sinceDate": "2017-09-28",
        "untilDate": "2017-09-29"
      },
      {
        "insertions": 0,
        "deletions": 0,
        "sinceDate": "2017-09-29",
        "untilDate": "2017-09-30"
      },
      {
        "insertions": 0,
        "deletions": 0,
        "sinceDate": "2017-09-30",
        "untilDate": "2017-10-01"
      },
      {
        "insertions": 0,
        "deletions": 0,
        "sinceDate": "2017-10-01",
        "untilDate": "2017-10-02"
      },
      {
        "insertions": 0,
        "deletions": 0,
        "sinceDate": "2017-10-02",
        "untilDate": "2017-10-03"
      },
      {
        "insertions": 41,
        "deletions": 21,
        "sinceDate": "2017-10-03",
        "untilDate": "2017-10-04"
      },
      {
        "insertions": 0,
        "deletions": 0,
        "sinceDate": "2017-10-04",
        "untilDate": "2017-10-05"
      },
      {
        "insertions": 0,
        "deletions": 0,
        "sinceDate": "2017-10-05",
        "untilDate": "2017-10-06"
      },
      {
        "insertions": 0,
        "deletions": 0,
        "sinceDate": "2017-10-06",
        "untilDate": "2017-10-07"
      },
      {
        "insertions": 0,
        "deletions": 0,
        "sinceDate": "2017-10-07",
        "untilDate": "2017-10-08"
      },
      {
        "insertions": 0,
        "deletions": 0,
        "sinceDate": "2017-10-08",
        "untilDate": "2017-10-09"
      },
      {
        "insertions": 0,
        "deletions": 0,
        "sinceDate": "2017-10-09",
        "untilDate": "2017-10-10"
      },
      {
        "insertions": 410,
        "deletions": 141,
        "sinceDate": "2017-10-10",
        "untilDate": "2017-10-11"
      },
      {
        "insertions": 0,
        "deletions": 0,
        "sinceDate": "2017-10-11",
        "untilDate": "2017-10-12"
      },
      {
        "insertions": 0,
        "deletions": 0,
        "sinceDate": "2017-10-12",
        "untilDate": "2017-10-13"
      },
      {
        "insertions": 0,
        "deletions": 0,
        "sinceDate": "2017-10-13",
        "untilDate": "2017-10-14"
      },
      {
        "insertions": 0,
        "deletions": 0,
        "sinceDate": "2017-10-14",
        "untilDate": "2017-10-15"
      },
      {
        "insertions": 54,
        "deletions": 12,
        "sinceDate": "2017-10-15",
        "untilDate": "2017-10-16"
      },
      {
        "insertions": 560,
        "deletions": 137,
        "sinceDate": "2017-10-16",
        "untilDate": "2017-10-17"
      },
      {
        "insertions": 71,
        "deletions": 69,
        "sinceDate": "2017-10-17",
        "untilDate": "2017-10-18"
      },
      {
        "insertions": 0,
        "deletions": 0,
        "sinceDate": "2017-10-18",
        "untilDate": "2017-10-19"
      },
      {
        "insertions": 0,
        "deletions": 0,
        "sinceDate": "2017-10-19",
        "untilDate": "2017-10-20"
      },
      {
        "insertions": 135,
        "deletions": 75,
        "sinceDate": "2017-10-20",
        "untilDate": "2017-10-21"
      },
      {
        "insertions": 990,
        "deletions": 552,
        "sinceDate": "2017-10-21",
        "untilDate": "2017-10-22"
      },
      {
        "insertions": 32,
        "deletions": 29,
        "sinceDate": "2017-10-22",
        "untilDate": "2017-10-23"
      },
      {
        "insertions": 19,
        "deletions": 25,
        "sinceDate": "2017-10-23",
        "untilDate": "2017-10-24"
      },
      {
        "insertions": 1,
        "deletions": 1,
        "sinceDate": "2017-10-24",
        "untilDate": "2017-10-25"
      },
      {
        "insertions": 693,
        "deletions": 46,
        "sinceDate": "2017-10-25",
        "untilDate": "2017-10-26"
      },
      {
        "insertions": 0,
        "deletions": 0,
        "sinceDate": "2017-10-26",
        "untilDate": "2017-10-27"
      },
      {
        "insertions": 0,
        "deletions": 0,
        "sinceDate": "2017-10-27",
        "untilDate": "2017-10-28"
      },
      {
        "insertions": 0,
        "deletions": 0,
        "sinceDate": "2017-10-28",
        "untilDate": "2017-10-29"
      },
      {
        "insertions": 489,
        "deletions": 86,
        "sinceDate": "2017-10-29",
        "untilDate": "2017-10-30"
      },
      {
        "insertions": 346,
        "deletions": 378,
        "sinceDate": "2017-10-30",
        "untilDate": "2017-10-31"
      }
    ]
  },
  "authorFinalContributionMap": {
    "charlesgoh": 948,
    "jeffreygohkw": 1849,
    "Esilocke": 3121,
    "wangyiming1019": 1769
  },
  "authorContributionVariance": {
    "charlesgoh": 9899.015,
    "jeffreygohkw": 17592.416,
    "Esilocke": 35463.574,
    "wangyiming1019": 69288.57
  },
  "authorDisplayNameMap": {
    "charlesgoh": "Cha",
    "jeffreygohkw": "Jef",
    "Esilocke": "Esi",
    "wangyiming1019": "Wan"
  }
}
