{"reportGeneratedTime":"Wed, 9 Apr 2025 15:57:59 SGT","reportGenerationTime":" 4.00 second(s)","zoneId":"Asia/Singapore","reportTitle":"RepoSense Report","repos":[{"location":{"location":"https://github.com/reposense/publish-RepoSense.git","repoName":"publish-RepoSense","organization":"reposense","domainName":"github"},"branch":"master","displayName":"reposense/publish-RepoSense[master]","outputFolderName":"reposense_publish-RepoSense_master","sinceDate":"2024-07-31T00:00:00","untilDate":"2024-08-31T23:59:59"}],"errorSet":[],"sinceDate":"2024-07-31T00:00:00","untilDate":"2024-08-31T23:59:59","isSinceDateProvided":false,"isUntilDateProvided":true,"supportedDomainUrlMap":{"NOT_RECOGNIZED":{"BRANCH":"","REPO_URL":"UNSUPPORTED","BASE_URL":"UNSUPPORTED","HISTORY_PATH":"","COMMIT_PATH":"","BLAME_PATH":""},"github":{"BRANCH":"tree/$BRANCH","REPO_URL":"https://github.com/$ORGANIZATION/$REPO_NAME/","BASE_URL":"https://github.com/","HISTORY_PATH":"commits/$BRANCH/$FILE_PATH","COMMIT_PATH":"commit/$COMMIT_HASH","BLAME_PATH":"blame/$BRANCH/$FILE_PATH"}},"isAuthorshipAnalyzed":false,"repoBlurbs":{"blurbMap":{"https://github.com/reposense/publish-RepoSense/tree/master":"Publish branch of Reposense"}},"authorBlurbs":{"blurbMap":{}}, "chartBlurbs":{"blurbMap":{}},"isPortfolio":false}
