{"reportGeneratedTime":"Tue Jul 24 17:45:15 SGT 2018","reportGenerationTime":"15 second(s)","zoneId":"Asia/Singapore","reportTitle":"RepoSense Report Test Title","repos":[{"location":{"location":"https://github.com/reposense/testrepo-Alpha.git","repoName":"testrepo-Alpha","organization":"reposense"},"branch":"master","displayName":"reposense/testrepo-Alpha[master]","outputFolderName":"reposense_testrepo-Alpha_master"},{"location":{"location":"https://github.com/reposense/testrepo-Beta.git","repoName":"testrepo-Beta","organization":"reposense"},"branch":"master","displayName":"reposense/testrepo-Beta[master]","outputFolderName":"reposense_testrepo-Beta_master"},{"location":{"location":"https://github.com/reposense/testrepo-Charlie.git","repoName":"testrepo-Charlie","organization":"reposense"},"branch":"master","displayName":"reposense/testrepo-Charlie[master]","outputFolderName":"reposense_testrepo-Charlie_master"},{"location":{"location":"https://github.com/reposense/testrepo-Delta.git","repoName":"testrepo-Delta","organization":"reposense"},"branch":"master","displayName":"reposense/testrepo-Delta[master]","outputFolderName":"reposense_testrepo-Delta_master"}],"errorList":[{"repoName":"reposense/testrepo-Delta[nonExistentBranch]","errorMessage":"Branch \"nonExistentBranch\" does not exist."}],"sinceDate":"2017-09-30","untilDate":"2019-03-02","isSinceDateProvided":true,"isUntilDateProvided":true}
