{
  "authorWeeklyIntervalContributions": {
    "-": []
  },
  "authorDailyIntervalContributions": {
    "-": []
  },
  "authorFinalContributionMap": {
    "-": 0
  },
  "authorContributionVariance": {
    "-": 0.0
  },
  "authorDisplayNameMap": {
    "-": "NON EXISTENT REPOSITORY"
  }
}
