[
  {
    "organization": "reposense",
    "repoName": "testrepo-Beta",
    "branch": "master",
    "displayName": "reposense_testrepo-Beta",
    "sinceDate": "2017-09-01",
    "untilDate": "2017-10-30"
  },
  {
    "organization": "reposense",
    "repoName": "testrepo-Charlie",
    "branch": "master",
    "displayName": "reposense_testrepo-Charlie",
    "sinceDate": "2017-09-01",
    "untilDate": "2017-10-30"
  }
]
