{
  "authorWeeklyIntervalContributions": {
    "zacharytang": [
      {
        "insertions": 892,
        "deletions": 93,
        "sinceDate": "2017-10-04",
        "untilDate": "2017-10-11"
      },
      {
        "insertions": 1762,
        "deletions": 938,
        "sinceDate": "2017-10-11",
        "untilDate": "2017-10-18"
      },
      {
        "insertions": 234,
        "deletions": 17,
        "sinceDate": "2017-10-18",
        "untilDate": "2017-10-25"
      },
      {
        "insertions": 250,
        "deletions": 65,
        "sinceDate": "2017-10-25",
        "untilDate": "2017-11-01"
      },
      {
        "insertions": 497,
        "deletions": 142,
        "sinceDate": "2017-11-01",
        "untilDate": "2017-11-08"
      },
      {
        "insertions": 1081,
        "deletions": 1138,
        "sinceDate": "2017-11-08",
        "untilDate": "2017-11-15"
      },
      {
        "insertions": 0,
        "deletions": 0,
        "sinceDate": "2017-11-15",
        "untilDate": "2017-11-22"
      }
    ],
    "CindyTsai1": [
      {
        "insertions": 111,
        "deletions": 23,
        "sinceDate": "2017-10-04",
        "untilDate": "2017-10-11"
      },
      {
        "insertions": 203,
        "deletions": 41,
        "sinceDate": "2017-10-11",
        "untilDate": "2017-10-18"
      },
      {
        "insertions": 893,
        "deletions": 566,
        "sinceDate": "2017-10-18",
        "untilDate": "2017-10-25"
      },
      {
        "insertions": 386,
        "deletions": 116,
        "sinceDate": "2017-10-25",
        "untilDate": "2017-11-01"
      },
      {
        "insertions": 215,
        "deletions": 109,
        "sinceDate": "2017-11-01",
        "untilDate": "2017-11-08"
      },
      {
        "insertions": 1825,
        "deletions": 739,
        "sinceDate": "2017-11-08",
        "untilDate": "2017-11-15"
      },
      {
        "insertions": 0,
        "deletions": 0,
        "sinceDate": "2017-11-15",
        "untilDate": "2017-11-22"
      }
    ],
    "nbriannl": [
      {
        "insertions": 707,
        "deletions": 99,
        "sinceDate": "2017-10-04",
        "untilDate": "2017-10-11"
      },
      {
        "insertions": 439,
        "deletions": 129,
        "sinceDate": "2017-10-11",
        "untilDate": "2017-10-18"
      },
      {
        "insertions": 1173,
        "deletions": 589,
        "sinceDate": "2017-10-18",
        "untilDate": "2017-10-25"
      },
      {
        "insertions": 307,
        "deletions": 25,
        "sinceDate": "2017-10-25",
        "untilDate": "2017-11-01"
      },
      {
        "insertions": 1080,
        "deletions": 410,
        "sinceDate": "2017-11-01",
        "untilDate": "2017-11-08"
      },
      {
        "insertions": 996,
        "deletions": 382,
        "sinceDate": "2017-11-08",
        "untilDate": "2017-11-15"
      },
      {
        "insertions": 16,
        "deletions": 1,
        "sinceDate": "2017-11-15",
        "untilDate": "2017-11-22"
      }
    ],
    "April0616": [
      {
        "insertions": 1134,
        "deletions": 506,
        "sinceDate": "2017-10-04",
        "untilDate": "2017-10-11"
      },
      {
        "insertions": 1063,
        "deletions": 372,
        "sinceDate": "2017-10-11",
        "untilDate": "2017-10-18"
      },
      {
        "insertions": 619,
        "deletions": 303,
        "sinceDate": "2017-10-18",
        "untilDate": "2017-10-25"
      },
      {
        "insertions": 937,
        "deletions": 85,
        "sinceDate": "2017-10-25",
        "untilDate": "2017-11-01"
      },
      {
        "insertions": 973,
        "deletions": 294,
        "sinceDate": "2017-11-01",
        "untilDate": "2017-11-08"
      },
      {
        "insertions": 1683,
        "deletions": 636,
        "sinceDate": "2017-11-08",
        "untilDate": "2017-11-15"
      },
      {
        "insertions": 0,
        "deletions": 0,
        "sinceDate": "2017-11-15",
        "untilDate": "2017-11-22"
      }
    ]
  },
  "authorDailyIntervalContributions": {
    "zacharytang": [
      {
        "insertions": 27,
        "deletions": 5,
        "sinceDate": "2017-10-04",
        "untilDate": "2017-10-05"
      },
      {
        "insertions": 41,
        "deletions": 11,
        "sinceDate": "2017-10-05",
        "untilDate": "2017-10-06"
      },
      {
        "insertions": 4,
        "deletions": 4,
        "sinceDate": "2017-10-06",
        "untilDate": "2017-10-07"
      },
      {
        "insertions": 477,
        "deletions": 17,
        "sinceDate": "2017-10-07",
        "untilDate": "2017-10-08"
      },
      {
        "insertions": 54,
        "deletions": 27,
        "sinceDate": "2017-10-08",
        "untilDate": "2017-10-09"
      },
      {
        "insertions": 37,
        "deletions": 16,
        "sinceDate": "2017-10-09",
        "untilDate": "2017-10-10"
      },
      {
        "insertions": 252,
        "deletions": 13,
        "sinceDate": "2017-10-10",
        "untilDate": "2017-10-11"
      },
      {
        "insertions": 3,
        "deletions": 2,
        "sinceDate": "2017-10-11",
        "untilDate": "2017-10-12"
      },
      {
        "insertions": 405,
        "deletions": 192,
        "sinceDate": "2017-10-12",
        "untilDate": "2017-10-13"
      },
      {
        "insertions": 518,
        "deletions": 399,
        "sinceDate": "2017-10-13",
        "untilDate": "2017-10-14"
      },
      {
        "insertions": 169,
        "deletions": 92,
        "sinceDate": "2017-10-14",
        "untilDate": "2017-10-15"
      },
      {
        "insertions": 597,
        "deletions": 205,
        "sinceDate": "2017-10-15",
        "untilDate": "2017-10-16"
      },
      {
        "insertions": 70,
        "deletions": 48,
        "sinceDate": "2017-10-16",
        "untilDate": "2017-10-17"
      },
      {
        "insertions": 0,
        "deletions": 0,
        "sinceDate": "2017-10-17",
        "untilDate": "2017-10-18"
      },
      {
        "insertions": 0,
        "deletions": 0,
        "sinceDate": "2017-10-18",
        "untilDate": "2017-10-19"
      },
      {
        "insertions": 77,
        "deletions": 1,
        "sinceDate": "2017-10-19",
        "untilDate": "2017-10-20"
      },
      {
        "insertions": 0,
        "deletions": 0,
        "sinceDate": "2017-10-20",
        "untilDate": "2017-10-21"
      },
      {
        "insertions": 0,
        "deletions": 0,
        "sinceDate": "2017-10-21",
        "untilDate": "2017-10-22"
      },
      {
        "insertions": 0,
        "deletions": 0,
        "sinceDate": "2017-10-22",
        "untilDate": "2017-10-23"
      },
      {
        "insertions": 0,
        "deletions": 0,
        "sinceDate": "2017-10-23",
        "untilDate": "2017-10-24"
      },
      {
        "insertions": 157,
        "deletions": 16,
        "sinceDate": "2017-10-24",
        "untilDate": "2017-10-25"
      },
      {
        "insertions": 47,
        "deletions": 36,
        "sinceDate": "2017-10-25",
        "untilDate": "2017-10-26"
      },
      {
        "insertions": 0,
        "deletions": 0,
        "sinceDate": "2017-10-26",
        "untilDate": "2017-10-27"
      },
      {
        "insertions": 0,
        "deletions": 0,
        "sinceDate": "2017-10-27",
        "untilDate": "2017-10-28"
      },
      {
        "insertions": 0,
        "deletions": 0,
        "sinceDate": "2017-10-28",
        "untilDate": "2017-10-29"
      },
      {
        "insertions": 0,
        "deletions": 0,
        "sinceDate": "2017-10-29",
        "untilDate": "2017-10-30"
      },
      {
        "insertions": 0,
        "deletions": 0,
        "sinceDate": "2017-10-30",
        "untilDate": "2017-10-31"
      },
      {
        "insertions": 203,
        "deletions": 29,
        "sinceDate": "2017-10-31",
        "untilDate": "2017-11-01"
      },
      {
        "insertions": 0,
        "deletions": 0,
        "sinceDate": "2017-11-01",
        "untilDate": "2017-11-02"
      },
      {
        "insertions": 39,
        "deletions": 31,
        "sinceDate": "2017-11-02",
        "untilDate": "2017-11-03"
      },
      {
        "insertions": 220,
        "deletions": 14,
        "sinceDate": "2017-11-03",
        "untilDate": "2017-11-04"
      },
      {
        "insertions": 123,
        "deletions": 22,
        "sinceDate": "2017-11-04",
        "untilDate": "2017-11-05"
      },
      {
        "insertions": 101,
        "deletions": 75,
        "sinceDate": "2017-11-05",
        "untilDate": "2017-11-06"
      },
      {
        "insertions": 0,
        "deletions": 0,
        "sinceDate": "2017-11-06",
        "untilDate": "2017-11-07"
      },
      {
        "insertions": 14,
        "deletions": 0,
        "sinceDate": "2017-11-07",
        "untilDate": "2017-11-08"
      },
      {
        "insertions": 8,
        "deletions": 57,
        "sinceDate": "2017-11-08",
        "untilDate": "2017-11-09"
      },
      {
        "insertions": 350,
        "deletions": 481,
        "sinceDate": "2017-11-09",
        "untilDate": "2017-11-10"
      },
      {
        "insertions": 0,
        "deletions": 0,
        "sinceDate": "2017-11-10",
        "untilDate": "2017-11-11"
      },
      {
        "insertions": 100,
        "deletions": 178,
        "sinceDate": "2017-11-11",
        "untilDate": "2017-11-12"
      },
      {
        "insertions": 369,
        "deletions": 235,
        "sinceDate": "2017-11-12",
        "untilDate": "2017-11-13"
      },
      {
        "insertions": 254,
        "deletions": 187,
        "sinceDate": "2017-11-13",
        "untilDate": "2017-11-14"
      },
      {
        "insertions": 0,
        "deletions": 0,
        "sinceDate": "2017-11-14",
        "untilDate": "2017-11-15"
      },
      {
        "insertions": 0,
        "deletions": 0,
        "sinceDate": "2017-11-15",
        "untilDate": "2017-11-16"
      },
      {
        "insertions": 0,
        "deletions": 0,
        "sinceDate": "2017-11-16",
        "untilDate": "2017-11-17"
      },
      {
        "insertions": 0,
        "deletions": 0,
        "sinceDate": "2017-11-17",
        "untilDate": "2017-11-18"
      },
      {
        "insertions": 0,
        "deletions": 0,
        "sinceDate": "2017-11-18",
        "untilDate": "2017-11-19"
      },
      {
        "insertions": 0,
        "deletions": 0,
        "sinceDate": "2017-11-19",
        "untilDate": "2017-11-20"
      }
    ],
    "CindyTsai1": [
      {
        "insertions": 11,
        "deletions": 0,
        "sinceDate": "2017-10-04",
        "untilDate": "2017-10-05"
      },
      {
        "insertions": 0,
        "deletions": 0,
        "sinceDate": "2017-10-05",
        "untilDate": "2017-10-06"
      },
      {
        "insertions": 0,
        "deletions": 0,
        "sinceDate": "2017-10-06",
        "untilDate": "2017-10-07"
      },
      {
        "insertions": 0,
        "deletions": 0,
        "sinceDate": "2017-10-07",
        "untilDate": "2017-10-08"
      },
      {
        "insertions": 0,
        "deletions": 0,
        "sinceDate": "2017-10-08",
        "untilDate": "2017-10-09"
      },
      {
        "insertions": 0,
        "deletions": 0,
        "sinceDate": "2017-10-09",
        "untilDate": "2017-10-10"
      },
      {
        "insertions": 100,
        "deletions": 23,
        "sinceDate": "2017-10-10",
        "untilDate": "2017-10-11"
      },
      {
        "insertions": 203,
        "deletions": 41,
        "sinceDate": "2017-10-11",
        "untilDate": "2017-10-12"
      },
      {
        "insertions": 0,
        "deletions": 0,
        "sinceDate": "2017-10-12",
        "untilDate": "2017-10-13"
      },
      {
        "insertions": 0,
        "deletions": 0,
        "sinceDate": "2017-10-13",
        "untilDate": "2017-10-14"
      },
      {
        "insertions": 0,
        "deletions": 0,
        "sinceDate": "2017-10-14",
        "untilDate": "2017-10-15"
      },
      {
        "insertions": 0,
        "deletions": 0,
        "sinceDate": "2017-10-15",
        "untilDate": "2017-10-16"
      },
      {
        "insertions": 0,
        "deletions": 0,
        "sinceDate": "2017-10-16",
        "untilDate": "2017-10-17"
      },
      {
        "insertions": 0,
        "deletions": 0,
        "sinceDate": "2017-10-17",
        "untilDate": "2017-10-18"
      },
      {
        "insertions": 10,
        "deletions": 8,
        "sinceDate": "2017-10-18",
        "untilDate": "2017-10-19"
      },
      {
        "insertions": 345,
        "deletions": 132,
        "sinceDate": "2017-10-19",
        "untilDate": "2017-10-20"
      },
      {
        "insertions": 0,
        "deletions": 2,
        "sinceDate": "2017-10-20",
        "untilDate": "2017-10-21"
      },
      {
        "insertions": 91,
        "deletions": 7,
        "sinceDate": "2017-10-21",
        "untilDate": "2017-10-22"
      },
      {
        "insertions": 0,
        "deletions": 0,
        "sinceDate": "2017-10-22",
        "untilDate": "2017-10-23"
      },
      {
        "insertions": 153,
        "deletions": 390,
        "sinceDate": "2017-10-23",
        "untilDate": "2017-10-24"
      },
      {
        "insertions": 294,
        "deletions": 27,
        "sinceDate": "2017-10-24",
        "untilDate": "2017-10-25"
      },
      {
        "insertions": 0,
        "deletions": 0,
        "sinceDate": "2017-10-25",
        "untilDate": "2017-10-26"
      },
      {
        "insertions": 0,
        "deletions": 0,
        "sinceDate": "2017-10-26",
        "untilDate": "2017-10-27"
      },
      {
        "insertions": 0,
        "deletions": 0,
        "sinceDate": "2017-10-27",
        "untilDate": "2017-10-28"
      },
      {
        "insertions": 0,
        "deletions": 0,
        "sinceDate": "2017-10-28",
        "untilDate": "2017-10-29"
      },
      {
        "insertions": 0,
        "deletions": 0,
        "sinceDate": "2017-10-29",
        "untilDate": "2017-10-30"
      },
      {
        "insertions": 69,
        "deletions": 82,
        "sinceDate": "2017-10-30",
        "untilDate": "2017-10-31"
      },
      {
        "insertions": 317,
        "deletions": 34,
        "sinceDate": "2017-10-31",
        "untilDate": "2017-11-01"
      },
      {
        "insertions": 35,
        "deletions": 12,
        "sinceDate": "2017-11-01",
        "untilDate": "2017-11-02"
      },
      {
        "insertions": 0,
        "deletions": 0,
        "sinceDate": "2017-11-02",
        "untilDate": "2017-11-03"
      },
      {
        "insertions": 0,
        "deletions": 0,
        "sinceDate": "2017-11-03",
        "untilDate": "2017-11-04"
      },
      {
        "insertions": 0,
        "deletions": 0,
        "sinceDate": "2017-11-04",
        "untilDate": "2017-11-05"
      },
      {
        "insertions": 0,
        "deletions": 0,
        "sinceDate": "2017-11-05",
        "untilDate": "2017-11-06"
      },
      {
        "insertions": 0,
        "deletions": 0,
        "sinceDate": "2017-11-06",
        "untilDate": "2017-11-07"
      },
      {
        "insertions": 180,
        "deletions": 97,
        "sinceDate": "2017-11-07",
        "untilDate": "2017-11-08"
      },
      {
        "insertions": 0,
        "deletions": 0,
        "sinceDate": "2017-11-08",
        "untilDate": "2017-11-09"
      },
      {
        "insertions": 0,
        "deletions": 0,
        "sinceDate": "2017-11-09",
        "untilDate": "2017-11-10"
      },
      {
        "insertions": 109,
        "deletions": 60,
        "sinceDate": "2017-11-10",
        "untilDate": "2017-11-11"
      },
      {
        "insertions": 246,
        "deletions": 296,
        "sinceDate": "2017-11-11",
        "untilDate": "2017-11-12"
      },
      {
        "insertions": 127,
        "deletions": 60,
        "sinceDate": "2017-11-12",
        "untilDate": "2017-11-13"
      },
      {
        "insertions": 1343,
        "deletions": 323,
        "sinceDate": "2017-11-13",
        "untilDate": "2017-11-14"
      },
      {
        "insertions": 0,
        "deletions": 0,
        "sinceDate": "2017-11-14",
        "untilDate": "2017-11-15"
      },
      {
        "insertions": 0,
        "deletions": 0,
        "sinceDate": "2017-11-15",
        "untilDate": "2017-11-16"
      },
      {
        "insertions": 0,
        "deletions": 0,
        "sinceDate": "2017-11-16",
        "untilDate": "2017-11-17"
      },
      {
        "insertions": 0,
        "deletions": 0,
        "sinceDate": "2017-11-17",
        "untilDate": "2017-11-18"
      },
      {
        "insertions": 0,
        "deletions": 0,
        "sinceDate": "2017-11-18",
        "untilDate": "2017-11-19"
      },
      {
        "insertions": 0,
        "deletions": 0,
        "sinceDate": "2017-11-19",
        "untilDate": "2017-11-20"
      }
    ],
    "nbriannl": [
      {
        "insertions": 224,
        "deletions": 6,
        "sinceDate": "2017-10-04",
        "untilDate": "2017-10-05"
      },
      {
        "insertions": 42,
        "deletions": 30,
        "sinceDate": "2017-10-05",
        "untilDate": "2017-10-06"
      },
      {
        "insertions": 141,
        "deletions": 26,
        "sinceDate": "2017-10-06",
        "untilDate": "2017-10-07"
      },
      {
        "insertions": 0,
        "deletions": 0,
        "sinceDate": "2017-10-07",
        "untilDate": "2017-10-08"
      },
      {
        "insertions": 69,
        "deletions": 4,
        "sinceDate": "2017-10-08",
        "untilDate": "2017-10-09"
      },
      {
        "insertions": 156,
        "deletions": 11,
        "sinceDate": "2017-10-09",
        "untilDate": "2017-10-10"
      },
      {
        "insertions": 75,
        "deletions": 22,
        "sinceDate": "2017-10-10",
        "untilDate": "2017-10-11"
      },
      {
        "insertions": 0,
        "deletions": 0,
        "sinceDate": "2017-10-11",
        "untilDate": "2017-10-12"
      },
      {
        "insertions": 0,
        "deletions": 0,
        "sinceDate": "2017-10-12",
        "untilDate": "2017-10-13"
      },
      {
        "insertions": 40,
        "deletions": 17,
        "sinceDate": "2017-10-13",
        "untilDate": "2017-10-14"
      },
      {
        "insertions": 0,
        "deletions": 0,
        "sinceDate": "2017-10-14",
        "untilDate": "2017-10-15"
      },
      {
        "insertions": 0,
        "deletions": 0,
        "sinceDate": "2017-10-15",
        "untilDate": "2017-10-16"
      },
      {
        "insertions": 363,
        "deletions": 89,
        "sinceDate": "2017-10-16",
        "untilDate": "2017-10-17"
      },
      {
        "insertions": 36,
        "deletions": 23,
        "sinceDate": "2017-10-17",
        "untilDate": "2017-10-18"
      },
      {
        "insertions": 166,
        "deletions": 20,
        "sinceDate": "2017-10-18",
        "untilDate": "2017-10-19"
      },
      {
        "insertions": 136,
        "deletions": 1,
        "sinceDate": "2017-10-19",
        "untilDate": "2017-10-20"
      },
      {
        "insertions": 0,
        "deletions": 0,
        "sinceDate": "2017-10-20",
        "untilDate": "2017-10-21"
      },
      {
        "insertions": 9,
        "deletions": 19,
        "sinceDate": "2017-10-21",
        "untilDate": "2017-10-22"
      },
      {
        "insertions": 333,
        "deletions": 295,
        "sinceDate": "2017-10-22",
        "untilDate": "2017-10-23"
      },
      {
        "insertions": 512,
        "deletions": 102,
        "sinceDate": "2017-10-23",
        "untilDate": "2017-10-24"
      },
      {
        "insertions": 17,
        "deletions": 152,
        "sinceDate": "2017-10-24",
        "untilDate": "2017-10-25"
      },
      {
        "insertions": 0,
        "deletions": 0,
        "sinceDate": "2017-10-25",
        "untilDate": "2017-10-26"
      },
      {
        "insertions": 0,
        "deletions": 0,
        "sinceDate": "2017-10-26",
        "untilDate": "2017-10-27"
      },
      {
        "insertions": 0,
        "deletions": 0,
        "sinceDate": "2017-10-27",
        "untilDate": "2017-10-28"
      },
      {
        "insertions": 0,
        "deletions": 0,
        "sinceDate": "2017-10-28",
        "untilDate": "2017-10-29"
      },
      {
        "insertions": 221,
        "deletions": 17,
        "sinceDate": "2017-10-29",
        "untilDate": "2017-10-30"
      },
      {
        "insertions": 1,
        "deletions": 1,
        "sinceDate": "2017-10-30",
        "untilDate": "2017-10-31"
      },
      {
        "insertions": 85,
        "deletions": 7,
        "sinceDate": "2017-10-31",
        "untilDate": "2017-11-01"
      },
      {
        "insertions": 0,
        "deletions": 0,
        "sinceDate": "2017-11-01",
        "untilDate": "2017-11-02"
      },
      {
        "insertions": 0,
        "deletions": 0,
        "sinceDate": "2017-11-02",
        "untilDate": "2017-11-03"
      },
      {
        "insertions": 64,
        "deletions": 45,
        "sinceDate": "2017-11-03",
        "untilDate": "2017-11-04"
      },
      {
        "insertions": 473,
        "deletions": 227,
        "sinceDate": "2017-11-04",
        "untilDate": "2017-11-05"
      },
      {
        "insertions": 11,
        "deletions": 6,
        "sinceDate": "2017-11-05",
        "untilDate": "2017-11-06"
      },
      {
        "insertions": 263,
        "deletions": 123,
        "sinceDate": "2017-11-06",
        "untilDate": "2017-11-07"
      },
      {
        "insertions": 269,
        "deletions": 9,
        "sinceDate": "2017-11-07",
        "untilDate": "2017-11-08"
      },
      {
        "insertions": 0,
        "deletions": 0,
        "sinceDate": "2017-11-08",
        "untilDate": "2017-11-09"
      },
      {
        "insertions": 0,
        "deletions": 0,
        "sinceDate": "2017-11-09",
        "untilDate": "2017-11-10"
      },
      {
        "insertions": 99,
        "deletions": 58,
        "sinceDate": "2017-11-10",
        "untilDate": "2017-11-11"
      },
      {
        "insertions": 231,
        "deletions": 129,
        "sinceDate": "2017-11-11",
        "untilDate": "2017-11-12"
      },
      {
        "insertions": 100,
        "deletions": 16,
        "sinceDate": "2017-11-12",
        "untilDate": "2017-11-13"
      },
      {
        "insertions": 566,
        "deletions": 179,
        "sinceDate": "2017-11-13",
        "untilDate": "2017-11-14"
      },
      {
        "insertions": 0,
        "deletions": 0,
        "sinceDate": "2017-11-14",
        "untilDate": "2017-11-15"
      },
      {
        "insertions": 0,
        "deletions": 0,
        "sinceDate": "2017-11-15",
        "untilDate": "2017-11-16"
      },
      {
        "insertions": 0,
        "deletions": 0,
        "sinceDate": "2017-11-16",
        "untilDate": "2017-11-17"
      },
      {
        "insertions": 0,
        "deletions": 0,
        "sinceDate": "2017-11-17",
        "untilDate": "2017-11-18"
      },
      {
        "insertions": 0,
        "deletions": 0,
        "sinceDate": "2017-11-18",
        "untilDate": "2017-11-19"
      },
      {
        "insertions": 16,
        "deletions": 1,
        "sinceDate": "2017-11-19",
        "untilDate": "2017-11-20"
      }
    ],
    "April0616": [
      {
        "insertions": 51,
        "deletions": 9,
        "sinceDate": "2017-10-04",
        "untilDate": "2017-10-05"
      },
      {
        "insertions": 0,
        "deletions": 0,
        "sinceDate": "2017-10-05",
        "untilDate": "2017-10-06"
      },
      {
        "insertions": 410,
        "deletions": 50,
        "sinceDate": "2017-10-06",
        "untilDate": "2017-10-07"
      },
      {
        "insertions": 0,
        "deletions": 0,
        "sinceDate": "2017-10-07",
        "untilDate": "2017-10-08"
      },
      {
        "insertions": 0,
        "deletions": 0,
        "sinceDate": "2017-10-08",
        "untilDate": "2017-10-09"
      },
      {
        "insertions": 229,
        "deletions": 70,
        "sinceDate": "2017-10-09",
        "untilDate": "2017-10-10"
      },
      {
        "insertions": 444,
        "deletions": 377,
        "sinceDate": "2017-10-10",
        "untilDate": "2017-10-11"
      },
      {
        "insertions": 24,
        "deletions": 42,
        "sinceDate": "2017-10-11",
        "untilDate": "2017-10-12"
      },
      {
        "insertions": 2,
        "deletions": 2,
        "sinceDate": "2017-10-12",
        "untilDate": "2017-10-13"
      },
      {
        "insertions": 0,
        "deletions": 0,
        "sinceDate": "2017-10-13",
        "untilDate": "2017-10-14"
      },
      {
        "insertions": 0,
        "deletions": 0,
        "sinceDate": "2017-10-14",
        "untilDate": "2017-10-15"
      },
      {
        "insertions": 0,
        "deletions": 0,
        "sinceDate": "2017-10-15",
        "untilDate": "2017-10-16"
      },
      {
        "insertions": 388,
        "deletions": 80,
        "sinceDate": "2017-10-16",
        "untilDate": "2017-10-17"
      },
      {
        "insertions": 649,
        "deletions": 248,
        "sinceDate": "2017-10-17",
        "untilDate": "2017-10-18"
      },
      {
        "insertions": 135,
        "deletions": 69,
        "sinceDate": "2017-10-18",
        "untilDate": "2017-10-19"
      },
      {
        "insertions": 2,
        "deletions": 14,
        "sinceDate": "2017-10-19",
        "untilDate": "2017-10-20"
      },
      {
        "insertions": 0,
        "deletions": 0,
        "sinceDate": "2017-10-20",
        "untilDate": "2017-10-21"
      },
      {
        "insertions": 186,
        "deletions": 27,
        "sinceDate": "2017-10-21",
        "untilDate": "2017-10-22"
      },
      {
        "insertions": 138,
        "deletions": 52,
        "sinceDate": "2017-10-22",
        "untilDate": "2017-10-23"
      },
      {
        "insertions": 0,
        "deletions": 0,
        "sinceDate": "2017-10-23",
        "untilDate": "2017-10-24"
      },
      {
        "insertions": 158,
        "deletions": 141,
        "sinceDate": "2017-10-24",
        "untilDate": "2017-10-25"
      },
      {
        "insertions": 62,
        "deletions": 21,
        "sinceDate": "2017-10-25",
        "untilDate": "2017-10-26"
      },
      {
        "insertions": 0,
        "deletions": 0,
        "sinceDate": "2017-10-26",
        "untilDate": "2017-10-27"
      },
      {
        "insertions": 0,
        "deletions": 0,
        "sinceDate": "2017-10-27",
        "untilDate": "2017-10-28"
      },
      {
        "insertions": 0,
        "deletions": 0,
        "sinceDate": "2017-10-28",
        "untilDate": "2017-10-29"
      },
      {
        "insertions": 13,
        "deletions": 6,
        "sinceDate": "2017-10-29",
        "untilDate": "2017-10-30"
      },
      {
        "insertions": 0,
        "deletions": 0,
        "sinceDate": "2017-10-30",
        "untilDate": "2017-10-31"
      },
      {
        "insertions": 862,
        "deletions": 58,
        "sinceDate": "2017-10-31",
        "untilDate": "2017-11-01"
      },
      {
        "insertions": 68,
        "deletions": 17,
        "sinceDate": "2017-11-01",
        "untilDate": "2017-11-02"
      },
      {
        "insertions": 147,
        "deletions": 95,
        "sinceDate": "2017-11-02",
        "untilDate": "2017-11-03"
      },
      {
        "insertions": 0,
        "deletions": 0,
        "sinceDate": "2017-11-03",
        "untilDate": "2017-11-04"
      },
      {
        "insertions": 230,
        "deletions": 22,
        "sinceDate": "2017-11-04",
        "untilDate": "2017-11-05"
      },
      {
        "insertions": 135,
        "deletions": 93,
        "sinceDate": "2017-11-05",
        "untilDate": "2017-11-06"
      },
      {
        "insertions": 220,
        "deletions": 25,
        "sinceDate": "2017-11-06",
        "untilDate": "2017-11-07"
      },
      {
        "insertions": 173,
        "deletions": 42,
        "sinceDate": "2017-11-07",
        "untilDate": "2017-11-08"
      },
      {
        "insertions": 266,
        "deletions": 127,
        "sinceDate": "2017-11-08",
        "untilDate": "2017-11-09"
      },
      {
        "insertions": 152,
        "deletions": 34,
        "sinceDate": "2017-11-09",
        "untilDate": "2017-11-10"
      },
      {
        "insertions": 0,
        "deletions": 0,
        "sinceDate": "2017-11-10",
        "untilDate": "2017-11-11"
      },
      {
        "insertions": 70,
        "deletions": 49,
        "sinceDate": "2017-11-11",
        "untilDate": "2017-11-12"
      },
      {
        "insertions": 611,
        "deletions": 222,
        "sinceDate": "2017-11-12",
        "untilDate": "2017-11-13"
      },
      {
        "insertions": 584,
        "deletions": 204,
        "sinceDate": "2017-11-13",
        "untilDate": "2017-11-14"
      },
      {
        "insertions": 0,
        "deletions": 0,
        "sinceDate": "2017-11-14",
        "untilDate": "2017-11-15"
      },
      {
        "insertions": 0,
        "deletions": 0,
        "sinceDate": "2017-11-15",
        "untilDate": "2017-11-16"
      },
      {
        "insertions": 0,
        "deletions": 0,
        "sinceDate": "2017-11-16",
        "untilDate": "2017-11-17"
      },
      {
        "insertions": 0,
        "deletions": 0,
        "sinceDate": "2017-11-17",
        "untilDate": "2017-11-18"
      },
      {
        "insertions": 0,
        "deletions": 0,
        "sinceDate": "2017-11-18",
        "untilDate": "2017-11-19"
      },
      {
        "insertions": 0,
        "deletions": 0,
        "sinceDate": "2017-11-19",
        "untilDate": "2017-11-20"
      }
    ]
  },
  "authorFinalContributionMap": {
    "zacharytang": 2700,
    "CindyTsai1": 3020,
    "nbriannl": 3149,
    "April0616": 4100
  },
  "authorContributionVariance": {
    "zacharytang": 57758.867,
    "CindyTsai1": 74183.34,
    "nbriannl": 39395.08,
    "April0616": 70279.97
  },
  "authorDisplayNameMap": {
    "zacharytang": "Zac",
    "CindyTsai1": "Cin",
    "nbriannl": "Nbr",
    "April0616": "Fan"
  }
}
