{
  "authorWeeklyIntervalContributions": {
    "zacharytang": [
      {
        "insertions": 0,
        "deletions": 0,
        "sinceDate": "2017-09-01",
        "untilDate": "2017-09-08"
      },
      {
        "insertions": 0,
        "deletions": 0,
        "sinceDate": "2017-09-08",
        "untilDate": "2017-09-15"
      },
      {
        "insertions": 0,
        "deletions": 0,
        "sinceDate": "2017-09-15",
        "untilDate": "2017-09-22"
      },
      {
        "insertions": 0,
        "deletions": 0,
        "sinceDate": "2017-09-22",
        "untilDate": "2017-09-29"
      },
      {
        "insertions": 5,
        "deletions": 5,
        "sinceDate": "2017-09-29",
        "untilDate": "2017-10-06"
      },
      {
        "insertions": 514,
        "deletions": 40,
        "sinceDate": "2017-10-06",
        "untilDate": "2017-10-13"
      },
      {
        "insertions": 456,
        "deletions": 239,
        "sinceDate": "2017-10-13",
        "untilDate": "2017-10-20"
      },
      {
        "insertions": 5,
        "deletions": 17,
        "sinceDate": "2017-10-20",
        "untilDate": "2017-10-27"
      },
      {
        "insertions": 0,
        "deletions": 0,
        "sinceDate": "2017-10-27",
        "untilDate": "2017-11-03"
      }
    ],
    "CindyTsai1": [
      {
        "insertions": 0,
        "deletions": 0,
        "sinceDate": "2017-09-01",
        "untilDate": "2017-09-08"
      },
      {
        "insertions": 0,
        "deletions": 0,
        "sinceDate": "2017-09-08",
        "untilDate": "2017-09-15"
      },
      {
        "insertions": 0,
        "deletions": 0,
        "sinceDate": "2017-09-15",
        "untilDate": "2017-09-22"
      },
      {
        "insertions": 0,
        "deletions": 0,
        "sinceDate": "2017-09-22",
        "untilDate": "2017-09-29"
      },
      {
        "insertions": 11,
        "deletions": 0,
        "sinceDate": "2017-09-29",
        "untilDate": "2017-10-06"
      },
      {
        "insertions": 122,
        "deletions": 21,
        "sinceDate": "2017-10-06",
        "untilDate": "2017-10-13"
      },
      {
        "insertions": 94,
        "deletions": 43,
        "sinceDate": "2017-10-13",
        "untilDate": "2017-10-20"
      },
      {
        "insertions": 160,
        "deletions": 4,
        "sinceDate": "2017-10-20",
        "untilDate": "2017-10-27"
      },
      {
        "insertions": 0,
        "deletions": 0,
        "sinceDate": "2017-10-27",
        "untilDate": "2017-11-03"
      }
    ],
    "nbriannl": [
      {
        "insertions": 0,
        "deletions": 0,
        "sinceDate": "2017-09-01",
        "untilDate": "2017-09-08"
      },
      {
        "insertions": 0,
        "deletions": 0,
        "sinceDate": "2017-09-08",
        "untilDate": "2017-09-15"
      },
      {
        "insertions": 0,
        "deletions": 0,
        "sinceDate": "2017-09-15",
        "untilDate": "2017-09-22"
      },
      {
        "insertions": 0,
        "deletions": 0,
        "sinceDate": "2017-09-22",
        "untilDate": "2017-09-29"
      },
      {
        "insertions": 34,
        "deletions": 0,
        "sinceDate": "2017-09-29",
        "untilDate": "2017-10-06"
      },
      {
        "insertions": 216,
        "deletions": 35,
        "sinceDate": "2017-10-06",
        "untilDate": "2017-10-13"
      },
      {
        "insertions": 574,
        "deletions": 129,
        "sinceDate": "2017-10-13",
        "untilDate": "2017-10-20"
      },
      {
        "insertions": 445,
        "deletions": 222,
        "sinceDate": "2017-10-20",
        "untilDate": "2017-10-27"
      },
      {
        "insertions": 221,
        "deletions": 17,
        "sinceDate": "2017-10-27",
        "untilDate": "2017-11-03"
      }
    ],
    "April0616": [
      {
        "insertions": 0,
        "deletions": 0,
        "sinceDate": "2017-09-01",
        "untilDate": "2017-09-08"
      },
      {
        "insertions": 0,
        "deletions": 0,
        "sinceDate": "2017-09-08",
        "untilDate": "2017-09-15"
      },
      {
        "insertions": 0,
        "deletions": 0,
        "sinceDate": "2017-09-15",
        "untilDate": "2017-09-22"
      },
      {
        "insertions": 0,
        "deletions": 0,
        "sinceDate": "2017-09-22",
        "untilDate": "2017-09-29"
      },
      {
        "insertions": 51,
        "deletions": 9,
        "sinceDate": "2017-09-29",
        "untilDate": "2017-10-06"
      },
      {
        "insertions": 964,
        "deletions": 474,
        "sinceDate": "2017-10-06",
        "untilDate": "2017-10-13"
      },
      {
        "insertions": 1131,
        "deletions": 375,
        "sinceDate": "2017-10-13",
        "untilDate": "2017-10-20"
      },
      {
        "insertions": 410,
        "deletions": 226,
        "sinceDate": "2017-10-20",
        "untilDate": "2017-10-27"
      },
      {
        "insertions": 0,
        "deletions": 0,
        "sinceDate": "2017-10-27",
        "untilDate": "2017-11-03"
      }
    ]
  },
  "authorDailyIntervalContributions": {
    "zacharytang": [
      {
        "insertions": 0,
        "deletions": 0,
        "sinceDate": "2017-09-01",
        "untilDate": "2017-09-02"
      },
      {
        "insertions": 0,
        "deletions": 0,
        "sinceDate": "2017-09-02",
        "untilDate": "2017-09-03"
      },
      {
        "insertions": 0,
        "deletions": 0,
        "sinceDate": "2017-09-03",
        "untilDate": "2017-09-04"
      },
      {
        "insertions": 0,
        "deletions": 0,
        "sinceDate": "2017-09-04",
        "untilDate": "2017-09-05"
      },
      {
        "insertions": 0,
        "deletions": 0,
        "sinceDate": "2017-09-05",
        "untilDate": "2017-09-06"
      },
      {
        "insertions": 0,
        "deletions": 0,
        "sinceDate": "2017-09-06",
        "untilDate": "2017-09-07"
      },
      {
        "insertions": 0,
        "deletions": 0,
        "sinceDate": "2017-09-07",
        "untilDate": "2017-09-08"
      },
      {
        "insertions": 0,
        "deletions": 0,
        "sinceDate": "2017-09-08",
        "untilDate": "2017-09-09"
      },
      {
        "insertions": 0,
        "deletions": 0,
        "sinceDate": "2017-09-09",
        "untilDate": "2017-09-10"
      },
      {
        "insertions": 0,
        "deletions": 0,
        "sinceDate": "2017-09-10",
        "untilDate": "2017-09-11"
      },
      {
        "insertions": 0,
        "deletions": 0,
        "sinceDate": "2017-09-11",
        "untilDate": "2017-09-12"
      },
      {
        "insertions": 0,
        "deletions": 0,
        "sinceDate": "2017-09-12",
        "untilDate": "2017-09-13"
      },
      {
        "insertions": 0,
        "deletions": 0,
        "sinceDate": "2017-09-13",
        "untilDate": "2017-09-14"
      },
      {
        "insertions": 0,
        "deletions": 0,
        "sinceDate": "2017-09-14",
        "untilDate": "2017-09-15"
      },
      {
        "insertions": 0,
        "deletions": 0,
        "sinceDate": "2017-09-15",
        "untilDate": "2017-09-16"
      },
      {
        "insertions": 0,
        "deletions": 0,
        "sinceDate": "2017-09-16",
        "untilDate": "2017-09-17"
      },
      {
        "insertions": 0,
        "deletions": 0,
        "sinceDate": "2017-09-17",
        "untilDate": "2017-09-18"
      },
      {
        "insertions": 0,
        "deletions": 0,
        "sinceDate": "2017-09-18",
        "untilDate": "2017-09-19"
      },
      {
        "insertions": 0,
        "deletions": 0,
        "sinceDate": "2017-09-19",
        "untilDate": "2017-09-20"
      },
      {
        "insertions": 0,
        "deletions": 0,
        "sinceDate": "2017-09-20",
        "untilDate": "2017-09-21"
      },
      {
        "insertions": 0,
        "deletions": 0,
        "sinceDate": "2017-09-21",
        "untilDate": "2017-09-22"
      },
      {
        "insertions": 0,
        "deletions": 0,
        "sinceDate": "2017-09-22",
        "untilDate": "2017-09-23"
      },
      {
        "insertions": 0,
        "deletions": 0,
        "sinceDate": "2017-09-23",
        "untilDate": "2017-09-24"
      },
      {
        "insertions": 0,
        "deletions": 0,
        "sinceDate": "2017-09-24",
        "untilDate": "2017-09-25"
      },
      {
        "insertions": 0,
        "deletions": 0,
        "sinceDate": "2017-09-25",
        "untilDate": "2017-09-26"
      },
      {
        "insertions": 0,
        "deletions": 0,
        "sinceDate": "2017-09-26",
        "untilDate": "2017-09-27"
      },
      {
        "insertions": 0,
        "deletions": 0,
        "sinceDate": "2017-09-27",
        "untilDate": "2017-09-28"
      },
      {
        "insertions": 0,
        "deletions": 0,
        "sinceDate": "2017-09-28",
        "untilDate": "2017-09-29"
      },
      {
        "insertions": 0,
        "deletions": 0,
        "sinceDate": "2017-09-29",
        "untilDate": "2017-09-30"
      },
      {
        "insertions": 0,
        "deletions": 0,
        "sinceDate": "2017-09-30",
        "untilDate": "2017-10-01"
      },
      {
        "insertions": 0,
        "deletions": 0,
        "sinceDate": "2017-10-01",
        "untilDate": "2017-10-02"
      },
      {
        "insertions": 0,
        "deletions": 0,
        "sinceDate": "2017-10-02",
        "untilDate": "2017-10-03"
      },
      {
        "insertions": 0,
        "deletions": 0,
        "sinceDate": "2017-10-03",
        "untilDate": "2017-10-04"
      },
      {
        "insertions": 5,
        "deletions": 5,
        "sinceDate": "2017-10-04",
        "untilDate": "2017-10-05"
      },
      {
        "insertions": 0,
        "deletions": 0,
        "sinceDate": "2017-10-05",
        "untilDate": "2017-10-06"
      },
      {
        "insertions": 4,
        "deletions": 4,
        "sinceDate": "2017-10-06",
        "untilDate": "2017-10-07"
      },
      {
        "insertions": 466,
        "deletions": 15,
        "sinceDate": "2017-10-07",
        "untilDate": "2017-10-08"
      },
      {
        "insertions": 44,
        "deletions": 21,
        "sinceDate": "2017-10-08",
        "untilDate": "2017-10-09"
      },
      {
        "insertions": 0,
        "deletions": 0,
        "sinceDate": "2017-10-09",
        "untilDate": "2017-10-10"
      },
      {
        "insertions": 0,
        "deletions": 0,
        "sinceDate": "2017-10-10",
        "untilDate": "2017-10-11"
      },
      {
        "insertions": 0,
        "deletions": 0,
        "sinceDate": "2017-10-11",
        "untilDate": "2017-10-12"
      },
      {
        "insertions": 0,
        "deletions": 0,
        "sinceDate": "2017-10-12",
        "untilDate": "2017-10-13"
      },
      {
        "insertions": 160,
        "deletions": 205,
        "sinceDate": "2017-10-13",
        "untilDate": "2017-10-14"
      },
      {
        "insertions": 0,
        "deletions": 0,
        "sinceDate": "2017-10-14",
        "untilDate": "2017-10-15"
      },
      {
        "insertions": 283,
        "deletions": 30,
        "sinceDate": "2017-10-15",
        "untilDate": "2017-10-16"
      },
      {
        "insertions": 13,
        "deletions": 4,
        "sinceDate": "2017-10-16",
        "untilDate": "2017-10-17"
      },
      {
        "insertions": 0,
        "deletions": 0,
        "sinceDate": "2017-10-17",
        "untilDate": "2017-10-18"
      },
      {
        "insertions": 0,
        "deletions": 0,
        "sinceDate": "2017-10-18",
        "untilDate": "2017-10-19"
      },
      {
        "insertions": 0,
        "deletions": 0,
        "sinceDate": "2017-10-19",
        "untilDate": "2017-10-20"
      },
      {
        "insertions": 0,
        "deletions": 0,
        "sinceDate": "2017-10-20",
        "untilDate": "2017-10-21"
      },
      {
        "insertions": 0,
        "deletions": 0,
        "sinceDate": "2017-10-21",
        "untilDate": "2017-10-22"
      },
      {
        "insertions": 0,
        "deletions": 0,
        "sinceDate": "2017-10-22",
        "untilDate": "2017-10-23"
      },
      {
        "insertions": 0,
        "deletions": 0,
        "sinceDate": "2017-10-23",
        "untilDate": "2017-10-24"
      },
      {
        "insertions": 0,
        "deletions": 0,
        "sinceDate": "2017-10-24",
        "untilDate": "2017-10-25"
      },
      {
        "insertions": 5,
        "deletions": 17,
        "sinceDate": "2017-10-25",
        "untilDate": "2017-10-26"
      },
      {
        "insertions": 0,
        "deletions": 0,
        "sinceDate": "2017-10-26",
        "untilDate": "2017-10-27"
      },
      {
        "insertions": 0,
        "deletions": 0,
        "sinceDate": "2017-10-27",
        "untilDate": "2017-10-28"
      },
      {
        "insertions": 0,
        "deletions": 0,
        "sinceDate": "2017-10-28",
        "untilDate": "2017-10-29"
      },
      {
        "insertions": 0,
        "deletions": 0,
        "sinceDate": "2017-10-29",
        "untilDate": "2017-10-30"
      }
    ],
    "CindyTsai1": [
      {
        "insertions": 0,
        "deletions": 0,
        "sinceDate": "2017-09-01",
        "untilDate": "2017-09-02"
      },
      {
        "insertions": 0,
        "deletions": 0,
        "sinceDate": "2017-09-02",
        "untilDate": "2017-09-03"
      },
      {
        "insertions": 0,
        "deletions": 0,
        "sinceDate": "2017-09-03",
        "untilDate": "2017-09-04"
      },
      {
        "insertions": 0,
        "deletions": 0,
        "sinceDate": "2017-09-04",
        "untilDate": "2017-09-05"
      },
      {
        "insertions": 0,
        "deletions": 0,
        "sinceDate": "2017-09-05",
        "untilDate": "2017-09-06"
      },
      {
        "insertions": 0,
        "deletions": 0,
        "sinceDate": "2017-09-06",
        "untilDate": "2017-09-07"
      },
      {
        "insertions": 0,
        "deletions": 0,
        "sinceDate": "2017-09-07",
        "untilDate": "2017-09-08"
      },
      {
        "insertions": 0,
        "deletions": 0,
        "sinceDate": "2017-09-08",
        "untilDate": "2017-09-09"
      },
      {
        "insertions": 0,
        "deletions": 0,
        "sinceDate": "2017-09-09",
        "untilDate": "2017-09-10"
      },
      {
        "insertions": 0,
        "deletions": 0,
        "sinceDate": "2017-09-10",
        "untilDate": "2017-09-11"
      },
      {
        "insertions": 0,
        "deletions": 0,
        "sinceDate": "2017-09-11",
        "untilDate": "2017-09-12"
      },
      {
        "insertions": 0,
        "deletions": 0,
        "sinceDate": "2017-09-12",
        "untilDate": "2017-09-13"
      },
      {
        "insertions": 0,
        "deletions": 0,
        "sinceDate": "2017-09-13",
        "untilDate": "2017-09-14"
      },
      {
        "insertions": 0,
        "deletions": 0,
        "sinceDate": "2017-09-14",
        "untilDate": "2017-09-15"
      },
      {
        "insertions": 0,
        "deletions": 0,
        "sinceDate": "2017-09-15",
        "untilDate": "2017-09-16"
      },
      {
        "insertions": 0,
        "deletions": 0,
        "sinceDate": "2017-09-16",
        "untilDate": "2017-09-17"
      },
      {
        "insertions": 0,
        "deletions": 0,
        "sinceDate": "2017-09-17",
        "untilDate": "2017-09-18"
      },
      {
        "insertions": 0,
        "deletions": 0,
        "sinceDate": "2017-09-18",
        "untilDate": "2017-09-19"
      },
      {
        "insertions": 0,
        "deletions": 0,
        "sinceDate": "2017-09-19",
        "untilDate": "2017-09-20"
      },
      {
        "insertions": 0,
        "deletions": 0,
        "sinceDate": "2017-09-20",
        "untilDate": "2017-09-21"
      },
      {
        "insertions": 0,
        "deletions": 0,
        "sinceDate": "2017-09-21",
        "untilDate": "2017-09-22"
      },
      {
        "insertions": 0,
        "deletions": 0,
        "sinceDate": "2017-09-22",
        "untilDate": "2017-09-23"
      },
      {
        "insertions": 0,
        "deletions": 0,
        "sinceDate": "2017-09-23",
        "untilDate": "2017-09-24"
      },
      {
        "insertions": 0,
        "deletions": 0,
        "sinceDate": "2017-09-24",
        "untilDate": "2017-09-25"
      },
      {
        "insertions": 0,
        "deletions": 0,
        "sinceDate": "2017-09-25",
        "untilDate": "2017-09-26"
      },
      {
        "insertions": 0,
        "deletions": 0,
        "sinceDate": "2017-09-26",
        "untilDate": "2017-09-27"
      },
      {
        "insertions": 0,
        "deletions": 0,
        "sinceDate": "2017-09-27",
        "untilDate": "2017-09-28"
      },
      {
        "insertions": 0,
        "deletions": 0,
        "sinceDate": "2017-09-28",
        "untilDate": "2017-09-29"
      },
      {
        "insertions": 0,
        "deletions": 0,
        "sinceDate": "2017-09-29",
        "untilDate": "2017-09-30"
      },
      {
        "insertions": 0,
        "deletions": 0,
        "sinceDate": "2017-09-30",
        "untilDate": "2017-10-01"
      },
      {
        "insertions": 0,
        "deletions": 0,
        "sinceDate": "2017-10-01",
        "untilDate": "2017-10-02"
      },
      {
        "insertions": 0,
        "deletions": 0,
        "sinceDate": "2017-10-02",
        "untilDate": "2017-10-03"
      },
      {
        "insertions": 0,
        "deletions": 0,
        "sinceDate": "2017-10-03",
        "untilDate": "2017-10-04"
      },
      {
        "insertions": 11,
        "deletions": 0,
        "sinceDate": "2017-10-04",
        "untilDate": "2017-10-05"
      },
      {
        "insertions": 0,
        "deletions": 0,
        "sinceDate": "2017-10-05",
        "untilDate": "2017-10-06"
      },
      {
        "insertions": 0,
        "deletions": 0,
        "sinceDate": "2017-10-06",
        "untilDate": "2017-10-07"
      },
      {
        "insertions": 0,
        "deletions": 0,
        "sinceDate": "2017-10-07",
        "untilDate": "2017-10-08"
      },
      {
        "insertions": 0,
        "deletions": 0,
        "sinceDate": "2017-10-08",
        "untilDate": "2017-10-09"
      },
      {
        "insertions": 0,
        "deletions": 0,
        "sinceDate": "2017-10-09",
        "untilDate": "2017-10-10"
      },
      {
        "insertions": 18,
        "deletions": 3,
        "sinceDate": "2017-10-10",
        "untilDate": "2017-10-11"
      },
      {
        "insertions": 104,
        "deletions": 18,
        "sinceDate": "2017-10-11",
        "untilDate": "2017-10-12"
      },
      {
        "insertions": 0,
        "deletions": 0,
        "sinceDate": "2017-10-12",
        "untilDate": "2017-10-13"
      },
      {
        "insertions": 0,
        "deletions": 0,
        "sinceDate": "2017-10-13",
        "untilDate": "2017-10-14"
      },
      {
        "insertions": 0,
        "deletions": 0,
        "sinceDate": "2017-10-14",
        "untilDate": "2017-10-15"
      },
      {
        "insertions": 0,
        "deletions": 0,
        "sinceDate": "2017-10-15",
        "untilDate": "2017-10-16"
      },
      {
        "insertions": 0,
        "deletions": 0,
        "sinceDate": "2017-10-16",
        "untilDate": "2017-10-17"
      },
      {
        "insertions": 0,
        "deletions": 0,
        "sinceDate": "2017-10-17",
        "untilDate": "2017-10-18"
      },
      {
        "insertions": 2,
        "deletions": 0,
        "sinceDate": "2017-10-18",
        "untilDate": "2017-10-19"
      },
      {
        "insertions": 92,
        "deletions": 43,
        "sinceDate": "2017-10-19",
        "untilDate": "2017-10-20"
      },
      {
        "insertions": 0,
        "deletions": 0,
        "sinceDate": "2017-10-20",
        "untilDate": "2017-10-21"
      },
      {
        "insertions": 0,
        "deletions": 0,
        "sinceDate": "2017-10-21",
        "untilDate": "2017-10-22"
      },
      {
        "insertions": 0,
        "deletions": 0,
        "sinceDate": "2017-10-22",
        "untilDate": "2017-10-23"
      },
      {
        "insertions": 17,
        "deletions": 1,
        "sinceDate": "2017-10-23",
        "untilDate": "2017-10-24"
      },
      {
        "insertions": 143,
        "deletions": 3,
        "sinceDate": "2017-10-24",
        "untilDate": "2017-10-25"
      },
      {
        "insertions": 0,
        "deletions": 0,
        "sinceDate": "2017-10-25",
        "untilDate": "2017-10-26"
      },
      {
        "insertions": 0,
        "deletions": 0,
        "sinceDate": "2017-10-26",
        "untilDate": "2017-10-27"
      },
      {
        "insertions": 0,
        "deletions": 0,
        "sinceDate": "2017-10-27",
        "untilDate": "2017-10-28"
      },
      {
        "insertions": 0,
        "deletions": 0,
        "sinceDate": "2017-10-28",
        "untilDate": "2017-10-29"
      },
      {
        "insertions": 0,
        "deletions": 0,
        "sinceDate": "2017-10-29",
        "untilDate": "2017-10-30"
      }
    ],
    "nbriannl": [
      {
        "insertions": 0,
        "deletions": 0,
        "sinceDate": "2017-09-01",
        "untilDate": "2017-09-02"
      },
      {
        "insertions": 0,
        "deletions": 0,
        "sinceDate": "2017-09-02",
        "untilDate": "2017-09-03"
      },
      {
        "insertions": 0,
        "deletions": 0,
        "sinceDate": "2017-09-03",
        "untilDate": "2017-09-04"
      },
      {
        "insertions": 0,
        "deletions": 0,
        "sinceDate": "2017-09-04",
        "untilDate": "2017-09-05"
      },
      {
        "insertions": 0,
        "deletions": 0,
        "sinceDate": "2017-09-05",
        "untilDate": "2017-09-06"
      },
      {
        "insertions": 0,
        "deletions": 0,
        "sinceDate": "2017-09-06",
        "untilDate": "2017-09-07"
      },
      {
        "insertions": 0,
        "deletions": 0,
        "sinceDate": "2017-09-07",
        "untilDate": "2017-09-08"
      },
      {
        "insertions": 0,
        "deletions": 0,
        "sinceDate": "2017-09-08",
        "untilDate": "2017-09-09"
      },
      {
        "insertions": 0,
        "deletions": 0,
        "sinceDate": "2017-09-09",
        "untilDate": "2017-09-10"
      },
      {
        "insertions": 0,
        "deletions": 0,
        "sinceDate": "2017-09-10",
        "untilDate": "2017-09-11"
      },
      {
        "insertions": 0,
        "deletions": 0,
        "sinceDate": "2017-09-11",
        "untilDate": "2017-09-12"
      },
      {
        "insertions": 0,
        "deletions": 0,
        "sinceDate": "2017-09-12",
        "untilDate": "2017-09-13"
      },
      {
        "insertions": 0,
        "deletions": 0,
        "sinceDate": "2017-09-13",
        "untilDate": "2017-09-14"
      },
      {
        "insertions": 0,
        "deletions": 0,
        "sinceDate": "2017-09-14",
        "untilDate": "2017-09-15"
      },
      {
        "insertions": 0,
        "deletions": 0,
        "sinceDate": "2017-09-15",
        "untilDate": "2017-09-16"
      },
      {
        "insertions": 0,
        "deletions": 0,
        "sinceDate": "2017-09-16",
        "untilDate": "2017-09-17"
      },
      {
        "insertions": 0,
        "deletions": 0,
        "sinceDate": "2017-09-17",
        "untilDate": "2017-09-18"
      },
      {
        "insertions": 0,
        "deletions": 0,
        "sinceDate": "2017-09-18",
        "untilDate": "2017-09-19"
      },
      {
        "insertions": 0,
        "deletions": 0,
        "sinceDate": "2017-09-19",
        "untilDate": "2017-09-20"
      },
      {
        "insertions": 0,
        "deletions": 0,
        "sinceDate": "2017-09-20",
        "untilDate": "2017-09-21"
      },
      {
        "insertions": 0,
        "deletions": 0,
        "sinceDate": "2017-09-21",
        "untilDate": "2017-09-22"
      },
      {
        "insertions": 0,
        "deletions": 0,
        "sinceDate": "2017-09-22",
        "untilDate": "2017-09-23"
      },
      {
        "insertions": 0,
        "deletions": 0,
        "sinceDate": "2017-09-23",
        "untilDate": "2017-09-24"
      },
      {
        "insertions": 0,
        "deletions": 0,
        "sinceDate": "2017-09-24",
        "untilDate": "2017-09-25"
      },
      {
        "insertions": 0,
        "deletions": 0,
        "sinceDate": "2017-09-25",
        "untilDate": "2017-09-26"
      },
      {
        "insertions": 0,
        "deletions": 0,
        "sinceDate": "2017-09-26",
        "untilDate": "2017-09-27"
      },
      {
        "insertions": 0,
        "deletions": 0,
        "sinceDate": "2017-09-27",
        "untilDate": "2017-09-28"
      },
      {
        "insertions": 0,
        "deletions": 0,
        "sinceDate": "2017-09-28",
        "untilDate": "2017-09-29"
      },
      {
        "insertions": 0,
        "deletions": 0,
        "sinceDate": "2017-09-29",
        "untilDate": "2017-09-30"
      },
      {
        "insertions": 0,
        "deletions": 0,
        "sinceDate": "2017-09-30",
        "untilDate": "2017-10-01"
      },
      {
        "insertions": 0,
        "deletions": 0,
        "sinceDate": "2017-10-01",
        "untilDate": "2017-10-02"
      },
      {
        "insertions": 0,
        "deletions": 0,
        "sinceDate": "2017-10-02",
        "untilDate": "2017-10-03"
      },
      {
        "insertions": 0,
        "deletions": 0,
        "sinceDate": "2017-10-03",
        "untilDate": "2017-10-04"
      },
      {
        "insertions": 34,
        "deletions": 0,
        "sinceDate": "2017-10-04",
        "untilDate": "2017-10-05"
      },
      {
        "insertions": 0,
        "deletions": 0,
        "sinceDate": "2017-10-05",
        "untilDate": "2017-10-06"
      },
      {
        "insertions": 139,
        "deletions": 24,
        "sinceDate": "2017-10-06",
        "untilDate": "2017-10-07"
      },
      {
        "insertions": 0,
        "deletions": 0,
        "sinceDate": "2017-10-07",
        "untilDate": "2017-10-08"
      },
      {
        "insertions": 69,
        "deletions": 4,
        "sinceDate": "2017-10-08",
        "untilDate": "2017-10-09"
      },
      {
        "insertions": 1,
        "deletions": 1,
        "sinceDate": "2017-10-09",
        "untilDate": "2017-10-10"
      },
      {
        "insertions": 7,
        "deletions": 6,
        "sinceDate": "2017-10-10",
        "untilDate": "2017-10-11"
      },
      {
        "insertions": 0,
        "deletions": 0,
        "sinceDate": "2017-10-11",
        "untilDate": "2017-10-12"
      },
      {
        "insertions": 0,
        "deletions": 0,
        "sinceDate": "2017-10-12",
        "untilDate": "2017-10-13"
      },
      {
        "insertions": 40,
        "deletions": 17,
        "sinceDate": "2017-10-13",
        "untilDate": "2017-10-14"
      },
      {
        "insertions": 0,
        "deletions": 0,
        "sinceDate": "2017-10-14",
        "untilDate": "2017-10-15"
      },
      {
        "insertions": 0,
        "deletions": 0,
        "sinceDate": "2017-10-15",
        "untilDate": "2017-10-16"
      },
      {
        "insertions": 363,
        "deletions": 89,
        "sinceDate": "2017-10-16",
        "untilDate": "2017-10-17"
      },
      {
        "insertions": 36,
        "deletions": 23,
        "sinceDate": "2017-10-17",
        "untilDate": "2017-10-18"
      },
      {
        "insertions": 0,
        "deletions": 0,
        "sinceDate": "2017-10-18",
        "untilDate": "2017-10-19"
      },
      {
        "insertions": 135,
        "deletions": 0,
        "sinceDate": "2017-10-19",
        "untilDate": "2017-10-20"
      },
      {
        "insertions": 0,
        "deletions": 0,
        "sinceDate": "2017-10-20",
        "untilDate": "2017-10-21"
      },
      {
        "insertions": 6,
        "deletions": 4,
        "sinceDate": "2017-10-21",
        "untilDate": "2017-10-22"
      },
      {
        "insertions": 0,
        "deletions": 0,
        "sinceDate": "2017-10-22",
        "untilDate": "2017-10-23"
      },
      {
        "insertions": 422,
        "deletions": 66,
        "sinceDate": "2017-10-23",
        "untilDate": "2017-10-24"
      },
      {
        "insertions": 17,
        "deletions": 152,
        "sinceDate": "2017-10-24",
        "untilDate": "2017-10-25"
      },
      {
        "insertions": 0,
        "deletions": 0,
        "sinceDate": "2017-10-25",
        "untilDate": "2017-10-26"
      },
      {
        "insertions": 0,
        "deletions": 0,
        "sinceDate": "2017-10-26",
        "untilDate": "2017-10-27"
      },
      {
        "insertions": 0,
        "deletions": 0,
        "sinceDate": "2017-10-27",
        "untilDate": "2017-10-28"
      },
      {
        "insertions": 0,
        "deletions": 0,
        "sinceDate": "2017-10-28",
        "untilDate": "2017-10-29"
      },
      {
        "insertions": 221,
        "deletions": 17,
        "sinceDate": "2017-10-29",
        "untilDate": "2017-10-30"
      }
    ],
    "April0616": [
      {
        "insertions": 0,
        "deletions": 0,
        "sinceDate": "2017-09-01",
        "untilDate": "2017-09-02"
      },
      {
        "insertions": 0,
        "deletions": 0,
        "sinceDate": "2017-09-02",
        "untilDate": "2017-09-03"
      },
      {
        "insertions": 0,
        "deletions": 0,
        "sinceDate": "2017-09-03",
        "untilDate": "2017-09-04"
      },
      {
        "insertions": 0,
        "deletions": 0,
        "sinceDate": "2017-09-04",
        "untilDate": "2017-09-05"
      },
      {
        "insertions": 0,
        "deletions": 0,
        "sinceDate": "2017-09-05",
        "untilDate": "2017-09-06"
      },
      {
        "insertions": 0,
        "deletions": 0,
        "sinceDate": "2017-09-06",
        "untilDate": "2017-09-07"
      },
      {
        "insertions": 0,
        "deletions": 0,
        "sinceDate": "2017-09-07",
        "untilDate": "2017-09-08"
      },
      {
        "insertions": 0,
        "deletions": 0,
        "sinceDate": "2017-09-08",
        "untilDate": "2017-09-09"
      },
      {
        "insertions": 0,
        "deletions": 0,
        "sinceDate": "2017-09-09",
        "untilDate": "2017-09-10"
      },
      {
        "insertions": 0,
        "deletions": 0,
        "sinceDate": "2017-09-10",
        "untilDate": "2017-09-11"
      },
      {
        "insertions": 0,
        "deletions": 0,
        "sinceDate": "2017-09-11",
        "untilDate": "2017-09-12"
      },
      {
        "insertions": 0,
        "deletions": 0,
        "sinceDate": "2017-09-12",
        "untilDate": "2017-09-13"
      },
      {
        "insertions": 0,
        "deletions": 0,
        "sinceDate": "2017-09-13",
        "untilDate": "2017-09-14"
      },
      {
        "insertions": 0,
        "deletions": 0,
        "sinceDate": "2017-09-14",
        "untilDate": "2017-09-15"
      },
      {
        "insertions": 0,
        "deletions": 0,
        "sinceDate": "2017-09-15",
        "untilDate": "2017-09-16"
      },
      {
        "insertions": 0,
        "deletions": 0,
        "sinceDate": "2017-09-16",
        "untilDate": "2017-09-17"
      },
      {
        "insertions": 0,
        "deletions": 0,
        "sinceDate": "2017-09-17",
        "untilDate": "2017-09-18"
      },
      {
        "insertions": 0,
        "deletions": 0,
        "sinceDate": "2017-09-18",
        "untilDate": "2017-09-19"
      },
      {
        "insertions": 0,
        "deletions": 0,
        "sinceDate": "2017-09-19",
        "untilDate": "2017-09-20"
      },
      {
        "insertions": 0,
        "deletions": 0,
        "sinceDate": "2017-09-20",
        "untilDate": "2017-09-21"
      },
      {
        "insertions": 0,
        "deletions": 0,
        "sinceDate": "2017-09-21",
        "untilDate": "2017-09-22"
      },
      {
        "insertions": 0,
        "deletions": 0,
        "sinceDate": "2017-09-22",
        "untilDate": "2017-09-23"
      },
      {
        "insertions": 0,
        "deletions": 0,
        "sinceDate": "2017-09-23",
        "untilDate": "2017-09-24"
      },
      {
        "insertions": 0,
        "deletions": 0,
        "sinceDate": "2017-09-24",
        "untilDate": "2017-09-25"
      },
      {
        "insertions": 0,
        "deletions": 0,
        "sinceDate": "2017-09-25",
        "untilDate": "2017-09-26"
      },
      {
        "insertions": 0,
        "deletions": 0,
        "sinceDate": "2017-09-26",
        "untilDate": "2017-09-27"
      },
      {
        "insertions": 0,
        "deletions": 0,
        "sinceDate": "2017-09-27",
        "untilDate": "2017-09-28"
      },
      {
        "insertions": 0,
        "deletions": 0,
        "sinceDate": "2017-09-28",
        "untilDate": "2017-09-29"
      },
      {
        "insertions": 0,
        "deletions": 0,
        "sinceDate": "2017-09-29",
        "untilDate": "2017-09-30"
      },
      {
        "insertions": 0,
        "deletions": 0,
        "sinceDate": "2017-09-30",
        "untilDate": "2017-10-01"
      },
      {
        "insertions": 0,
        "deletions": 0,
        "sinceDate": "2017-10-01",
        "untilDate": "2017-10-02"
      },
      {
        "insertions": 0,
        "deletions": 0,
        "sinceDate": "2017-10-02",
        "untilDate": "2017-10-03"
      },
      {
        "insertions": 0,
        "deletions": 0,
        "sinceDate": "2017-10-03",
        "untilDate": "2017-10-04"
      },
      {
        "insertions": 51,
        "deletions": 9,
        "sinceDate": "2017-10-04",
        "untilDate": "2017-10-05"
      },
      {
        "insertions": 0,
        "deletions": 0,
        "sinceDate": "2017-10-05",
        "untilDate": "2017-10-06"
      },
      {
        "insertions": 382,
        "deletions": 22,
        "sinceDate": "2017-10-06",
        "untilDate": "2017-10-07"
      },
      {
        "insertions": 0,
        "deletions": 0,
        "sinceDate": "2017-10-07",
        "untilDate": "2017-10-08"
      },
      {
        "insertions": 0,
        "deletions": 0,
        "sinceDate": "2017-10-08",
        "untilDate": "2017-10-09"
      },
      {
        "insertions": 229,
        "deletions": 70,
        "sinceDate": "2017-10-09",
        "untilDate": "2017-10-10"
      },
      {
        "insertions": 340,
        "deletions": 356,
        "sinceDate": "2017-10-10",
        "untilDate": "2017-10-11"
      },
      {
        "insertions": 11,
        "deletions": 24,
        "sinceDate": "2017-10-11",
        "untilDate": "2017-10-12"
      },
      {
        "insertions": 2,
        "deletions": 2,
        "sinceDate": "2017-10-12",
        "untilDate": "2017-10-13"
      },
      {
        "insertions": 0,
        "deletions": 0,
        "sinceDate": "2017-10-13",
        "untilDate": "2017-10-14"
      },
      {
        "insertions": 0,
        "deletions": 0,
        "sinceDate": "2017-10-14",
        "untilDate": "2017-10-15"
      },
      {
        "insertions": 0,
        "deletions": 0,
        "sinceDate": "2017-10-15",
        "untilDate": "2017-10-16"
      },
      {
        "insertions": 388,
        "deletions": 80,
        "sinceDate": "2017-10-16",
        "untilDate": "2017-10-17"
      },
      {
        "insertions": 649,
        "deletions": 248,
        "sinceDate": "2017-10-17",
        "untilDate": "2017-10-18"
      },
      {
        "insertions": 94,
        "deletions": 47,
        "sinceDate": "2017-10-18",
        "untilDate": "2017-10-19"
      },
      {
        "insertions": 0,
        "deletions": 0,
        "sinceDate": "2017-10-19",
        "untilDate": "2017-10-20"
      },
      {
        "insertions": 0,
        "deletions": 0,
        "sinceDate": "2017-10-20",
        "untilDate": "2017-10-21"
      },
      {
        "insertions": 70,
        "deletions": 25,
        "sinceDate": "2017-10-21",
        "untilDate": "2017-10-22"
      },
      {
        "insertions": 120,
        "deletions": 39,
        "sinceDate": "2017-10-22",
        "untilDate": "2017-10-23"
      },
      {
        "insertions": 0,
        "deletions": 0,
        "sinceDate": "2017-10-23",
        "untilDate": "2017-10-24"
      },
      {
        "insertions": 158,
        "deletions": 141,
        "sinceDate": "2017-10-24",
        "untilDate": "2017-10-25"
      },
      {
        "insertions": 62,
        "deletions": 21,
        "sinceDate": "2017-10-25",
        "untilDate": "2017-10-26"
      },
      {
        "insertions": 0,
        "deletions": 0,
        "sinceDate": "2017-10-26",
        "untilDate": "2017-10-27"
      },
      {
        "insertions": 0,
        "deletions": 0,
        "sinceDate": "2017-10-27",
        "untilDate": "2017-10-28"
      },
      {
        "insertions": 0,
        "deletions": 0,
        "sinceDate": "2017-10-28",
        "untilDate": "2017-10-29"
      },
      {
        "insertions": 0,
        "deletions": 0,
        "sinceDate": "2017-10-29",
        "untilDate": "2017-10-30"
      }
    ]
  },
  "authorFinalContributionMap": {
    "zacharytang": 680,
    "CindyTsai1": 347,
    "nbriannl": 1218,
    "April0616": 1490
  },
  "authorContributionVariance": {
    "zacharytang": 7456.0024,
    "CindyTsai1": 878.0694,
    "nbriannl": 8901.672,
    "April0616": 28668.04
  },
  "authorDisplayNameMap": {
    "zacharytang": "Zac",
    "CindyTsai1": "Cin",
    "nbriannl": "Nbr",
    "April0616": "Fan"
  }
}
