{
  "authorDailyContributionsMap": {
    "fakeAuthor": [],
    "harryggg": [
      {
        "insertions": 3,
        "deletions": 0,
        "date": "2018-02-06",
        "commitResults": [
          {
            "hash": "7d7584fc204922cc5ff3bd5ca073cad6bed2c46a",
            "message": "k",
            "insertions": 0,
            "deletions": 0
          },
          {
            "hash": "8d0ac2ee20f04dce8df0591caed460bffacb65a4",
            "message": "java",
            "insertions": 3,
            "deletions": 0
          }
        ]
      },
      {
        "insertions": 2,
        "deletions": 0,
        "date": "2018-02-07",
        "commitResults": [
          {
            "hash": "8e4ca1da5d413e9ab84a1e8d1474918afa97f7a1",
            "message": "yo",
            "insertions": 2,
            "deletions": 0
          }
        ]
      },
      {
        "insertions": 4,
        "deletions": 0,
        "date": "2018-02-09",
        "commitResults": [
          {
            "hash": "e3f699fd4ef128eebce98d5b4e5b3bb06a512f49",
            "message": "new",
            "insertions": 4,
            "deletions": 0
          }
        ]
      }
    ],
    "Eugene Peh": [],
    "eugenepeh": []
  },
  "authorFinalContributionMap": {
    "fakeAuthor": 0,
    "harryggg": 14,
    "Eugene Peh": 0,
    "eugenepeh": 0
  },
  "authorFileFormatContributionMap": {
    "fakeAuthor": {
      "java": 0,
      "adoc": 0
    },
    "harryggg": {
      "java": 14,
      "adoc": 0
    },
    "Eugene Peh": {
      "java": 0,
      "adoc": 0
    },
    "eugenepeh": {
      "java": 0,
      "adoc": 0
    }
  },
  "authorContributionVariance": {
    "fakeAuthor": 0.0,
    "harryggg": 2.1875,
    "Eugene Peh": 0.0,
    "eugenepeh": 0.0
  },
  "authorDisplayNameMap": {
    "fakeAuthor": "fakeAuthor",
    "harryggg": "harryggg",
    "Eugene Peh": "Eugene Peh",
    "eugenepeh": "eugenepeh"
  }
}
