{
  "authorWeeklyIntervalContributions": {
    "charlesgoh": [
      {
        "insertions": 536,
        "deletions": 145,
        "fromDate": "2017-09-30",
        "toDate": "2017-10-07"
      },
      {
        "insertions": 74,
        "deletions": 115,
        "fromDate": "2017-10-07",
        "toDate": "2017-10-14"
      },
      {
        "insertions": 336,
        "deletions": 78,
        "fromDate": "2017-10-14",
        "toDate": "2017-10-21"
      },
      {
        "insertions": 488,
        "deletions": 165,
        "fromDate": "2017-10-21",
        "toDate": "2017-10-28"
      },
      {
        "insertions": 1557,
        "deletions": 437,
        "fromDate": "2017-10-28",
        "toDate": "2017-11-04"
      },
      {
        "insertions": 3091,
        "deletions": 1243,
        "fromDate": "2017-11-04",
        "toDate": "2017-11-11"
      },
      {
        "insertions": 1415,
        "deletions": 617,
        "fromDate": "2017-11-11",
        "toDate": "2017-11-18"
      },
      {
        "insertions": 2,
        "deletions": 11,
        "fromDate": "2017-11-18",
        "toDate": "2017-11-25"
      }
    ],
    "jeffreygohkw": [
      {
        "insertions": 152,
        "deletions": 15,
        "fromDate": "2017-09-30",
        "toDate": "2017-10-07"
      },
      {
        "insertions": 419,
        "deletions": 84,
        "fromDate": "2017-10-07",
        "toDate": "2017-10-14"
      },
      {
        "insertions": 535,
        "deletions": 84,
        "fromDate": "2017-10-14",
        "toDate": "2017-10-21"
      },
      {
        "insertions": 950,
        "deletions": 229,
        "fromDate": "2017-10-21",
        "toDate": "2017-10-28"
      },
      {
        "insertions": 964,
        "deletions": 508,
        "fromDate": "2017-10-28",
        "toDate": "2017-11-04"
      },
      {
        "insertions": 2576,
        "deletions": 354,
        "fromDate": "2017-11-04",
        "toDate": "2017-11-11"
      },
      {
        "insertions": 2004,
        "deletions": 358,
        "fromDate": "2017-11-11",
        "toDate": "2017-11-18"
      },
      {
        "insertions": 15,
        "deletions": 47,
        "fromDate": "2017-11-18",
        "toDate": "2017-11-25"
      }
    ],
    "Esilocke": [
      {
        "insertions": 147,
        "deletions": 47,
        "fromDate": "2017-09-30",
        "toDate": "2017-10-07"
      },
      {
        "insertions": 665,
        "deletions": 82,
        "fromDate": "2017-10-07",
        "toDate": "2017-10-14"
      },
      {
        "insertions": 745,
        "deletions": 227,
        "fromDate": "2017-10-14",
        "toDate": "2017-10-21"
      },
      {
        "insertions": 1850,
        "deletions": 239,
        "fromDate": "2017-10-21",
        "toDate": "2017-10-28"
      },
      {
        "insertions": 2482,
        "deletions": 469,
        "fromDate": "2017-10-28",
        "toDate": "2017-11-04"
      },
      {
        "insertions": 4759,
        "deletions": 2706,
        "fromDate": "2017-11-04",
        "toDate": "2017-11-11"
      },
      {
        "insertions": 2958,
        "deletions": 757,
        "fromDate": "2017-11-11",
        "toDate": "2017-11-18"
      },
      {
        "insertions": 0,
        "deletions": 0,
        "fromDate": "2017-11-18",
        "toDate": "2017-11-25"
      }
    ],
    "wangyiming1019": [
      {
        "insertions": 41,
        "deletions": 21,
        "fromDate": "2017-09-30",
        "toDate": "2017-10-07"
      },
      {
        "insertions": 410,
        "deletions": 141,
        "fromDate": "2017-10-07",
        "toDate": "2017-10-14"
      },
      {
        "insertions": 820,
        "deletions": 293,
        "fromDate": "2017-10-14",
        "toDate": "2017-10-21"
      },
      {
        "insertions": 1735,
        "deletions": 653,
        "fromDate": "2017-10-21",
        "toDate": "2017-10-28"
      },
      {
        "insertions": 914,
        "deletions": 511,
        "fromDate": "2017-10-28",
        "toDate": "2017-11-04"
      },
      {
        "insertions": 530,
        "deletions": 113,
        "fromDate": "2017-11-04",
        "toDate": "2017-11-11"
      },
      {
        "insertions": 878,
        "deletions": 136,
        "fromDate": "2017-11-11",
        "toDate": "2017-11-18"
      },
      {
        "insertions": 0,
        "deletions": 0,
        "fromDate": "2017-11-18",
        "toDate": "2017-11-25"
      }
    ]
  },
  "authorDailyIntervalContributions": {
    "charlesgoh": [
      {
        "insertions": 57,
        "deletions": 0,
        "fromDate": "2017-09-30",
        "toDate": "2017-10-01"
      },
      {
        "insertions": 408,
        "deletions": 96,
        "fromDate": "2017-10-01",
        "toDate": "2017-10-02"
      },
      {
        "insertions": 3,
        "deletions": 3,
        "fromDate": "2017-10-02",
        "toDate": "2017-10-03"
      },
      {
        "insertions": 0,
        "deletions": 0,
        "fromDate": "2017-10-03",
        "toDate": "2017-10-04"
      },
      {
        "insertions": 68,
        "deletions": 46,
        "fromDate": "2017-10-04",
        "toDate": "2017-10-05"
      },
      {
        "insertions": 0,
        "deletions": 0,
        "fromDate": "2017-10-05",
        "toDate": "2017-10-06"
      },
      {
        "insertions": 0,
        "deletions": 0,
        "fromDate": "2017-10-06",
        "toDate": "2017-10-07"
      },
      {
        "insertions": 7,
        "deletions": 45,
        "fromDate": "2017-10-07",
        "toDate": "2017-10-08"
      },
      {
        "insertions": 0,
        "deletions": 0,
        "fromDate": "2017-10-08",
        "toDate": "2017-10-09"
      },
      {
        "insertions": 22,
        "deletions": 30,
        "fromDate": "2017-10-09",
        "toDate": "2017-10-10"
      },
      {
        "insertions": 17,
        "deletions": 6,
        "fromDate": "2017-10-10",
        "toDate": "2017-10-11"
      },
      {
        "insertions": 28,
        "deletions": 34,
        "fromDate": "2017-10-11",
        "toDate": "2017-10-12"
      },
      {
        "insertions": 0,
        "deletions": 0,
        "fromDate": "2017-10-12",
        "toDate": "2017-10-13"
      },
      {
        "insertions": 0,
        "deletions": 0,
        "fromDate": "2017-10-13",
        "toDate": "2017-10-14"
      },
      {
        "insertions": 0,
        "deletions": 0,
        "fromDate": "2017-10-14",
        "toDate": "2017-10-15"
      },
      {
        "insertions": 90,
        "deletions": 3,
        "fromDate": "2017-10-15",
        "toDate": "2017-10-16"
      },
      {
        "insertions": 0,
        "deletions": 0,
        "fromDate": "2017-10-16",
        "toDate": "2017-10-17"
      },
      {
        "insertions": 30,
        "deletions": 3,
        "fromDate": "2017-10-17",
        "toDate": "2017-10-18"
      },
      {
        "insertions": 97,
        "deletions": 53,
        "fromDate": "2017-10-18",
        "toDate": "2017-10-19"
      },
      {
        "insertions": 31,
        "deletions": 10,
        "fromDate": "2017-10-19",
        "toDate": "2017-10-20"
      },
      {
        "insertions": 88,
        "deletions": 9,
        "fromDate": "2017-10-20",
        "toDate": "2017-10-21"
      },
      {
        "insertions": 0,
        "deletions": 0,
        "fromDate": "2017-10-21",
        "toDate": "2017-10-22"
      },
      {
        "insertions": 270,
        "deletions": 28,
        "fromDate": "2017-10-22",
        "toDate": "2017-10-23"
      },
      {
        "insertions": 144,
        "deletions": 75,
        "fromDate": "2017-10-23",
        "toDate": "2017-10-24"
      },
      {
        "insertions": 73,
        "deletions": 61,
        "fromDate": "2017-10-24",
        "toDate": "2017-10-25"
      },
      {
        "insertions": 1,
        "deletions": 1,
        "fromDate": "2017-10-25",
        "toDate": "2017-10-26"
      },
      {
        "insertions": 0,
        "deletions": 0,
        "fromDate": "2017-10-26",
        "toDate": "2017-10-27"
      },
      {
        "insertions": 0,
        "deletions": 0,
        "fromDate": "2017-10-27",
        "toDate": "2017-10-28"
      },
      {
        "insertions": 29,
        "deletions": 29,
        "fromDate": "2017-10-28",
        "toDate": "2017-10-29"
      },
      {
        "insertions": 216,
        "deletions": 69,
        "fromDate": "2017-10-29",
        "toDate": "2017-10-30"
      },
      {
        "insertions": 190,
        "deletions": 205,
        "fromDate": "2017-10-30",
        "toDate": "2017-10-31"
      },
      {
        "insertions": 540,
        "deletions": 47,
        "fromDate": "2017-10-31",
        "toDate": "2017-11-01"
      },
      {
        "insertions": 84,
        "deletions": 5,
        "fromDate": "2017-11-01",
        "toDate": "2017-11-02"
      },
      {
        "insertions": 438,
        "deletions": 78,
        "fromDate": "2017-11-02",
        "toDate": "2017-11-03"
      },
      {
        "insertions": 60,
        "deletions": 4,
        "fromDate": "2017-11-03",
        "toDate": "2017-11-04"
      },
      {
        "insertions": 443,
        "deletions": 120,
        "fromDate": "2017-11-04",
        "toDate": "2017-11-05"
      },
      {
        "insertions": 609,
        "deletions": 290,
        "fromDate": "2017-11-05",
        "toDate": "2017-11-06"
      },
      {
        "insertions": 248,
        "deletions": 97,
        "fromDate": "2017-11-06",
        "toDate": "2017-11-07"
      },
      {
        "insertions": 444,
        "deletions": 184,
        "fromDate": "2017-11-07",
        "toDate": "2017-11-08"
      },
      {
        "insertions": 798,
        "deletions": 356,
        "fromDate": "2017-11-08",
        "toDate": "2017-11-09"
      },
      {
        "insertions": 448,
        "deletions": 83,
        "fromDate": "2017-11-09",
        "toDate": "2017-11-10"
      },
      {
        "insertions": 101,
        "deletions": 113,
        "fromDate": "2017-11-10",
        "toDate": "2017-11-11"
      },
      {
        "insertions": 812,
        "deletions": 497,
        "fromDate": "2017-11-11",
        "toDate": "2017-11-12"
      },
      {
        "insertions": 273,
        "deletions": 114,
        "fromDate": "2017-11-12",
        "toDate": "2017-11-13"
      },
      {
        "insertions": 330,
        "deletions": 6,
        "fromDate": "2017-11-13",
        "toDate": "2017-11-14"
      },
      {
        "insertions": 0,
        "deletions": 0,
        "fromDate": "2017-11-14",
        "toDate": "2017-11-15"
      },
      {
        "insertions": 0,
        "deletions": 0,
        "fromDate": "2017-11-15",
        "toDate": "2017-11-16"
      },
      {
        "insertions": 0,
        "deletions": 0,
        "fromDate": "2017-11-16",
        "toDate": "2017-11-17"
      },
      {
        "insertions": 0,
        "deletions": 0,
        "fromDate": "2017-11-17",
        "toDate": "2017-11-18"
      },
      {
        "insertions": 0,
        "deletions": 0,
        "fromDate": "2017-11-18",
        "toDate": "2017-11-19"
      },
      {
        "insertions": 0,
        "deletions": 0,
        "fromDate": "2017-11-19",
        "toDate": "2017-11-20"
      },
      {
        "insertions": 2,
        "deletions": 11,
        "fromDate": "2017-11-20",
        "toDate": "2017-11-21"
      }
    ],
    "jeffreygohkw": [
      {
        "insertions": 0,
        "deletions": 0,
        "fromDate": "2017-09-30",
        "toDate": "2017-10-01"
      },
      {
        "insertions": 6,
        "deletions": 7,
        "fromDate": "2017-10-01",
        "toDate": "2017-10-02"
      },
      {
        "insertions": 43,
        "deletions": 3,
        "fromDate": "2017-10-02",
        "toDate": "2017-10-03"
      },
      {
        "insertions": 46,
        "deletions": 0,
        "fromDate": "2017-10-03",
        "toDate": "2017-10-04"
      },
      {
        "insertions": 57,
        "deletions": 5,
        "fromDate": "2017-10-04",
        "toDate": "2017-10-05"
      },
      {
        "insertions": 0,
        "deletions": 0,
        "fromDate": "2017-10-05",
        "toDate": "2017-10-06"
      },
      {
        "insertions": 0,
        "deletions": 0,
        "fromDate": "2017-10-06",
        "toDate": "2017-10-07"
      },
      {
        "insertions": 0,
        "deletions": 0,
        "fromDate": "2017-10-07",
        "toDate": "2017-10-08"
      },
      {
        "insertions": 141,
        "deletions": 35,
        "fromDate": "2017-10-08",
        "toDate": "2017-10-09"
      },
      {
        "insertions": 1,
        "deletions": 1,
        "fromDate": "2017-10-09",
        "toDate": "2017-10-10"
      },
      {
        "insertions": 84,
        "deletions": 3,
        "fromDate": "2017-10-10",
        "toDate": "2017-10-11"
      },
      {
        "insertions": 10,
        "deletions": 3,
        "fromDate": "2017-10-11",
        "toDate": "2017-10-12"
      },
      {
        "insertions": 38,
        "deletions": 2,
        "fromDate": "2017-10-12",
        "toDate": "2017-10-13"
      },
      {
        "insertions": 145,
        "deletions": 40,
        "fromDate": "2017-10-13",
        "toDate": "2017-10-14"
      },
      {
        "insertions": 76,
        "deletions": 12,
        "fromDate": "2017-10-14",
        "toDate": "2017-10-15"
      },
      {
        "insertions": 254,
        "deletions": 57,
        "fromDate": "2017-10-15",
        "toDate": "2017-10-16"
      },
      {
        "insertions": 124,
        "deletions": 15,
        "fromDate": "2017-10-16",
        "toDate": "2017-10-17"
      },
      {
        "insertions": 0,
        "deletions": 0,
        "fromDate": "2017-10-17",
        "toDate": "2017-10-18"
      },
      {
        "insertions": 0,
        "deletions": 0,
        "fromDate": "2017-10-18",
        "toDate": "2017-10-19"
      },
      {
        "insertions": 81,
        "deletions": 0,
        "fromDate": "2017-10-19",
        "toDate": "2017-10-20"
      },
      {
        "insertions": 0,
        "deletions": 0,
        "fromDate": "2017-10-20",
        "toDate": "2017-10-21"
      },
      {
        "insertions": 44,
        "deletions": 6,
        "fromDate": "2017-10-21",
        "toDate": "2017-10-22"
      },
      {
        "insertions": 309,
        "deletions": 111,
        "fromDate": "2017-10-22",
        "toDate": "2017-10-23"
      },
      {
        "insertions": 360,
        "deletions": 66,
        "fromDate": "2017-10-23",
        "toDate": "2017-10-24"
      },
      {
        "insertions": 209,
        "deletions": 39,
        "fromDate": "2017-10-24",
        "toDate": "2017-10-25"
      },
      {
        "insertions": 0,
        "deletions": 0,
        "fromDate": "2017-10-25",
        "toDate": "2017-10-26"
      },
      {
        "insertions": 28,
        "deletions": 7,
        "fromDate": "2017-10-26",
        "toDate": "2017-10-27"
      },
      {
        "insertions": 0,
        "deletions": 0,
        "fromDate": "2017-10-27",
        "toDate": "2017-10-28"
      },
      {
        "insertions": 546,
        "deletions": 61,
        "fromDate": "2017-10-28",
        "toDate": "2017-10-29"
      },
      {
        "insertions": 313,
        "deletions": 138,
        "fromDate": "2017-10-29",
        "toDate": "2017-10-30"
      },
      {
        "insertions": 20,
        "deletions": 283,
        "fromDate": "2017-10-30",
        "toDate": "2017-10-31"
      },
      {
        "insertions": 0,
        "deletions": 0,
        "fromDate": "2017-10-31",
        "toDate": "2017-11-01"
      },
      {
        "insertions": 70,
        "deletions": 18,
        "fromDate": "2017-11-01",
        "toDate": "2017-11-02"
      },
      {
        "insertions": 0,
        "deletions": 0,
        "fromDate": "2017-11-02",
        "toDate": "2017-11-03"
      },
      {
        "insertions": 15,
        "deletions": 8,
        "fromDate": "2017-11-03",
        "toDate": "2017-11-04"
      },
      {
        "insertions": 361,
        "deletions": 20,
        "fromDate": "2017-11-04",
        "toDate": "2017-11-05"
      },
      {
        "insertions": 934,
        "deletions": 123,
        "fromDate": "2017-11-05",
        "toDate": "2017-11-06"
      },
      {
        "insertions": 0,
        "deletions": 0,
        "fromDate": "2017-11-06",
        "toDate": "2017-11-07"
      },
      {
        "insertions": 424,
        "deletions": 86,
        "fromDate": "2017-11-07",
        "toDate": "2017-11-08"
      },
      {
        "insertions": 278,
        "deletions": 33,
        "fromDate": "2017-11-08",
        "toDate": "2017-11-09"
      },
      {
        "insertions": 0,
        "deletions": 0,
        "fromDate": "2017-11-09",
        "toDate": "2017-11-10"
      },
      {
        "insertions": 579,
        "deletions": 92,
        "fromDate": "2017-11-10",
        "toDate": "2017-11-11"
      },
      {
        "insertions": 528,
        "deletions": 205,
        "fromDate": "2017-11-11",
        "toDate": "2017-11-12"
      },
      {
        "insertions": 405,
        "deletions": 85,
        "fromDate": "2017-11-12",
        "toDate": "2017-11-13"
      },
      {
        "insertions": 1071,
        "deletions": 68,
        "fromDate": "2017-11-13",
        "toDate": "2017-11-14"
      },
      {
        "insertions": 0,
        "deletions": 0,
        "fromDate": "2017-11-14",
        "toDate": "2017-11-15"
      },
      {
        "insertions": 0,
        "deletions": 0,
        "fromDate": "2017-11-15",
        "toDate": "2017-11-16"
      },
      {
        "insertions": 0,
        "deletions": 0,
        "fromDate": "2017-11-16",
        "toDate": "2017-11-17"
      },
      {
        "insertions": 0,
        "deletions": 0,
        "fromDate": "2017-11-17",
        "toDate": "2017-11-18"
      },
      {
        "insertions": 0,
        "deletions": 0,
        "fromDate": "2017-11-18",
        "toDate": "2017-11-19"
      },
      {
        "insertions": 15,
        "deletions": 47,
        "fromDate": "2017-11-19",
        "toDate": "2017-11-20"
      },
      {
        "insertions": 0,
        "deletions": 0,
        "fromDate": "2017-11-20",
        "toDate": "2017-11-21"
      }
    ],
    "Esilocke": [
      {
        "insertions": 0,
        "deletions": 0,
        "fromDate": "2017-09-30",
        "toDate": "2017-10-01"
      },
      {
        "insertions": 94,
        "deletions": 1,
        "fromDate": "2017-10-01",
        "toDate": "2017-10-02"
      },
      {
        "insertions": 0,
        "deletions": 0,
        "fromDate": "2017-10-02",
        "toDate": "2017-10-03"
      },
      {
        "insertions": 52,
        "deletions": 44,
        "fromDate": "2017-10-03",
        "toDate": "2017-10-04"
      },
      {
        "insertions": 1,
        "deletions": 2,
        "fromDate": "2017-10-04",
        "toDate": "2017-10-05"
      },
      {
        "insertions": 0,
        "deletions": 0,
        "fromDate": "2017-10-05",
        "toDate": "2017-10-06"
      },
      {
        "insertions": 0,
        "deletions": 0,
        "fromDate": "2017-10-06",
        "toDate": "2017-10-07"
      },
      {
        "insertions": 7,
        "deletions": 10,
        "fromDate": "2017-10-07",
        "toDate": "2017-10-08"
      },
      {
        "insertions": 0,
        "deletions": 0,
        "fromDate": "2017-10-08",
        "toDate": "2017-10-09"
      },
      {
        "insertions": 0,
        "deletions": 0,
        "fromDate": "2017-10-09",
        "toDate": "2017-10-10"
      },
      {
        "insertions": 200,
        "deletions": 57,
        "fromDate": "2017-10-10",
        "toDate": "2017-10-11"
      },
      {
        "insertions": 16,
        "deletions": 0,
        "fromDate": "2017-10-11",
        "toDate": "2017-10-12"
      },
      {
        "insertions": 442,
        "deletions": 15,
        "fromDate": "2017-10-12",
        "toDate": "2017-10-13"
      },
      {
        "insertions": 0,
        "deletions": 0,
        "fromDate": "2017-10-13",
        "toDate": "2017-10-14"
      },
      {
        "insertions": 0,
        "deletions": 0,
        "fromDate": "2017-10-14",
        "toDate": "2017-10-15"
      },
      {
        "insertions": 0,
        "deletions": 0,
        "fromDate": "2017-10-15",
        "toDate": "2017-10-16"
      },
      {
        "insertions": 0,
        "deletions": 0,
        "fromDate": "2017-10-16",
        "toDate": "2017-10-17"
      },
      {
        "insertions": 4,
        "deletions": 2,
        "fromDate": "2017-10-17",
        "toDate": "2017-10-18"
      },
      {
        "insertions": 56,
        "deletions": 0,
        "fromDate": "2017-10-18",
        "toDate": "2017-10-19"
      },
      {
        "insertions": 229,
        "deletions": 11,
        "fromDate": "2017-10-19",
        "toDate": "2017-10-20"
      },
      {
        "insertions": 456,
        "deletions": 214,
        "fromDate": "2017-10-20",
        "toDate": "2017-10-21"
      },
      {
        "insertions": 0,
        "deletions": 0,
        "fromDate": "2017-10-21",
        "toDate": "2017-10-22"
      },
      {
        "insertions": 132,
        "deletions": 68,
        "fromDate": "2017-10-22",
        "toDate": "2017-10-23"
      },
      {
        "insertions": 183,
        "deletions": 20,
        "fromDate": "2017-10-23",
        "toDate": "2017-10-24"
      },
      {
        "insertions": 776,
        "deletions": 98,
        "fromDate": "2017-10-24",
        "toDate": "2017-10-25"
      },
      {
        "insertions": 0,
        "deletions": 0,
        "fromDate": "2017-10-25",
        "toDate": "2017-10-26"
      },
      {
        "insertions": 759,
        "deletions": 53,
        "fromDate": "2017-10-26",
        "toDate": "2017-10-27"
      },
      {
        "insertions": 0,
        "deletions": 0,
        "fromDate": "2017-10-27",
        "toDate": "2017-10-28"
      },
      {
        "insertions": 331,
        "deletions": 34,
        "fromDate": "2017-10-28",
        "toDate": "2017-10-29"
      },
      {
        "insertions": 0,
        "deletions": 0,
        "fromDate": "2017-10-29",
        "toDate": "2017-10-30"
      },
      {
        "insertions": 132,
        "deletions": 43,
        "fromDate": "2017-10-30",
        "toDate": "2017-10-31"
      },
      {
        "insertions": 895,
        "deletions": 154,
        "fromDate": "2017-10-31",
        "toDate": "2017-11-01"
      },
      {
        "insertions": 702,
        "deletions": 75,
        "fromDate": "2017-11-01",
        "toDate": "2017-11-02"
      },
      {
        "insertions": 41,
        "deletions": 105,
        "fromDate": "2017-11-02",
        "toDate": "2017-11-03"
      },
      {
        "insertions": 381,
        "deletions": 58,
        "fromDate": "2017-11-03",
        "toDate": "2017-11-04"
      },
      {
        "insertions": 339,
        "deletions": 79,
        "fromDate": "2017-11-04",
        "toDate": "2017-11-05"
      },
      {
        "insertions": 267,
        "deletions": 124,
        "fromDate": "2017-11-05",
        "toDate": "2017-11-06"
      },
      {
        "insertions": 9,
        "deletions": 15,
        "fromDate": "2017-11-06",
        "toDate": "2017-11-07"
      },
      {
        "insertions": 405,
        "deletions": 52,
        "fromDate": "2017-11-07",
        "toDate": "2017-11-08"
      },
      {
        "insertions": 201,
        "deletions": 29,
        "fromDate": "2017-11-08",
        "toDate": "2017-11-09"
      },
      {
        "insertions": 1681,
        "deletions": 1550,
        "fromDate": "2017-11-09",
        "toDate": "2017-11-10"
      },
      {
        "insertions": 1857,
        "deletions": 857,
        "fromDate": "2017-11-10",
        "toDate": "2017-11-11"
      },
      {
        "insertions": 854,
        "deletions": 131,
        "fromDate": "2017-11-11",
        "toDate": "2017-11-12"
      },
      {
        "insertions": 816,
        "deletions": 297,
        "fromDate": "2017-11-12",
        "toDate": "2017-11-13"
      },
      {
        "insertions": 1288,
        "deletions": 329,
        "fromDate": "2017-11-13",
        "toDate": "2017-11-14"
      },
      {
        "insertions": 0,
        "deletions": 0,
        "fromDate": "2017-11-14",
        "toDate": "2017-11-15"
      },
      {
        "insertions": 0,
        "deletions": 0,
        "fromDate": "2017-11-15",
        "toDate": "2017-11-16"
      },
      {
        "insertions": 0,
        "deletions": 0,
        "fromDate": "2017-11-16",
        "toDate": "2017-11-17"
      },
      {
        "insertions": 0,
        "deletions": 0,
        "fromDate": "2017-11-17",
        "toDate": "2017-11-18"
      },
      {
        "insertions": 0,
        "deletions": 0,
        "fromDate": "2017-11-18",
        "toDate": "2017-11-19"
      },
      {
        "insertions": 0,
        "deletions": 0,
        "fromDate": "2017-11-19",
        "toDate": "2017-11-20"
      },
      {
        "insertions": 0,
        "deletions": 0,
        "fromDate": "2017-11-20",
        "toDate": "2017-11-21"
      }
    ],
    "wangyiming1019": [
      {
        "insertions": 0,
        "deletions": 0,
        "fromDate": "2017-09-30",
        "toDate": "2017-10-01"
      },
      {
        "insertions": 0,
        "deletions": 0,
        "fromDate": "2017-10-01",
        "toDate": "2017-10-02"
      },
      {
        "insertions": 0,
        "deletions": 0,
        "fromDate": "2017-10-02",
        "toDate": "2017-10-03"
      },
      {
        "insertions": 41,
        "deletions": 21,
        "fromDate": "2017-10-03",
        "toDate": "2017-10-04"
      },
      {
        "insertions": 0,
        "deletions": 0,
        "fromDate": "2017-10-04",
        "toDate": "2017-10-05"
      },
      {
        "insertions": 0,
        "deletions": 0,
        "fromDate": "2017-10-05",
        "toDate": "2017-10-06"
      },
      {
        "insertions": 0,
        "deletions": 0,
        "fromDate": "2017-10-06",
        "toDate": "2017-10-07"
      },
      {
        "insertions": 0,
        "deletions": 0,
        "fromDate": "2017-10-07",
        "toDate": "2017-10-08"
      },
      {
        "insertions": 0,
        "deletions": 0,
        "fromDate": "2017-10-08",
        "toDate": "2017-10-09"
      },
      {
        "insertions": 0,
        "deletions": 0,
        "fromDate": "2017-10-09",
        "toDate": "2017-10-10"
      },
      {
        "insertions": 410,
        "deletions": 141,
        "fromDate": "2017-10-10",
        "toDate": "2017-10-11"
      },
      {
        "insertions": 0,
        "deletions": 0,
        "fromDate": "2017-10-11",
        "toDate": "2017-10-12"
      },
      {
        "insertions": 0,
        "deletions": 0,
        "fromDate": "2017-10-12",
        "toDate": "2017-10-13"
      },
      {
        "insertions": 0,
        "deletions": 0,
        "fromDate": "2017-10-13",
        "toDate": "2017-10-14"
      },
      {
        "insertions": 0,
        "deletions": 0,
        "fromDate": "2017-10-14",
        "toDate": "2017-10-15"
      },
      {
        "insertions": 54,
        "deletions": 12,
        "fromDate": "2017-10-15",
        "toDate": "2017-10-16"
      },
      {
        "insertions": 560,
        "deletions": 137,
        "fromDate": "2017-10-16",
        "toDate": "2017-10-17"
      },
      {
        "insertions": 71,
        "deletions": 69,
        "fromDate": "2017-10-17",
        "toDate": "2017-10-18"
      },
      {
        "insertions": 0,
        "deletions": 0,
        "fromDate": "2017-10-18",
        "toDate": "2017-10-19"
      },
      {
        "insertions": 0,
        "deletions": 0,
        "fromDate": "2017-10-19",
        "toDate": "2017-10-20"
      },
      {
        "insertions": 135,
        "deletions": 75,
        "fromDate": "2017-10-20",
        "toDate": "2017-10-21"
      },
      {
        "insertions": 990,
        "deletions": 552,
        "fromDate": "2017-10-21",
        "toDate": "2017-10-22"
      },
      {
        "insertions": 32,
        "deletions": 29,
        "fromDate": "2017-10-22",
        "toDate": "2017-10-23"
      },
      {
        "insertions": 19,
        "deletions": 25,
        "fromDate": "2017-10-23",
        "toDate": "2017-10-24"
      },
      {
        "insertions": 1,
        "deletions": 1,
        "fromDate": "2017-10-24",
        "toDate": "2017-10-25"
      },
      {
        "insertions": 693,
        "deletions": 46,
        "fromDate": "2017-10-25",
        "toDate": "2017-10-26"
      },
      {
        "insertions": 0,
        "deletions": 0,
        "fromDate": "2017-10-26",
        "toDate": "2017-10-27"
      },
      {
        "insertions": 0,
        "deletions": 0,
        "fromDate": "2017-10-27",
        "toDate": "2017-10-28"
      },
      {
        "insertions": 0,
        "deletions": 0,
        "fromDate": "2017-10-28",
        "toDate": "2017-10-29"
      },
      {
        "insertions": 489,
        "deletions": 86,
        "fromDate": "2017-10-29",
        "toDate": "2017-10-30"
      },
      {
        "insertions": 346,
        "deletions": 378,
        "fromDate": "2017-10-30",
        "toDate": "2017-10-31"
      },
      {
        "insertions": 0,
        "deletions": 0,
        "fromDate": "2017-10-31",
        "toDate": "2017-11-01"
      },
      {
        "insertions": 79,
        "deletions": 47,
        "fromDate": "2017-11-01",
        "toDate": "2017-11-02"
      },
      {
        "insertions": 0,
        "deletions": 0,
        "fromDate": "2017-11-02",
        "toDate": "2017-11-03"
      },
      {
        "insertions": 0,
        "deletions": 0,
        "fromDate": "2017-11-03",
        "toDate": "2017-11-04"
      },
      {
        "insertions": 0,
        "deletions": 0,
        "fromDate": "2017-11-04",
        "toDate": "2017-11-05"
      },
      {
        "insertions": 226,
        "deletions": 21,
        "fromDate": "2017-11-05",
        "toDate": "2017-11-06"
      },
      {
        "insertions": 0,
        "deletions": 0,
        "fromDate": "2017-11-06",
        "toDate": "2017-11-07"
      },
      {
        "insertions": 96,
        "deletions": 8,
        "fromDate": "2017-11-07",
        "toDate": "2017-11-08"
      },
      {
        "insertions": 0,
        "deletions": 0,
        "fromDate": "2017-11-08",
        "toDate": "2017-11-09"
      },
      {
        "insertions": 10,
        "deletions": 8,
        "fromDate": "2017-11-09",
        "toDate": "2017-11-10"
      },
      {
        "insertions": 198,
        "deletions": 76,
        "fromDate": "2017-11-10",
        "toDate": "2017-11-11"
      },
      {
        "insertions": 0,
        "deletions": 0,
        "fromDate": "2017-11-11",
        "toDate": "2017-11-12"
      },
      {
        "insertions": 340,
        "deletions": 102,
        "fromDate": "2017-11-12",
        "toDate": "2017-11-13"
      },
      {
        "insertions": 538,
        "deletions": 34,
        "fromDate": "2017-11-13",
        "toDate": "2017-11-14"
      },
      {
        "insertions": 0,
        "deletions": 0,
        "fromDate": "2017-11-14",
        "toDate": "2017-11-15"
      },
      {
        "insertions": 0,
        "deletions": 0,
        "fromDate": "2017-11-15",
        "toDate": "2017-11-16"
      },
      {
        "insertions": 0,
        "deletions": 0,
        "fromDate": "2017-11-16",
        "toDate": "2017-11-17"
      },
      {
        "insertions": 0,
        "deletions": 0,
        "fromDate": "2017-11-17",
        "toDate": "2017-11-18"
      },
      {
        "insertions": 0,
        "deletions": 0,
        "fromDate": "2017-11-18",
        "toDate": "2017-11-19"
      },
      {
        "insertions": 0,
        "deletions": 0,
        "fromDate": "2017-11-19",
        "toDate": "2017-11-20"
      },
      {
        "insertions": 0,
        "deletions": 0,
        "fromDate": "2017-11-20",
        "toDate": "2017-11-21"
      }
    ]
  },
  "authorFinalContributionMap": {
    "charlesgoh": 4139,
    "jeffreygohkw": 5861,
    "Esilocke": 9864,
    "wangyiming1019": 3544
  },
  "authorContributionVariance": {
    "charlesgoh": 87919.17,
    "jeffreygohkw": 72982.2,
    "Esilocke": 409334.53,
    "wangyiming1019": 83374.83
  },
  "authorDisplayNameMap": {
    "charlesgoh": "charlesgoh",
    "jeffreygohkw": "jeffreygohkw",
    "Esilocke": "Esilocke",
    "wangyiming1019": "wangyiming1019"
  }
}
