{
  "authorDailyContributionsMap": {},
  "authorFinalContributionMap": {},
  "authorFileFormatContributionMap": {},
  "authorContributionVariance": {},
  "authorDisplayNameMap": {}
}
