{"authorDailyContributionsMap":{"jedkohjk":[{"date":"2024-08-02T00:00:00","commitResults":[{"hash":"80185806433b561004c3d0245997a77afcc674f3","isMergeCommit":false,"messageTitle":"Add flag to get the latest release from a specified major version (#12)","messageBody":"The `--tag` flag fetches the exact specified RepoSense version, but provides no way to fetch the latest release of a specified major version.\r\n\r\nLet\u0027s introduce the  `--latest` or `-l` flag to get the latest release from a specified major version.","fileTypesAndContributionMap":{"other":{"insertions":25,"deletions":0}}}]},{"date":"2024-08-13T00:00:00","commitResults":[{"hash":"3a748c5843b273dafa3080956eb138093b4b58c9","isMergeCommit":false,"messageTitle":"Clarify description of --latest flag in run.sh (#13)","messageBody":"Information about the function of the `--latest` flag is unclear.\r\n\r\nLet\u0027s clarify the description of `--latest` flag in `run.sh`.\r\n","fileTypesAndContributionMap":{"other":{"insertions":1,"deletions":1}}}]}]},"authorFileTypeContributionMap":{"jedkohjk":{"code":0,"tests":0,"docs":0,"other":25}},"authorContributionVariance":{"jedkohjk":47.354168},"authorDisplayNameMap":{"jedkohjk":"jedkohjk"}}
