{"authorDailyContributionsMap":{"zacharytang":[],"CindyTsai1":[{"date":"2017-10-19","commitResults":[{"hash":"f45960b264a6c550d98137cebe7cea9bb78fdfcd","isMergeCommit":false,"messageTitle":"Birthday feature: update person related files","messageBody":"","fileTypesAndContributionMap":{"fxml":{"insertions":1,"deletions":0}}}]},{"date":"2017-10-20","commitResults":[{"hash":"c59fbdda8c83366a5f4d97c8ed947adbdabdef76","isMergeCommit":true,"messageTitle":"Merge branch \u0027master\u0027 into Birthday-feature","messageBody":"# Merged Conflicts:\n#\tdocs/UserGuide.adoc\n#\tsrc/main/java/seedu/address/logic/commands/AddCommand.java\n#\tsrc/main/java/seedu/address/logic/commands/EditCommand.java\n#\tsrc/main/java/seedu/address/logic/parser/AddCommandParser.java\n#\tsrc/main/java/seedu/address/logic/parser/CliSyntax.java\n#\tsrc/main/java/seedu/address/logic/parser/EditCommandParser.java\n#\tsrc/main/java/seedu/address/logic/parser/ParserUtil.java\n#\tsrc/main/java/seedu/address/model/person/Person.java\n#\tsrc/main/java/seedu/address/model/person/ReadOnlyPerson.java\n#\tsrc/main/java/seedu/address/model/util/SampleDataUtil.java\n#\tsrc/main/java/seedu/address/storage/XmlAdaptedPerson.java\n#\tsrc/main/java/seedu/address/ui/PersonCard.java\n#\tsrc/main/resources/view/PersonListCard.fxml\n#\tsrc/test/data/XmlUtilTest/validAddressBook.xml\n#\tsrc/test/java/guitests/guihandles/PersonCardHandle.java\n#\tsrc/test/java/seedu/address/logic/commands/CommandTestUtil.java\n#\tsrc/test/java/seedu/address/logic/commands/EditCommandTest.java\n#\tsrc/test/java/seedu/address/logic/parser/AddCommandParserTest.java\n#\tsrc/test/java/seedu/address/logic/parser/EditCommandParserTest.java\n#\tsrc/test/java/seedu/address/testutil/PersonBuilder.java\n#\tsrc/test/java/seedu/address/testutil/PersonUtil.java\n#\tsrc/test/java/seedu/address/testutil/TypicalPersons.java\n#\tsrc/test/java/seedu/address/ui/testutil/GuiTestAssert.java\n#\tsrc/test/java/systemtests/AddCommandSystemTest.java\n#\tsrc/test/java/systemtests/EditCommandSystemTest.java\n","fileTypesAndContributionMap":{}},{"hash":"94e2fdd40ff66cb98135bb50ad9e1a648804d204","isMergeCommit":true,"messageTitle":"Merge branch \u0027master\u0027 into Birthday-feature","messageBody":"","fileTypesAndContributionMap":{}},{"hash":"f783355fd3fdaf11dd6bed1da2d2ce32c061de88","isMergeCommit":true,"messageTitle":"Merge branch \u0027master\u0027 of https://github.com/CS2103AUG2017-W09-B1/main into Birthday-feature","messageBody":"","fileTypesAndContributionMap":{}}]}],"nbrduplicate":[],"April0616":[{"date":"2017-10-09","commitResults":[{"hash":"38c72663ef5e8cca0485d44f7462605c162dea00","isMergeCommit":false,"messageTitle":"Add a remark Label inside PersonListCard.fxml","messageBody":"","fileTypesAndContributionMap":{"fxml":{"insertions":1,"deletions":0}}}]},{"date":"2017-10-10","commitResults":[{"hash":"5e4f3cf5d807b1b7cdab476f5b4fee2dc60c78c0","isMergeCommit":true,"messageTitle":"Merge branch \u0027master\u0027 into remark_command","messageBody":"","fileTypesAndContributionMap":{}},{"hash":"ad389aed7d3fdf131be025c41d6ebcd58e4de4f9","isMergeCommit":true,"messageTitle":"pull with remote","messageBody":"","fileTypesAndContributionMap":{}},{"hash":"79626a56a2f5aa606cc65208282258028b046fe2","isMergeCommit":true,"messageTitle":"Merge branch \u0027master\u0027 into remark_command","messageBody":"","fileTypesAndContributionMap":{}}]},{"date":"2017-10-12","commitResults":[{"hash":"6238f273dad716d0d2983bd4c3d7d8abfd5e0b43","isMergeCommit":true,"messageTitle":"Merge branch \u0027master\u0027 into remark_command","messageBody":"","fileTypesAndContributionMap":{}}]},{"date":"2017-10-16","commitResults":[{"hash":"a460e24bc1b94d009cb572dc920f35cd73c4ee11","isMergeCommit":false,"messageTitle":"UI: update PersonListCard.fxml","messageBody":"","fileTypesAndContributionMap":{"fxml":{"insertions":2,"deletions":0}}},{"hash":"b4b51938c691351888e0b31646633eed30bebe14","isMergeCommit":false,"messageTitle":"UI: update PersonCard.java","messageBody":"","fileTypesAndContributionMap":{"fxml":{"insertions":1,"deletions":1}}}]},{"date":"2017-10-18","commitResults":[{"hash":"d43032090aedb7f5d2d392003f454434cb2ccdc0","isMergeCommit":true,"messageTitle":"merge master into branch","messageBody":"","fileTypesAndContributionMap":{}}]},{"date":"2017-10-19","commitResults":[{"hash":"fa361906928eccde52695adeea0cbea1e15f8aa5","isMergeCommit":true,"messageTitle":"Merge pull request #68 from April0616/add_gender\u0026matric_no_attribute","messageBody":"New Attributes: Gender \u0026 Matric No","fileTypesAndContributionMap":{}}]},{"date":"2017-10-21","commitResults":[{"hash":"3ea15480f7d8e245be959040f8a7bea87580681b","isMergeCommit":true,"messageTitle":"Merge branch \u0027master\u0027 into yuting_dev","messageBody":"","fileTypesAndContributionMap":{}}]}],"nbr":[{"date":"2017-10-08","commitResults":[{"hash":"d2aaf46a6b82c3295d10595b665e5ef02456fa60","isMergeCommit":true,"messageTitle":"Merge branch \u0027master\u0027 into secondary_command_names","messageBody":"","fileTypesAndContributionMap":{}},{"hash":"63e6a7f7667168eca05a2f6b5eaee0d20ec0396c","isMergeCommit":true,"messageTitle":"Merge branch \u0027master\u0027 into deleteTagRedo","messageBody":"","fileTypesAndContributionMap":{}}]},{"date":"2017-10-09","commitResults":[{"hash":"5fcf6eaad287adcbb9d669acaa9e8ecbdef41c33","isMergeCommit":true,"messageTitle":"Merge remote-tracking branch \u0027origin/deleteTagRedo\u0027 into deleteTagRedo","messageBody":"","fileTypesAndContributionMap":{}}]},{"date":"2017-10-12","commitResults":[{"hash":"27c0a0bbef1043207eae386b682efb924afe2f14","isMergeCommit":true,"messageTitle":"Merge pull request #50 from April0616/remark_command","messageBody":"Remark command","fileTypesAndContributionMap":{}}]},{"date":"2017-10-16","commitResults":[{"hash":"1d97272b2c0bab98d8320addc12bf7b3e57a872c","isMergeCommit":true,"messageTitle":"Merge pull request #54 from zacharytang/store_timetables","messageBody":"Timetables: Store timetables ","fileTypesAndContributionMap":{}},{"hash":"507fb599e33f63e550395be0bd8abbf261b7b4d4","isMergeCommit":true,"messageTitle":"Merge branch \u0027master\u0027 into editTagProper","messageBody":"# Conflicts:\n#\tsrc/main/java/seedu/address/logic/parser/CliSyntax.java\n#\tsrc/main/java/seedu/address/logic/parser/EditCommandParser.java\n#\tsrc/main/java/seedu/address/logic/parser/ParserUtil.java\n#\tsrc/main/java/seedu/address/model/person/Person.java\n","fileTypesAndContributionMap":{}}]},{"date":"2017-10-19","commitResults":[{"hash":"82cfc928bc04d6be3bcb5b6014aaaa4413b346dd","isMergeCommit":true,"messageTitle":"Merge branch \u0027master\u0027 into googleMaps","messageBody":"","fileTypesAndContributionMap":{}},{"hash":"c18195ad2eae83ca7acef22f3921adba6a2813f0","isMergeCommit":true,"messageTitle":"Merge branch \u0027master\u0027 into whiteScreenBug","messageBody":"","fileTypesAndContributionMap":{}}]},{"date":"2017-10-20","commitResults":[{"hash":"6e8f76ba8754423c55f01e9a1efae0cbc8b83e3a","isMergeCommit":true,"messageTitle":"Merge branch \u0027master\u0027 into Birthday-feature","messageBody":"","fileTypesAndContributionMap":{}}]},{"date":"2017-10-22","commitResults":[{"hash":"def55a84cbddbf134b14c84506ed583d2f9077f9","isMergeCommit":true,"messageTitle":"Merge branch \u0027master\u0027 into googleMaps","messageBody":"","fileTypesAndContributionMap":{}}]},{"date":"2017-10-23","commitResults":[{"hash":"1ee025362aeacbeef4026029b3649d23ab6d33ca","isMergeCommit":true,"messageTitle":"Merge branch \u0027master\u0027 into googleMaps","messageBody":"","fileTypesAndContributionMap":{}}]},{"date":"2017-10-25","commitResults":[{"hash":"b754143e692139874fd30d9b8abab5c82ff0839f","isMergeCommit":true,"messageTitle":"Merge branch \u0027master\u0027 into v1.3docupdates","messageBody":"","fileTypesAndContributionMap":{}}]},{"date":"2017-10-29","commitResults":[{"hash":"e933821b0afb269faf27dd45845976656b622493","isMergeCommit":false,"messageTitle":"\"UI: Add TagListPanel\"","messageBody":"","fileTypesAndContributionMap":{"fxml":{"insertions":40,"deletions":11}}},{"hash":"f5c11947217f64965da86531f9dd67dd3e62f29d","isMergeCommit":false,"messageTitle":"\"Modified panel dimensions\"","messageBody":"","fileTypesAndContributionMap":{"fxml":{"insertions":2,"deletions":2}}}]},{"date":"2017-10-30","commitResults":[{"hash":"93191db48eb5aa2f97d765cdf736c68c85fc0ae4","isMergeCommit":false,"messageTitle":"\"Added comments to indicate which values to change to modify UI\"","messageBody":"","fileTypesAndContributionMap":{"fxml":{"insertions":4,"deletions":3}}},{"hash":"99cfbdd4dbadb272292b79c15dc6877b4776d485","isMergeCommit":true,"messageTitle":"Merge branch \u0027master\u0027 into UIUpdate","messageBody":"","fileTypesAndContributionMap":{}},{"hash":"f3a261ede325904547f8f200ef4a4dc163caa0f9","isMergeCommit":true,"messageTitle":"Merge branch \u0027master\u0027 into UIUpdate","messageBody":"","fileTypesAndContributionMap":{}},{"hash":"084b250917f010833160280862d47846470ceeab","isMergeCommit":true,"messageTitle":"Merge branch \u0027master\u0027 into UIUpdate","messageBody":"","fileTypesAndContributionMap":{}},{"hash":"b66b9834fbc955034931b5f65f48eac54da2921e","isMergeCommit":true,"messageTitle":"Merge branch \u0027master\u0027 into UIUpdate","messageBody":"","fileTypesAndContributionMap":{}},{"hash":"e16508d5e43ba61e6b933224b9d8cd0f409985a5","isMergeCommit":true,"messageTitle":"Merge pull request #88 from nbriannl/UIUpdate","messageBody":"UI Improvements","fileTypesAndContributionMap":{}}]}]},"authorFileTypeContributionMap":{"zacharytang":{"fxml":0},"CindyTsai1":{"fxml":1},"nbrduplicate":{"fxml":0},"April0616":{"fxml":3},"nbr":{"fxml":42}},"authorContributionVariance":{"zacharytang":0.0,"CindyTsai1":0.016388886,"nbrduplicate":0.0,"April0616":0.27638897,"nbr":50.165554},"authorDisplayNameMap":{"zacharytang":"Yagami Rukei Polland","CindyTsai1":"Ravind s/o Ramesh","nbrduplicate":"nbrduplicate","April0616":"2805Tagoe","nbr":"Ashwin Mukadaan Singhania, Rathod"}}
