[{"path":"get-reposense.py","fileType":"other","lines":[{"lineNumber":1,"author":{"gitId":"-"},"content":"#!/usr/bin/env python","isFullCredit":false},{"lineNumber":2,"author":{"gitId":"-"},"content":"","isFullCredit":false},{"lineNumber":3,"author":{"gitId":"-"},"content":"import argparse","isFullCredit":false},{"lineNumber":4,"author":{"gitId":"-"},"content":"import sys","isFullCredit":false},{"lineNumber":5,"author":{"gitId":"-"},"content":"import os","isFullCredit":false},{"lineNumber":6,"author":{"gitId":"-"},"content":"import shutil","isFullCredit":false},{"lineNumber":7,"author":{"gitId":"-"},"content":"import requests","isFullCredit":false},{"lineNumber":8,"author":{"gitId":"-"},"content":"import subprocess","isFullCredit":false},{"lineNumber":9,"author":{"gitId":"-"},"content":"","isFullCredit":false},{"lineNumber":10,"author":{"gitId":"-"},"content":"JAR_FILENAME \u003d \u0027RepoSense.jar\u0027","isFullCredit":false},{"lineNumber":11,"author":{"gitId":"-"},"content":"","isFullCredit":false},{"lineNumber":12,"author":{"gitId":"-"},"content":"def parse_args():","isFullCredit":false},{"lineNumber":13,"author":{"gitId":"-"},"content":"    parser \u003d argparse.ArgumentParser(description\u003d\u0027Downloads a specific version of RepoSense.jar from our repository.\u0027)","isFullCredit":false},{"lineNumber":14,"author":{"gitId":"-"},"content":"","isFullCredit":false},{"lineNumber":15,"author":{"gitId":"-"},"content":"    group \u003d parser.add_mutually_exclusive_group()","isFullCredit":false},{"lineNumber":16,"author":{"gitId":"-"},"content":"    group.add_argument(\u0027-r\u0027, \u0027--release\u0027, action\u003d\u0027store_true\u0027, help\u003d\u0027Get RepoSense.jar from the latest release (Stable)\u0027)","isFullCredit":false},{"lineNumber":17,"author":{"gitId":"-"},"content":"    group.add_argument(\u0027-m\u0027, \u0027--master\u0027, action\u003d\u0027store_true\u0027, help\u003d\u0027Get RepoSense.jar from the latest master (Beta)\u0027)","isFullCredit":false},{"lineNumber":18,"author":{"gitId":"-"},"content":"    group.add_argument(\u0027-t\u0027, \u0027--tag\u0027, help\u003d\u0027Get RepoSense.jar of a specific release version tag\u0027)","isFullCredit":false},{"lineNumber":19,"author":{"gitId":"jedkohjk"},"content":"    group.add_argument(\u0027-l\u0027, \u0027--latest\u0027, help\u003d\u0027Get RepoSense.jar of the latest release of a specific version tag\u0027)","isFullCredit":false},{"lineNumber":20,"author":{"gitId":"-"},"content":"    group.add_argument(\u0027-c\u0027, \u0027--commit\u0027, help\u003d\u0027Get RepoSense.jar of a specific commit\u0027)","isFullCredit":false},{"lineNumber":21,"author":{"gitId":"-"},"content":"","isFullCredit":false},{"lineNumber":22,"author":{"gitId":"-"},"content":"    parser.add_argument(\u0027-o\u0027, \u0027--overwrite\u0027, action\u003d\u0027store_true\u0027, help\u003d\u0027Overwrite RepoSense.jar file, if exists. Default: false\u0027)","isFullCredit":false},{"lineNumber":23,"author":{"gitId":"-"},"content":"","isFullCredit":false},{"lineNumber":24,"author":{"gitId":"-"},"content":"    return parser.parse_args()","isFullCredit":false},{"lineNumber":25,"author":{"gitId":"-"},"content":"","isFullCredit":false},{"lineNumber":26,"author":{"gitId":"jedkohjk"},"content":"def handle_latest_tag(tag):","isFullCredit":false},{"lineNumber":27,"author":{"gitId":"jedkohjk"},"content":"    page \u003d 1","isFullCredit":false},{"lineNumber":28,"author":{"gitId":"jedkohjk"},"content":"    major \u003d tag.strip(\u0027. \u0027).split(\u0027.\u0027)","isFullCredit":false},{"lineNumber":29,"author":{"gitId":"jedkohjk"},"content":"    while True:","isFullCredit":false},{"lineNumber":30,"author":{"gitId":"jedkohjk"},"content":"        response \u003d requests.get(f\u0027https://api.github.com/repos/reposense/RepoSense/releases?per_page\u003d100\u0026page\u003d{page}\u0027)","isFullCredit":false},{"lineNumber":31,"author":{"gitId":"jedkohjk"},"content":"        if response.status_code in [403, 500]:","isFullCredit":false},{"lineNumber":32,"author":{"gitId":"jedkohjk"},"content":"            print(\u0027GitHub API has exceed the rate limit.\u0027)","isFullCredit":false},{"lineNumber":33,"author":{"gitId":"jedkohjk"},"content":"            exit(1)","isFullCredit":false},{"lineNumber":34,"author":{"gitId":"jedkohjk"},"content":"        releases \u003d response.json()","isFullCredit":false},{"lineNumber":35,"author":{"gitId":"jedkohjk"},"content":"        if not releases:","isFullCredit":false},{"lineNumber":36,"author":{"gitId":"jedkohjk"},"content":"            print(\u0027Error, the provided tag does not exist!\u0027)","isFullCredit":false},{"lineNumber":37,"author":{"gitId":"jedkohjk"},"content":"            exit(1)","isFullCredit":false},{"lineNumber":38,"author":{"gitId":"jedkohjk"},"content":"        for i in releases:","isFullCredit":false},{"lineNumber":39,"author":{"gitId":"jedkohjk"},"content":"            release_tag \u003d i[\u0027tag_name\u0027]","isFullCredit":false},{"lineNumber":40,"author":{"gitId":"jedkohjk"},"content":"            if release_tag.strip(\u0027. \u0027).split(\u0027.\u0027)[:len(major)] \u003d\u003d major:","isFullCredit":false},{"lineNumber":41,"author":{"gitId":"jedkohjk"},"content":"                handle_specific_release(release_tag)","isFullCredit":false},{"lineNumber":42,"author":{"gitId":"jedkohjk"},"content":"                exit()","isFullCredit":false},{"lineNumber":43,"author":{"gitId":"jedkohjk"},"content":"        page +\u003d 1","isFullCredit":false},{"lineNumber":44,"author":{"gitId":"jedkohjk"},"content":"","isFullCredit":false},{"lineNumber":45,"author":{"gitId":"-"},"content":"def handle_specific_commit(commit):","isFullCredit":false},{"lineNumber":46,"author":{"gitId":"-"},"content":"    get_reposense_jar(\u0027https://api.github.com/repos/reposense/RepoSense/commits/\u0027 + commit, commit\u003dcommit)","isFullCredit":false},{"lineNumber":47,"author":{"gitId":"-"},"content":"","isFullCredit":false},{"lineNumber":48,"author":{"gitId":"-"},"content":"def handle_specific_release(tag):","isFullCredit":false},{"lineNumber":49,"author":{"gitId":"-"},"content":"    get_reposense_jar(\u0027https://api.github.com/repos/reposense/RepoSense/releases/tags/\u0027 + tag, tag\u003dtag)","isFullCredit":false},{"lineNumber":50,"author":{"gitId":"-"},"content":"","isFullCredit":false},{"lineNumber":51,"author":{"gitId":"-"},"content":"def handle_latest_release():","isFullCredit":false},{"lineNumber":52,"author":{"gitId":"-"},"content":"    get_reposense_jar(\u0027https://api.github.com/repos/reposense/RepoSense/releases/latest\u0027)","isFullCredit":false},{"lineNumber":53,"author":{"gitId":"-"},"content":"","isFullCredit":false},{"lineNumber":54,"author":{"gitId":"-"},"content":"def get_reposense_jar(url, tag\u003dNone, commit\u003dNone):","isFullCredit":false},{"lineNumber":55,"author":{"gitId":"-"},"content":"    response \u003d requests.get(url)","isFullCredit":false},{"lineNumber":56,"author":{"gitId":"-"},"content":"","isFullCredit":false},{"lineNumber":57,"author":{"gitId":"-"},"content":"    if tag and response.status_code \u003d\u003d 404:","isFullCredit":false},{"lineNumber":58,"author":{"gitId":"-"},"content":"        print(\u0027Error, the provided tag does not exist!\u0027)","isFullCredit":false},{"lineNumber":59,"author":{"gitId":"-"},"content":"        exit(1)","isFullCredit":false},{"lineNumber":60,"author":{"gitId":"-"},"content":"","isFullCredit":false},{"lineNumber":61,"author":{"gitId":"-"},"content":"    if commit and response.status_code in [404, 422]:","isFullCredit":false},{"lineNumber":62,"author":{"gitId":"-"},"content":"        print(\u0027Error, the provided commit does not exist!\u0027)","isFullCredit":false},{"lineNumber":63,"author":{"gitId":"-"},"content":"        exit(1)","isFullCredit":false},{"lineNumber":64,"author":{"gitId":"-"},"content":"","isFullCredit":false},{"lineNumber":65,"author":{"gitId":"-"},"content":"    if response.status_code in [403, 500]:","isFullCredit":false},{"lineNumber":66,"author":{"gitId":"-"},"content":"        print(\u0027GitHub API has exceed the rate limit. Falling back to alternative method...\u0027)","isFullCredit":false},{"lineNumber":67,"author":{"gitId":"-"},"content":"        clone_and_make_reposense(tag\u003dtag, commit\u003dcommit)","isFullCredit":false},{"lineNumber":68,"author":{"gitId":"-"},"content":"        return","isFullCredit":false},{"lineNumber":69,"author":{"gitId":"-"},"content":"","isFullCredit":false},{"lineNumber":70,"author":{"gitId":"-"},"content":"    if commit:","isFullCredit":false},{"lineNumber":71,"author":{"gitId":"-"},"content":"        clone_and_make_reposense(commit\u003dcommit)","isFullCredit":false},{"lineNumber":72,"author":{"gitId":"-"},"content":"        return","isFullCredit":false},{"lineNumber":73,"author":{"gitId":"-"},"content":"","isFullCredit":false},{"lineNumber":74,"author":{"gitId":"-"},"content":"    url \u003d response.json()[\u0027assets\u0027][0][\u0027browser_download_url\u0027]","isFullCredit":false},{"lineNumber":75,"author":{"gitId":"-"},"content":"    download_file(url)","isFullCredit":false},{"lineNumber":76,"author":{"gitId":"-"},"content":"","isFullCredit":false},{"lineNumber":77,"author":{"gitId":"-"},"content":"def clone_and_make_reposense(tag\u003dNone, commit\u003dNone):","isFullCredit":false},{"lineNumber":78,"author":{"gitId":"-"},"content":"","isFullCredit":false},{"lineNumber":79,"author":{"gitId":"-"},"content":"    # Cleanup cached RepoSense folder","isFullCredit":false},{"lineNumber":80,"author":{"gitId":"-"},"content":"    shutil.rmtree(\u0027RepoSense\u0027, ignore_errors\u003dTrue)","isFullCredit":false},{"lineNumber":81,"author":{"gitId":"-"},"content":"","isFullCredit":false},{"lineNumber":82,"author":{"gitId":"-"},"content":"    command \u003d \\","isFullCredit":false},{"lineNumber":83,"author":{"gitId":"-"},"content":"    \u0027\u0027\u0027","isFullCredit":false},{"lineNumber":84,"author":{"gitId":"-"},"content":"    git clone \u0027https://github.com/reposense/RepoSense.git\u0027 \u0026\u0026","isFullCredit":false},{"lineNumber":85,"author":{"gitId":"-"},"content":"    cd RepoSense \u0026\u0026","isFullCredit":false},{"lineNumber":86,"author":{"gitId":"-"},"content":"    \u0027\u0027\u0027","isFullCredit":false},{"lineNumber":87,"author":{"gitId":"-"},"content":"","isFullCredit":false},{"lineNumber":88,"author":{"gitId":"-"},"content":"    if tag:","isFullCredit":false},{"lineNumber":89,"author":{"gitId":"-"},"content":"        command +\u003d \u0027git checkout tags/{} -b deploy \u0026\u0026\u0027.format(tag)","isFullCredit":false},{"lineNumber":90,"author":{"gitId":"-"},"content":"    elif commit:","isFullCredit":false},{"lineNumber":91,"author":{"gitId":"-"},"content":"        command +\u003d  \u0027git checkout {} -b deploy \u0026\u0026\u0027.format(commit)","isFullCredit":false},{"lineNumber":92,"author":{"gitId":"-"},"content":"","isFullCredit":false},{"lineNumber":93,"author":{"gitId":"-"},"content":"    command +\u003d \\","isFullCredit":false},{"lineNumber":94,"author":{"gitId":"-"},"content":"    \u0027\u0027\u0027","isFullCredit":false},{"lineNumber":95,"author":{"gitId":"-"},"content":"    ./gradlew zipreport shadowjar \u0026\u0026","isFullCredit":false},{"lineNumber":96,"author":{"gitId":"-"},"content":"    mv build/jar/RepoSense.jar ../","isFullCredit":false},{"lineNumber":97,"author":{"gitId":"-"},"content":"    \u0027\u0027\u0027","isFullCredit":false},{"lineNumber":98,"author":{"gitId":"-"},"content":"","isFullCredit":false},{"lineNumber":99,"author":{"gitId":"-"},"content":"    subprocess.check_call(command, shell\u003dTrue)","isFullCredit":false},{"lineNumber":100,"author":{"gitId":"-"},"content":"","isFullCredit":false},{"lineNumber":101,"author":{"gitId":"-"},"content":"def download_file(url):","isFullCredit":false},{"lineNumber":102,"author":{"gitId":"-"},"content":"    response \u003d requests.get(url, allow_redirects\u003dTrue)","isFullCredit":false},{"lineNumber":103,"author":{"gitId":"-"},"content":"    open(JAR_FILENAME, \u0027wb\u0027).write(response.content)","isFullCredit":false},{"lineNumber":104,"author":{"gitId":"-"},"content":"","isFullCredit":false},{"lineNumber":105,"author":{"gitId":"-"},"content":"if __name__ \u003d\u003d \"__main__\":","isFullCredit":false},{"lineNumber":106,"author":{"gitId":"-"},"content":"    args \u003d parse_args()","isFullCredit":false},{"lineNumber":107,"author":{"gitId":"-"},"content":"","isFullCredit":false},{"lineNumber":108,"author":{"gitId":"-"},"content":"    if os.path.exists(JAR_FILENAME) and args.overwrite is False:","isFullCredit":false},{"lineNumber":109,"author":{"gitId":"-"},"content":"        print(JAR_FILENAME + \u0027 already exists. Quitting.\u0027)","isFullCredit":false},{"lineNumber":110,"author":{"gitId":"-"},"content":"        exit()","isFullCredit":false},{"lineNumber":111,"author":{"gitId":"-"},"content":"","isFullCredit":false},{"lineNumber":112,"author":{"gitId":"-"},"content":"    if args.tag:","isFullCredit":false},{"lineNumber":113,"author":{"gitId":"-"},"content":"        handle_specific_release(args.tag)","isFullCredit":false},{"lineNumber":114,"author":{"gitId":"-"},"content":"        exit()","isFullCredit":false},{"lineNumber":115,"author":{"gitId":"-"},"content":"    ","isFullCredit":false},{"lineNumber":116,"author":{"gitId":"jedkohjk"},"content":"    if args.latest:","isFullCredit":false},{"lineNumber":117,"author":{"gitId":"jedkohjk"},"content":"        handle_latest_tag(args.latest)","isFullCredit":false},{"lineNumber":118,"author":{"gitId":"jedkohjk"},"content":"        exit()","isFullCredit":false},{"lineNumber":119,"author":{"gitId":"jedkohjk"},"content":"","isFullCredit":false},{"lineNumber":120,"author":{"gitId":"-"},"content":"    if args.commit:","isFullCredit":false},{"lineNumber":121,"author":{"gitId":"-"},"content":"        handle_specific_commit(args.commit)","isFullCredit":false},{"lineNumber":122,"author":{"gitId":"-"},"content":"        exit()","isFullCredit":false},{"lineNumber":123,"author":{"gitId":"-"},"content":"","isFullCredit":false},{"lineNumber":124,"author":{"gitId":"-"},"content":"    if args.master:","isFullCredit":false},{"lineNumber":125,"author":{"gitId":"-"},"content":"        clone_and_make_reposense()","isFullCredit":false},{"lineNumber":126,"author":{"gitId":"-"},"content":"        exit()","isFullCredit":false},{"lineNumber":127,"author":{"gitId":"-"},"content":"","isFullCredit":false},{"lineNumber":128,"author":{"gitId":"-"},"content":"    # If no arguments are provided or --release","isFullCredit":false},{"lineNumber":129,"author":{"gitId":"-"},"content":"    handle_latest_release()","isFullCredit":false}],"authorContributionMap":{"jedkohjk":24,"-":105}},{"path":"run.sh","fileType":"other","lines":[{"lineNumber":1,"author":{"gitId":"-"},"content":"#!/bin/bash","isFullCredit":false},{"lineNumber":2,"author":{"gitId":"-"},"content":"","isFullCredit":false},{"lineNumber":3,"author":{"gitId":"-"},"content":"# Downloads a specific version of RepoSense.jar of your choice from our repository","isFullCredit":false},{"lineNumber":4,"author":{"gitId":"-"},"content":"## Examples of supported options:","isFullCredit":false},{"lineNumber":5,"author":{"gitId":"-"},"content":"### ./get-reposense.py --release               # Gets the latest release (Stable)","isFullCredit":false},{"lineNumber":6,"author":{"gitId":"-"},"content":"### ./get-reposense.py --master                # Gets the latest master (Beta)","isFullCredit":false},{"lineNumber":7,"author":{"gitId":"-"},"content":"### ./get-reposense.py --tag v1.6.1            # Gets a specific version","isFullCredit":false},{"lineNumber":8,"author":{"gitId":"jedkohjk"},"content":"### ./get-reposense.py --latest v1.6           # Gets the latest version with the given tag prefix e.g. v1.6.1","isFullCredit":false},{"lineNumber":9,"author":{"gitId":"-"},"content":"### ./get-reposense.py --commit abc123         # Gets a specific commit","isFullCredit":false},{"lineNumber":10,"author":{"gitId":"-"},"content":"### ./get-reposense.py --release --overwrite   # Overwrite RepoSense.jar, if exists, with the latest release","isFullCredit":false},{"lineNumber":11,"author":{"gitId":"-"},"content":"","isFullCredit":false},{"lineNumber":12,"author":{"gitId":"-"},"content":"./get-reposense.py --release","isFullCredit":false},{"lineNumber":13,"author":{"gitId":"-"},"content":"","isFullCredit":false},{"lineNumber":14,"author":{"gitId":"-"},"content":"# Executes RepoSense","isFullCredit":false},{"lineNumber":15,"author":{"gitId":"-"},"content":"# Do not change the default output folder name (reposense-report)","isFullCredit":false},{"lineNumber":16,"author":{"gitId":"-"},"content":"## Examples of other valid options; For more, please view the user guide","isFullCredit":false},{"lineNumber":17,"author":{"gitId":"-"},"content":"### java -jar RepoSense.jar --repos https://github.com/reposense/RepoSense.git","isFullCredit":false},{"lineNumber":18,"author":{"gitId":"-"},"content":"","isFullCredit":false},{"lineNumber":19,"author":{"gitId":"-"},"content":"java -jar RepoSense.jar --config ./configs","isFullCredit":false}],"authorContributionMap":{"jedkohjk":1,"-":18}}]
