{
  "reportGeneratedTime": "Tue Jul 24 17:45:15 SGT 2018",
  "repos": [
    {
      "location": {
        "location": "https://github.com/reposense/testrepo-Alpha.git",
        "repoName": "testrepo-Alpha",
        "organization": "reposense"
      },
      "branch": "master",
      "displayName": "reposense_testrepo-Alpha_master",
      "untilDate": "2019-03-02"
    },
    {
      "location": {
        "location": "https://github.com/reposense/testrepo-Beta.git",
        "repoName": "testrepo-Beta",
        "organization": "reposense"
      },
      "branch": "master",
      "displayName": "reposense_testrepo-Beta_master",
      "untilDate": "2019-03-02"
    },
    {
      "location": {
        "location": "https://github.com/reposense/testrepo-Charlie.git",
        "repoName": "testrepo-Charlie",
        "organization": "reposense"
      },
      "branch": "master",
      "displayName": "reposense_testrepo-Charlie_master",
      "untilDate": "2019-03-02"
    },
    {
      "location": {
        "location": "https://github.com/reposense/testrepo-Delta.git",
        "repoName": "testrepo-Delta",
        "organization": "reposense"
      },
      "branch": "master",
      "displayName": "reposense_testrepo-Delta_master",
      "untilDate": "2019-03-02"
    },
    {
      "location": {
        "location": "https://github.com/reposense/testrepo-Delta.git",
        "repoName": "testrepo-Delta",
        "organization": "reposense"
      },
      "branch": "nonExistentBranch",
      "displayName": "reposense_testrepo-Delta_nonExistentBranch",
      "untilDate": "2019-03-02"
    }
  ]
}
