{
  "authorDailyContributionsMap": {
    "zacharytang": [],
    "CindyTsai1": [
      {
        "insertions": 1,
        "deletions": 0,
        "date": "2017-10-19",
        "commitResults": [
          {
            "hash": "f45960b264a6c550d98137cebe7cea9bb78fdfcd",
            "message": "Birthday feature: update person related files",
            "insertions": 1,
            "deletions": 0
          }
        ]
      }
    ],
    "April0616": [
      {
        "insertions": 1,
        "deletions": 0,
        "date": "2017-10-09",
        "commitResults": [
          {
            "hash": "38c72663ef5e8cca0485d44f7462605c162dea00",
            "message": "Add a remark Label inside PersonListCard.fxml",
            "insertions": 1,
            "deletions": 0
          }
        ]
      },
      {
        "insertions": 3,
        "deletions": 1,
        "date": "2017-10-16",
        "commitResults": [
          {
            "hash": "a460e24bc1b94d009cb572dc920f35cd73c4ee11",
            "message": "UI: update PersonListCard.fxml",
            "insertions": 2,
            "deletions": 0
          },
          {
            "hash": "b4b51938c691351888e0b31646633eed30bebe14",
            "message": "UI: update PersonCard.java",
            "insertions": 1,
            "deletions": 1
          }
        ]
      }
    ],
    "nbr": [
      {
        "insertions": 42,
        "deletions": 13,
        "date": "2017-10-29",
        "commitResults": [
          {
            "hash": "e933821b0afb269faf27dd45845976656b622493",
            "message": "\"UI: Add TagListPanel\"",
            "insertions": 40,
            "deletions": 11
          },
          {
            "hash": "f5c11947217f64965da86531f9dd67dd3e62f29d",
            "message": "\"Modified panel dimensions\"",
            "insertions": 2,
            "deletions": 2
          }
        ]
      },
      {
        "insertions": 4,
        "deletions": 3,
        "date": "2017-10-30",
        "commitResults": [
          {
            "hash": "93191db48eb5aa2f97d765cdf736c68c85fc0ae4",
            "message": "\"Added comments to indicate which values to change to modify UI\"",
            "insertions": 4,
            "deletions": 3
          }
        ]
      }
    ]
  },
  "authorFinalContributionMap": {
    "zacharytang": 0,
    "CindyTsai1": 1,
    "April0616": 3,
    "nbr": 42
  },
  "authorFileFormatContributionMap": {
    "zacharytang": {
      "fxml": 0
    },
    "CindyTsai1": {
      "fxml": 1
    },
    "April0616": {
      "fxml": 3
    },
    "nbr": {
      "fxml": 42
    }
  },
  "authorContributionVariance": {
    "zacharytang": 0.0,
    "CindyTsai1": 0.016388886,
    "April0616": 0.27638897,
    "nbr": 50.165554
  },
  "authorDisplayNameMap": {
    "zacharytang": "Zac",
    "CindyTsai1": "Cin",
    "April0616": "Fan",
    "nbr": "Nbr"
  }
}
