[{"path":"annotationTest.java","fileType":"code","lines":[{"lineNumber":1,"author":{"gitId":"-"},"content":"fake all the lines in this file is writtened by fakeAuthor"},{"lineNumber":2,"author":{"gitId":"-"},"content":"fake"},{"lineNumber":3,"author":{"gitId":"-"},"content":"fake"},{"lineNumber":4,"author":{"gitId":"-"},"content":"fake"},{"lineNumber":5,"author":{"gitId":"harryggg"},"content":"//@@author harryggg"},{"lineNumber":6,"author":{"gitId":"harryggg"},"content":"line 1"},{"lineNumber":7,"author":{"gitId":"harryggg"},"content":"line 2"},{"lineNumber":8,"author":{"gitId":"harryggg"},"content":"line 3"},{"lineNumber":9,"author":{"gitId":"harryggg"},"content":"//@@author"},{"lineNumber":10,"author":{"gitId":"-"},"content":"fake"},{"lineNumber":11,"author":{"gitId":"-"},"content":"fake"}],"authorContributionMap":{"harryggg":5,"-":6}},{"path":"blameTest.java","fileType":"code","lines":[{"lineNumber":1,"author":{"gitId":"harryggg"},"content":"line 1"},{"lineNumber":2,"author":{"gitId":"harryggg"},"content":"line 2"},{"lineNumber":3,"author":{"gitId":"-"},"content":"fake"},{"lineNumber":4,"author":{"gitId":"harryggg"},"content":"line 3"}],"authorContributionMap":{"harryggg":3,"-":1}},{"path":"newFile.java","fileType":"code","lines":[{"lineNumber":1,"author":{"gitId":"harryggg"},"content":"line 1"},{"lineNumber":2,"author":{"gitId":"harryggg"},"content":"line 2"}],"authorContributionMap":{"harryggg":2}},{"path":"newPos/movedFile.java","fileType":"code","lines":[{"lineNumber":1,"author":{"gitId":"harryggg"},"content":"line 1"},{"lineNumber":2,"author":{"gitId":"harryggg"},"content":"line 2"},{"lineNumber":3,"author":{"gitId":"harryggg"},"content":"line 3"},{"lineNumber":4,"author":{"gitId":"harryggg"},"content":"line 4"}],"authorContributionMap":{"harryggg":4}}]
