{
  "reportGeneratedTime": "Tue Jul 24 17:45:15 SGT 2018",
  "reportGenerationTime": "15 second(s)",
  "zoneId": "Asia/Singapore",
  "reportTitle": "RepoSense Report Test Title",
  "repos": [
    {
      "location": {
        "location": "https://github.com/reposense/testrepo-Alpha.git",
        "repoName": "testrepo-Alpha",
        "organization": "reposense",
        "domainName": "github"
      },
      "branch": "master",
      "displayName": "reposense/testrepo-Alpha[master]",
      "outputFolderName": "reposense_testrepo-Alpha_master",
      "sinceDate":"2017-10-01T00:00:00",
      "untilDate":"2017-11-01T23:59:59"
    },
    {
      "location": {
        "location": "https://github.com/reposense/testrepo-Beta.git",
        "repoName": "testrepo-Beta",
        "organization": "reposense",
        "domainName": "github"
      },
      "branch": "master",
      "displayName": "reposense/testrepo-Beta[master]",
      "outputFolderName": "reposense_testrepo-Beta_master",
      "sinceDate":"2017-10-01T00:00:00",
      "untilDate":"2017-11-01T23:59:59"
    },
    {
      "location": {
        "location": "https://github.com/reposense/testrepo-Charlie.git",
        "repoName": "testrepo-Charlie",
        "organization": "reposense",
        "domainName": "github"
      },
      "branch": "master",
      "displayName": "reposense/testrepo-Charlie[master]",
      "outputFolderName": "reposense_testrepo-Charlie_master",
      "sinceDate":"2017-10-01T00:00:00",
      "untilDate":"2017-11-01T23:59:59"
    },
    {
      "location": {
        "location": "https://github.com/reposense/testrepo-Delta.git",
        "repoName": "testrepo-Delta",
        "organization": "reposense",
        "domainName": "github"
      },
      "branch": "master",
      "displayName": "reposense/testrepo-Delta[master]",
      "outputFolderName": "reposense_testrepo-Delta_master",
      "sinceDate":"2017-10-01T00:00:00",
      "untilDate":"2017-11-01T23:59:59"
    }
  ],
  "errorSet": [
    {
      "repoName": "ttps://github.com/reposense/testrepo-Beta.git",
      "errorMessage": "ttps://github.com/reposense/testrepo-Beta.git is an invalid remote URL."
    },
    {
      "repoName": "reposense/testrepo-Delta[nonExistentBranch]",
      "errorMessage": "Branch \"nonExistentBranch\" does not exist."
    }
  ],
  "sinceDate": "2017-10-01T00:00:00",
  "untilDate": "2017-11-01T23:59:59",
  "isSinceDateProvided": false,
  "isUntilDateProvided": true,
  "supportedDomainUrlMap": {
    "NOT_RECOGNIZED": {
      "BRANCH": "",
      "REPO_URL": "UNSUPPORTED",
      "BASE_URL": "UNSUPPORTED",
      "HISTORY_PATH": "",
      "COMMIT_PATH": "",
      "BLAME_PATH": ""
    },
    "github": {
      "BRANCH": "tree/$BRANCH",
      "REPO_URL": "https://github.com/$ORGANIZATION/$REPO_NAME/",
      "BASE_URL": "https://github.com/",
      "HISTORY_PATH": "commits/$BRANCH/$FILE_PATH",
      "COMMIT_PATH": "commit/$COMMIT_HASH",
      "BLAME_PATH": "blame/$BRANCH/$FILE_PATH"
    }
  },
  "repoBlurbs": {
    "blurbMap": {
      "https://www.github.com/user/repo/branch": "first blurb",
      "https://www.github.com/user/repo/branch2": "## **second** blurb\n\n![link](link) to repository\n\nthis is what i have done for my cs2103t project",
      "https://www.github.com/user/repo/branch3": "*third blurb*\n\n<strong>third</strong> blurb with HTML content"
    }
  },
  "authorBlurbs": {
    "blurbMap": {
      "author1": "first blurb",
      "author2": "## **second** blurb\n\n![link](link) to repository\n\nI had contributed to this project by doing this and that",
      "author3": "*third blurb*\n\n<strong>third</strong> blurb with HTML content"
    }
  },
  "isPortfolio": false
}
