{
  "authorDailyContributionsMap": {
    "lithiumlkid": [],
    "lohtianwei": [],
    "codeeong": [],
    "jordancjq": []
  },
  "authorFinalContributionMap": {
    "lithiumlkid": 0,
    "lohtianwei": 0,
    "codeeong": 0,
    "jordancjq": 0
  },
  "authorFileFormatContributionMap": {
    "lithiumlkid": {
      "java": 0,
      "adoc": 0,
      "md": 0
    },
    "lohtianwei": {
      "java": 0,
      "adoc": 0,
      "md": 0
    },
    "codeeong": {
      "java": 0,
      "adoc": 0,
      "md": 0
    },
    "jordancjq": {
      "java": 0,
      "adoc": 0,
      "md": 0
    }
  },
  "authorContributionVariance": {
    "lithiumlkid": 0.0,
    "lohtianwei": 0.0,
    "codeeong": 0.0,
    "jordancjq": 0.0
  },
  "authorDisplayNameMap": {
    "lithiumlkid": "Ahm",
    "lohtianwei": "Loh",
    "codeeong": "Cod",
    "jordancjq": "Jor"
  }
}
