{
  "authorWeeklyIntervalContributions": {
    "zacharytang": [
      {
        "insertions": 0,
        "deletions": 0,
        "sinceDate": "2017-09-01",
        "untilDate": "2017-09-08"
      },
      {
        "insertions": 0,
        "deletions": 0,
        "sinceDate": "2017-09-08",
        "untilDate": "2017-09-15"
      },
      {
        "insertions": 0,
        "deletions": 0,
        "sinceDate": "2017-09-15",
        "untilDate": "2017-09-22"
      },
      {
        "insertions": 0,
        "deletions": 0,
        "sinceDate": "2017-09-22",
        "untilDate": "2017-09-29"
      },
      {
        "insertions": 68,
        "deletions": 16,
        "sinceDate": "2017-09-29",
        "untilDate": "2017-10-06"
      },
      {
        "insertions": 1232,
        "deletions": 271,
        "sinceDate": "2017-10-06",
        "untilDate": "2017-10-13"
      },
      {
        "insertions": 1431,
        "deletions": 745,
        "sinceDate": "2017-10-13",
        "untilDate": "2017-10-20"
      },
      {
        "insertions": 204,
        "deletions": 52,
        "sinceDate": "2017-10-20",
        "untilDate": "2017-10-27"
      },
      {
        "insertions": 0,
        "deletions": 0,
        "sinceDate": "2017-10-27",
        "untilDate": "2017-11-03"
      }
    ],
    "CindyTsai1": [
      {
        "insertions": 0,
        "deletions": 0,
        "sinceDate": "2017-09-01",
        "untilDate": "2017-09-08"
      },
      {
        "insertions": 0,
        "deletions": 0,
        "sinceDate": "2017-09-08",
        "untilDate": "2017-09-15"
      },
      {
        "insertions": 0,
        "deletions": 0,
        "sinceDate": "2017-09-15",
        "untilDate": "2017-09-22"
      },
      {
        "insertions": 0,
        "deletions": 0,
        "sinceDate": "2017-09-22",
        "untilDate": "2017-09-29"
      },
      {
        "insertions": 11,
        "deletions": 0,
        "sinceDate": "2017-09-29",
        "untilDate": "2017-10-06"
      },
      {
        "insertions": 303,
        "deletions": 64,
        "sinceDate": "2017-10-06",
        "untilDate": "2017-10-13"
      },
      {
        "insertions": 355,
        "deletions": 140,
        "sinceDate": "2017-10-13",
        "untilDate": "2017-10-20"
      },
      {
        "insertions": 538,
        "deletions": 426,
        "sinceDate": "2017-10-20",
        "untilDate": "2017-10-27"
      },
      {
        "insertions": 69,
        "deletions": 82,
        "sinceDate": "2017-10-27",
        "untilDate": "2017-11-03"
      }
    ],
    "nbriannl": [
      {
        "insertions": 0,
        "deletions": 0,
        "sinceDate": "2017-09-01",
        "untilDate": "2017-09-08"
      },
      {
        "insertions": 0,
        "deletions": 0,
        "sinceDate": "2017-09-08",
        "untilDate": "2017-09-15"
      },
      {
        "insertions": 0,
        "deletions": 0,
        "sinceDate": "2017-09-15",
        "untilDate": "2017-09-22"
      },
      {
        "insertions": 0,
        "deletions": 0,
        "sinceDate": "2017-09-22",
        "untilDate": "2017-09-29"
      },
      {
        "insertions": 266,
        "deletions": 36,
        "sinceDate": "2017-09-29",
        "untilDate": "2017-10-06"
      },
      {
        "insertions": 441,
        "deletions": 63,
        "sinceDate": "2017-10-06",
        "untilDate": "2017-10-13"
      },
      {
        "insertions": 741,
        "deletions": 150,
        "sinceDate": "2017-10-13",
        "untilDate": "2017-10-20"
      },
      {
        "insertions": 871,
        "deletions": 568,
        "sinceDate": "2017-10-20",
        "untilDate": "2017-10-27"
      },
      {
        "insertions": 222,
        "deletions": 18,
        "sinceDate": "2017-10-27",
        "untilDate": "2017-11-03"
      }
    ],
    "April0616": [
      {
        "insertions": 0,
        "deletions": 0,
        "sinceDate": "2017-09-01",
        "untilDate": "2017-09-08"
      },
      {
        "insertions": 0,
        "deletions": 0,
        "sinceDate": "2017-09-08",
        "untilDate": "2017-09-15"
      },
      {
        "insertions": 0,
        "deletions": 0,
        "sinceDate": "2017-09-15",
        "untilDate": "2017-09-22"
      },
      {
        "insertions": 0,
        "deletions": 0,
        "sinceDate": "2017-09-22",
        "untilDate": "2017-09-29"
      },
      {
        "insertions": 51,
        "deletions": 9,
        "sinceDate": "2017-09-29",
        "untilDate": "2017-10-06"
      },
      {
        "insertions": 1109,
        "deletions": 541,
        "sinceDate": "2017-10-06",
        "untilDate": "2017-10-13"
      },
      {
        "insertions": 1174,
        "deletions": 411,
        "sinceDate": "2017-10-13",
        "untilDate": "2017-10-20"
      },
      {
        "insertions": 544,
        "deletions": 241,
        "sinceDate": "2017-10-20",
        "untilDate": "2017-10-27"
      },
      {
        "insertions": 13,
        "deletions": 6,
        "sinceDate": "2017-10-27",
        "untilDate": "2017-11-03"
      }
    ]
  },
  "authorDailyIntervalContributions": {
    "zacharytang": [
      {
        "insertions": 0,
        "deletions": 0,
        "sinceDate": "2017-09-01",
        "untilDate": "2017-09-02"
      },
      {
        "insertions": 0,
        "deletions": 0,
        "sinceDate": "2017-09-02",
        "untilDate": "2017-09-03"
      },
      {
        "insertions": 0,
        "deletions": 0,
        "sinceDate": "2017-09-03",
        "untilDate": "2017-09-04"
      },
      {
        "insertions": 0,
        "deletions": 0,
        "sinceDate": "2017-09-04",
        "untilDate": "2017-09-05"
      },
      {
        "insertions": 0,
        "deletions": 0,
        "sinceDate": "2017-09-05",
        "untilDate": "2017-09-06"
      },
      {
        "insertions": 0,
        "deletions": 0,
        "sinceDate": "2017-09-06",
        "untilDate": "2017-09-07"
      },
      {
        "insertions": 0,
        "deletions": 0,
        "sinceDate": "2017-09-07",
        "untilDate": "2017-09-08"
      },
      {
        "insertions": 0,
        "deletions": 0,
        "sinceDate": "2017-09-08",
        "untilDate": "2017-09-09"
      },
      {
        "insertions": 0,
        "deletions": 0,
        "sinceDate": "2017-09-09",
        "untilDate": "2017-09-10"
      },
      {
        "insertions": 0,
        "deletions": 0,
        "sinceDate": "2017-09-10",
        "untilDate": "2017-09-11"
      },
      {
        "insertions": 0,
        "deletions": 0,
        "sinceDate": "2017-09-11",
        "untilDate": "2017-09-12"
      },
      {
        "insertions": 0,
        "deletions": 0,
        "sinceDate": "2017-09-12",
        "untilDate": "2017-09-13"
      },
      {
        "insertions": 0,
        "deletions": 0,
        "sinceDate": "2017-09-13",
        "untilDate": "2017-09-14"
      },
      {
        "insertions": 0,
        "deletions": 0,
        "sinceDate": "2017-09-14",
        "untilDate": "2017-09-15"
      },
      {
        "insertions": 0,
        "deletions": 0,
        "sinceDate": "2017-09-15",
        "untilDate": "2017-09-16"
      },
      {
        "insertions": 0,
        "deletions": 0,
        "sinceDate": "2017-09-16",
        "untilDate": "2017-09-17"
      },
      {
        "insertions": 0,
        "deletions": 0,
        "sinceDate": "2017-09-17",
        "untilDate": "2017-09-18"
      },
      {
        "insertions": 0,
        "deletions": 0,
        "sinceDate": "2017-09-18",
        "untilDate": "2017-09-19"
      },
      {
        "insertions": 0,
        "deletions": 0,
        "sinceDate": "2017-09-19",
        "untilDate": "2017-09-20"
      },
      {
        "insertions": 0,
        "deletions": 0,
        "sinceDate": "2017-09-20",
        "untilDate": "2017-09-21"
      },
      {
        "insertions": 0,
        "deletions": 0,
        "sinceDate": "2017-09-21",
        "untilDate": "2017-09-22"
      },
      {
        "insertions": 0,
        "deletions": 0,
        "sinceDate": "2017-09-22",
        "untilDate": "2017-09-23"
      },
      {
        "insertions": 0,
        "deletions": 0,
        "sinceDate": "2017-09-23",
        "untilDate": "2017-09-24"
      },
      {
        "insertions": 0,
        "deletions": 0,
        "sinceDate": "2017-09-24",
        "untilDate": "2017-09-25"
      },
      {
        "insertions": 0,
        "deletions": 0,
        "sinceDate": "2017-09-25",
        "untilDate": "2017-09-26"
      },
      {
        "insertions": 0,
        "deletions": 0,
        "sinceDate": "2017-09-26",
        "untilDate": "2017-09-27"
      },
      {
        "insertions": 0,
        "deletions": 0,
        "sinceDate": "2017-09-27",
        "untilDate": "2017-09-28"
      },
      {
        "insertions": 0,
        "deletions": 0,
        "sinceDate": "2017-09-28",
        "untilDate": "2017-09-29"
      },
      {
        "insertions": 0,
        "deletions": 0,
        "sinceDate": "2017-09-29",
        "untilDate": "2017-09-30"
      },
      {
        "insertions": 0,
        "deletions": 0,
        "sinceDate": "2017-09-30",
        "untilDate": "2017-10-01"
      },
      {
        "insertions": 0,
        "deletions": 0,
        "sinceDate": "2017-10-01",
        "untilDate": "2017-10-02"
      },
      {
        "insertions": 0,
        "deletions": 0,
        "sinceDate": "2017-10-02",
        "untilDate": "2017-10-03"
      },
      {
        "insertions": 0,
        "deletions": 0,
        "sinceDate": "2017-10-03",
        "untilDate": "2017-10-04"
      },
      {
        "insertions": 27,
        "deletions": 5,
        "sinceDate": "2017-10-04",
        "untilDate": "2017-10-05"
      },
      {
        "insertions": 41,
        "deletions": 11,
        "sinceDate": "2017-10-05",
        "untilDate": "2017-10-06"
      },
      {
        "insertions": 4,
        "deletions": 4,
        "sinceDate": "2017-10-06",
        "untilDate": "2017-10-07"
      },
      {
        "insertions": 477,
        "deletions": 17,
        "sinceDate": "2017-10-07",
        "untilDate": "2017-10-08"
      },
      {
        "insertions": 54,
        "deletions": 27,
        "sinceDate": "2017-10-08",
        "untilDate": "2017-10-09"
      },
      {
        "insertions": 37,
        "deletions": 16,
        "sinceDate": "2017-10-09",
        "untilDate": "2017-10-10"
      },
      {
        "insertions": 252,
        "deletions": 13,
        "sinceDate": "2017-10-10",
        "untilDate": "2017-10-11"
      },
      {
        "insertions": 3,
        "deletions": 2,
        "sinceDate": "2017-10-11",
        "untilDate": "2017-10-12"
      },
      {
        "insertions": 405,
        "deletions": 192,
        "sinceDate": "2017-10-12",
        "untilDate": "2017-10-13"
      },
      {
        "insertions": 518,
        "deletions": 399,
        "sinceDate": "2017-10-13",
        "untilDate": "2017-10-14"
      },
      {
        "insertions": 169,
        "deletions": 92,
        "sinceDate": "2017-10-14",
        "untilDate": "2017-10-15"
      },
      {
        "insertions": 597,
        "deletions": 205,
        "sinceDate": "2017-10-15",
        "untilDate": "2017-10-16"
      },
      {
        "insertions": 70,
        "deletions": 48,
        "sinceDate": "2017-10-16",
        "untilDate": "2017-10-17"
      },
      {
        "insertions": 0,
        "deletions": 0,
        "sinceDate": "2017-10-17",
        "untilDate": "2017-10-18"
      },
      {
        "insertions": 0,
        "deletions": 0,
        "sinceDate": "2017-10-18",
        "untilDate": "2017-10-19"
      },
      {
        "insertions": 77,
        "deletions": 1,
        "sinceDate": "2017-10-19",
        "untilDate": "2017-10-20"
      },
      {
        "insertions": 0,
        "deletions": 0,
        "sinceDate": "2017-10-20",
        "untilDate": "2017-10-21"
      },
      {
        "insertions": 0,
        "deletions": 0,
        "sinceDate": "2017-10-21",
        "untilDate": "2017-10-22"
      },
      {
        "insertions": 0,
        "deletions": 0,
        "sinceDate": "2017-10-22",
        "untilDate": "2017-10-23"
      },
      {
        "insertions": 0,
        "deletions": 0,
        "sinceDate": "2017-10-23",
        "untilDate": "2017-10-24"
      },
      {
        "insertions": 157,
        "deletions": 16,
        "sinceDate": "2017-10-24",
        "untilDate": "2017-10-25"
      },
      {
        "insertions": 47,
        "deletions": 36,
        "sinceDate": "2017-10-25",
        "untilDate": "2017-10-26"
      },
      {
        "insertions": 0,
        "deletions": 0,
        "sinceDate": "2017-10-26",
        "untilDate": "2017-10-27"
      },
      {
        "insertions": 0,
        "deletions": 0,
        "sinceDate": "2017-10-27",
        "untilDate": "2017-10-28"
      },
      {
        "insertions": 0,
        "deletions": 0,
        "sinceDate": "2017-10-28",
        "untilDate": "2017-10-29"
      },
      {
        "insertions": 0,
        "deletions": 0,
        "sinceDate": "2017-10-29",
        "untilDate": "2017-10-30"
      },
      {
        "insertions": 0,
        "deletions": 0,
        "sinceDate": "2017-10-30",
        "untilDate": "2017-10-31"
      }
    ],
    "CindyTsai1": [
      {
        "insertions": 0,
        "deletions": 0,
        "sinceDate": "2017-09-01",
        "untilDate": "2017-09-02"
      },
      {
        "insertions": 0,
        "deletions": 0,
        "sinceDate": "2017-09-02",
        "untilDate": "2017-09-03"
      },
      {
        "insertions": 0,
        "deletions": 0,
        "sinceDate": "2017-09-03",
        "untilDate": "2017-09-04"
      },
      {
        "insertions": 0,
        "deletions": 0,
        "sinceDate": "2017-09-04",
        "untilDate": "2017-09-05"
      },
      {
        "insertions": 0,
        "deletions": 0,
        "sinceDate": "2017-09-05",
        "untilDate": "2017-09-06"
      },
      {
        "insertions": 0,
        "deletions": 0,
        "sinceDate": "2017-09-06",
        "untilDate": "2017-09-07"
      },
      {
        "insertions": 0,
        "deletions": 0,
        "sinceDate": "2017-09-07",
        "untilDate": "2017-09-08"
      },
      {
        "insertions": 0,
        "deletions": 0,
        "sinceDate": "2017-09-08",
        "untilDate": "2017-09-09"
      },
      {
        "insertions": 0,
        "deletions": 0,
        "sinceDate": "2017-09-09",
        "untilDate": "2017-09-10"
      },
      {
        "insertions": 0,
        "deletions": 0,
        "sinceDate": "2017-09-10",
        "untilDate": "2017-09-11"
      },
      {
        "insertions": 0,
        "deletions": 0,
        "sinceDate": "2017-09-11",
        "untilDate": "2017-09-12"
      },
      {
        "insertions": 0,
        "deletions": 0,
        "sinceDate": "2017-09-12",
        "untilDate": "2017-09-13"
      },
      {
        "insertions": 0,
        "deletions": 0,
        "sinceDate": "2017-09-13",
        "untilDate": "2017-09-14"
      },
      {
        "insertions": 0,
        "deletions": 0,
        "sinceDate": "2017-09-14",
        "untilDate": "2017-09-15"
      },
      {
        "insertions": 0,
        "deletions": 0,
        "sinceDate": "2017-09-15",
        "untilDate": "2017-09-16"
      },
      {
        "insertions": 0,
        "deletions": 0,
        "sinceDate": "2017-09-16",
        "untilDate": "2017-09-17"
      },
      {
        "insertions": 0,
        "deletions": 0,
        "sinceDate": "2017-09-17",
        "untilDate": "2017-09-18"
      },
      {
        "insertions": 0,
        "deletions": 0,
        "sinceDate": "2017-09-18",
        "untilDate": "2017-09-19"
      },
      {
        "insertions": 0,
        "deletions": 0,
        "sinceDate": "2017-09-19",
        "untilDate": "2017-09-20"
      },
      {
        "insertions": 0,
        "deletions": 0,
        "sinceDate": "2017-09-20",
        "untilDate": "2017-09-21"
      },
      {
        "insertions": 0,
        "deletions": 0,
        "sinceDate": "2017-09-21",
        "untilDate": "2017-09-22"
      },
      {
        "insertions": 0,
        "deletions": 0,
        "sinceDate": "2017-09-22",
        "untilDate": "2017-09-23"
      },
      {
        "insertions": 0,
        "deletions": 0,
        "sinceDate": "2017-09-23",
        "untilDate": "2017-09-24"
      },
      {
        "insertions": 0,
        "deletions": 0,
        "sinceDate": "2017-09-24",
        "untilDate": "2017-09-25"
      },
      {
        "insertions": 0,
        "deletions": 0,
        "sinceDate": "2017-09-25",
        "untilDate": "2017-09-26"
      },
      {
        "insertions": 0,
        "deletions": 0,
        "sinceDate": "2017-09-26",
        "untilDate": "2017-09-27"
      },
      {
        "insertions": 0,
        "deletions": 0,
        "sinceDate": "2017-09-27",
        "untilDate": "2017-09-28"
      },
      {
        "insertions": 0,
        "deletions": 0,
        "sinceDate": "2017-09-28",
        "untilDate": "2017-09-29"
      },
      {
        "insertions": 0,
        "deletions": 0,
        "sinceDate": "2017-09-29",
        "untilDate": "2017-09-30"
      },
      {
        "insertions": 0,
        "deletions": 0,
        "sinceDate": "2017-09-30",
        "untilDate": "2017-10-01"
      },
      {
        "insertions": 0,
        "deletions": 0,
        "sinceDate": "2017-10-01",
        "untilDate": "2017-10-02"
      },
      {
        "insertions": 0,
        "deletions": 0,
        "sinceDate": "2017-10-02",
        "untilDate": "2017-10-03"
      },
      {
        "insertions": 0,
        "deletions": 0,
        "sinceDate": "2017-10-03",
        "untilDate": "2017-10-04"
      },
      {
        "insertions": 11,
        "deletions": 0,
        "sinceDate": "2017-10-04",
        "untilDate": "2017-10-05"
      },
      {
        "insertions": 0,
        "deletions": 0,
        "sinceDate": "2017-10-05",
        "untilDate": "2017-10-06"
      },
      {
        "insertions": 0,
        "deletions": 0,
        "sinceDate": "2017-10-06",
        "untilDate": "2017-10-07"
      },
      {
        "insertions": 0,
        "deletions": 0,
        "sinceDate": "2017-10-07",
        "untilDate": "2017-10-08"
      },
      {
        "insertions": 0,
        "deletions": 0,
        "sinceDate": "2017-10-08",
        "untilDate": "2017-10-09"
      },
      {
        "insertions": 0,
        "deletions": 0,
        "sinceDate": "2017-10-09",
        "untilDate": "2017-10-10"
      },
      {
        "insertions": 100,
        "deletions": 23,
        "sinceDate": "2017-10-10",
        "untilDate": "2017-10-11"
      },
      {
        "insertions": 203,
        "deletions": 41,
        "sinceDate": "2017-10-11",
        "untilDate": "2017-10-12"
      },
      {
        "insertions": 0,
        "deletions": 0,
        "sinceDate": "2017-10-12",
        "untilDate": "2017-10-13"
      },
      {
        "insertions": 0,
        "deletions": 0,
        "sinceDate": "2017-10-13",
        "untilDate": "2017-10-14"
      },
      {
        "insertions": 0,
        "deletions": 0,
        "sinceDate": "2017-10-14",
        "untilDate": "2017-10-15"
      },
      {
        "insertions": 0,
        "deletions": 0,
        "sinceDate": "2017-10-15",
        "untilDate": "2017-10-16"
      },
      {
        "insertions": 0,
        "deletions": 0,
        "sinceDate": "2017-10-16",
        "untilDate": "2017-10-17"
      },
      {
        "insertions": 0,
        "deletions": 0,
        "sinceDate": "2017-10-17",
        "untilDate": "2017-10-18"
      },
      {
        "insertions": 10,
        "deletions": 8,
        "sinceDate": "2017-10-18",
        "untilDate": "2017-10-19"
      },
      {
        "insertions": 345,
        "deletions": 132,
        "sinceDate": "2017-10-19",
        "untilDate": "2017-10-20"
      },
      {
        "insertions": 0,
        "deletions": 2,
        "sinceDate": "2017-10-20",
        "untilDate": "2017-10-21"
      },
      {
        "insertions": 91,
        "deletions": 7,
        "sinceDate": "2017-10-21",
        "untilDate": "2017-10-22"
      },
      {
        "insertions": 0,
        "deletions": 0,
        "sinceDate": "2017-10-22",
        "untilDate": "2017-10-23"
      },
      {
        "insertions": 153,
        "deletions": 390,
        "sinceDate": "2017-10-23",
        "untilDate": "2017-10-24"
      },
      {
        "insertions": 294,
        "deletions": 27,
        "sinceDate": "2017-10-24",
        "untilDate": "2017-10-25"
      },
      {
        "insertions": 0,
        "deletions": 0,
        "sinceDate": "2017-10-25",
        "untilDate": "2017-10-26"
      },
      {
        "insertions": 0,
        "deletions": 0,
        "sinceDate": "2017-10-26",
        "untilDate": "2017-10-27"
      },
      {
        "insertions": 0,
        "deletions": 0,
        "sinceDate": "2017-10-27",
        "untilDate": "2017-10-28"
      },
      {
        "insertions": 0,
        "deletions": 0,
        "sinceDate": "2017-10-28",
        "untilDate": "2017-10-29"
      },
      {
        "insertions": 0,
        "deletions": 0,
        "sinceDate": "2017-10-29",
        "untilDate": "2017-10-30"
      },
      {
        "insertions": 69,
        "deletions": 82,
        "sinceDate": "2017-10-30",
        "untilDate": "2017-10-31"
      }
    ],
    "nbriannl": [
      {
        "insertions": 0,
        "deletions": 0,
        "sinceDate": "2017-09-01",
        "untilDate": "2017-09-02"
      },
      {
        "insertions": 0,
        "deletions": 0,
        "sinceDate": "2017-09-02",
        "untilDate": "2017-09-03"
      },
      {
        "insertions": 0,
        "deletions": 0,
        "sinceDate": "2017-09-03",
        "untilDate": "2017-09-04"
      },
      {
        "insertions": 0,
        "deletions": 0,
        "sinceDate": "2017-09-04",
        "untilDate": "2017-09-05"
      },
      {
        "insertions": 0,
        "deletions": 0,
        "sinceDate": "2017-09-05",
        "untilDate": "2017-09-06"
      },
      {
        "insertions": 0,
        "deletions": 0,
        "sinceDate": "2017-09-06",
        "untilDate": "2017-09-07"
      },
      {
        "insertions": 0,
        "deletions": 0,
        "sinceDate": "2017-09-07",
        "untilDate": "2017-09-08"
      },
      {
        "insertions": 0,
        "deletions": 0,
        "sinceDate": "2017-09-08",
        "untilDate": "2017-09-09"
      },
      {
        "insertions": 0,
        "deletions": 0,
        "sinceDate": "2017-09-09",
        "untilDate": "2017-09-10"
      },
      {
        "insertions": 0,
        "deletions": 0,
        "sinceDate": "2017-09-10",
        "untilDate": "2017-09-11"
      },
      {
        "insertions": 0,
        "deletions": 0,
        "sinceDate": "2017-09-11",
        "untilDate": "2017-09-12"
      },
      {
        "insertions": 0,
        "deletions": 0,
        "sinceDate": "2017-09-12",
        "untilDate": "2017-09-13"
      },
      {
        "insertions": 0,
        "deletions": 0,
        "sinceDate": "2017-09-13",
        "untilDate": "2017-09-14"
      },
      {
        "insertions": 0,
        "deletions": 0,
        "sinceDate": "2017-09-14",
        "untilDate": "2017-09-15"
      },
      {
        "insertions": 0,
        "deletions": 0,
        "sinceDate": "2017-09-15",
        "untilDate": "2017-09-16"
      },
      {
        "insertions": 0,
        "deletions": 0,
        "sinceDate": "2017-09-16",
        "untilDate": "2017-09-17"
      },
      {
        "insertions": 0,
        "deletions": 0,
        "sinceDate": "2017-09-17",
        "untilDate": "2017-09-18"
      },
      {
        "insertions": 0,
        "deletions": 0,
        "sinceDate": "2017-09-18",
        "untilDate": "2017-09-19"
      },
      {
        "insertions": 0,
        "deletions": 0,
        "sinceDate": "2017-09-19",
        "untilDate": "2017-09-20"
      },
      {
        "insertions": 0,
        "deletions": 0,
        "sinceDate": "2017-09-20",
        "untilDate": "2017-09-21"
      },
      {
        "insertions": 0,
        "deletions": 0,
        "sinceDate": "2017-09-21",
        "untilDate": "2017-09-22"
      },
      {
        "insertions": 0,
        "deletions": 0,
        "sinceDate": "2017-09-22",
        "untilDate": "2017-09-23"
      },
      {
        "insertions": 0,
        "deletions": 0,
        "sinceDate": "2017-09-23",
        "untilDate": "2017-09-24"
      },
      {
        "insertions": 0,
        "deletions": 0,
        "sinceDate": "2017-09-24",
        "untilDate": "2017-09-25"
      },
      {
        "insertions": 0,
        "deletions": 0,
        "sinceDate": "2017-09-25",
        "untilDate": "2017-09-26"
      },
      {
        "insertions": 0,
        "deletions": 0,
        "sinceDate": "2017-09-26",
        "untilDate": "2017-09-27"
      },
      {
        "insertions": 0,
        "deletions": 0,
        "sinceDate": "2017-09-27",
        "untilDate": "2017-09-28"
      },
      {
        "insertions": 0,
        "deletions": 0,
        "sinceDate": "2017-09-28",
        "untilDate": "2017-09-29"
      },
      {
        "insertions": 0,
        "deletions": 0,
        "sinceDate": "2017-09-29",
        "untilDate": "2017-09-30"
      },
      {
        "insertions": 0,
        "deletions": 0,
        "sinceDate": "2017-09-30",
        "untilDate": "2017-10-01"
      },
      {
        "insertions": 0,
        "deletions": 0,
        "sinceDate": "2017-10-01",
        "untilDate": "2017-10-02"
      },
      {
        "insertions": 0,
        "deletions": 0,
        "sinceDate": "2017-10-02",
        "untilDate": "2017-10-03"
      },
      {
        "insertions": 0,
        "deletions": 0,
        "sinceDate": "2017-10-03",
        "untilDate": "2017-10-04"
      },
      {
        "insertions": 224,
        "deletions": 6,
        "sinceDate": "2017-10-04",
        "untilDate": "2017-10-05"
      },
      {
        "insertions": 42,
        "deletions": 30,
        "sinceDate": "2017-10-05",
        "untilDate": "2017-10-06"
      },
      {
        "insertions": 141,
        "deletions": 26,
        "sinceDate": "2017-10-06",
        "untilDate": "2017-10-07"
      },
      {
        "insertions": 0,
        "deletions": 0,
        "sinceDate": "2017-10-07",
        "untilDate": "2017-10-08"
      },
      {
        "insertions": 69,
        "deletions": 4,
        "sinceDate": "2017-10-08",
        "untilDate": "2017-10-09"
      },
      {
        "insertions": 156,
        "deletions": 11,
        "sinceDate": "2017-10-09",
        "untilDate": "2017-10-10"
      },
      {
        "insertions": 75,
        "deletions": 22,
        "sinceDate": "2017-10-10",
        "untilDate": "2017-10-11"
      },
      {
        "insertions": 0,
        "deletions": 0,
        "sinceDate": "2017-10-11",
        "untilDate": "2017-10-12"
      },
      {
        "insertions": 0,
        "deletions": 0,
        "sinceDate": "2017-10-12",
        "untilDate": "2017-10-13"
      },
      {
        "insertions": 40,
        "deletions": 17,
        "sinceDate": "2017-10-13",
        "untilDate": "2017-10-14"
      },
      {
        "insertions": 0,
        "deletions": 0,
        "sinceDate": "2017-10-14",
        "untilDate": "2017-10-15"
      },
      {
        "insertions": 0,
        "deletions": 0,
        "sinceDate": "2017-10-15",
        "untilDate": "2017-10-16"
      },
      {
        "insertions": 363,
        "deletions": 89,
        "sinceDate": "2017-10-16",
        "untilDate": "2017-10-17"
      },
      {
        "insertions": 36,
        "deletions": 23,
        "sinceDate": "2017-10-17",
        "untilDate": "2017-10-18"
      },
      {
        "insertions": 166,
        "deletions": 20,
        "sinceDate": "2017-10-18",
        "untilDate": "2017-10-19"
      },
      {
        "insertions": 136,
        "deletions": 1,
        "sinceDate": "2017-10-19",
        "untilDate": "2017-10-20"
      },
      {
        "insertions": 0,
        "deletions": 0,
        "sinceDate": "2017-10-20",
        "untilDate": "2017-10-21"
      },
      {
        "insertions": 9,
        "deletions": 19,
        "sinceDate": "2017-10-21",
        "untilDate": "2017-10-22"
      },
      {
        "insertions": 333,
        "deletions": 295,
        "sinceDate": "2017-10-22",
        "untilDate": "2017-10-23"
      },
      {
        "insertions": 512,
        "deletions": 102,
        "sinceDate": "2017-10-23",
        "untilDate": "2017-10-24"
      },
      {
        "insertions": 17,
        "deletions": 152,
        "sinceDate": "2017-10-24",
        "untilDate": "2017-10-25"
      },
      {
        "insertions": 0,
        "deletions": 0,
        "sinceDate": "2017-10-25",
        "untilDate": "2017-10-26"
      },
      {
        "insertions": 0,
        "deletions": 0,
        "sinceDate": "2017-10-26",
        "untilDate": "2017-10-27"
      },
      {
        "insertions": 0,
        "deletions": 0,
        "sinceDate": "2017-10-27",
        "untilDate": "2017-10-28"
      },
      {
        "insertions": 0,
        "deletions": 0,
        "sinceDate": "2017-10-28",
        "untilDate": "2017-10-29"
      },
      {
        "insertions": 221,
        "deletions": 17,
        "sinceDate": "2017-10-29",
        "untilDate": "2017-10-30"
      },
      {
        "insertions": 1,
        "deletions": 1,
        "sinceDate": "2017-10-30",
        "untilDate": "2017-10-31"
      }
    ],
    "April0616": [
      {
        "insertions": 0,
        "deletions": 0,
        "sinceDate": "2017-09-01",
        "untilDate": "2017-09-02"
      },
      {
        "insertions": 0,
        "deletions": 0,
        "sinceDate": "2017-09-02",
        "untilDate": "2017-09-03"
      },
      {
        "insertions": 0,
        "deletions": 0,
        "sinceDate": "2017-09-03",
        "untilDate": "2017-09-04"
      },
      {
        "insertions": 0,
        "deletions": 0,
        "sinceDate": "2017-09-04",
        "untilDate": "2017-09-05"
      },
      {
        "insertions": 0,
        "deletions": 0,
        "sinceDate": "2017-09-05",
        "untilDate": "2017-09-06"
      },
      {
        "insertions": 0,
        "deletions": 0,
        "sinceDate": "2017-09-06",
        "untilDate": "2017-09-07"
      },
      {
        "insertions": 0,
        "deletions": 0,
        "sinceDate": "2017-09-07",
        "untilDate": "2017-09-08"
      },
      {
        "insertions": 0,
        "deletions": 0,
        "sinceDate": "2017-09-08",
        "untilDate": "2017-09-09"
      },
      {
        "insertions": 0,
        "deletions": 0,
        "sinceDate": "2017-09-09",
        "untilDate": "2017-09-10"
      },
      {
        "insertions": 0,
        "deletions": 0,
        "sinceDate": "2017-09-10",
        "untilDate": "2017-09-11"
      },
      {
        "insertions": 0,
        "deletions": 0,
        "sinceDate": "2017-09-11",
        "untilDate": "2017-09-12"
      },
      {
        "insertions": 0,
        "deletions": 0,
        "sinceDate": "2017-09-12",
        "untilDate": "2017-09-13"
      },
      {
        "insertions": 0,
        "deletions": 0,
        "sinceDate": "2017-09-13",
        "untilDate": "2017-09-14"
      },
      {
        "insertions": 0,
        "deletions": 0,
        "sinceDate": "2017-09-14",
        "untilDate": "2017-09-15"
      },
      {
        "insertions": 0,
        "deletions": 0,
        "sinceDate": "2017-09-15",
        "untilDate": "2017-09-16"
      },
      {
        "insertions": 0,
        "deletions": 0,
        "sinceDate": "2017-09-16",
        "untilDate": "2017-09-17"
      },
      {
        "insertions": 0,
        "deletions": 0,
        "sinceDate": "2017-09-17",
        "untilDate": "2017-09-18"
      },
      {
        "insertions": 0,
        "deletions": 0,
        "sinceDate": "2017-09-18",
        "untilDate": "2017-09-19"
      },
      {
        "insertions": 0,
        "deletions": 0,
        "sinceDate": "2017-09-19",
        "untilDate": "2017-09-20"
      },
      {
        "insertions": 0,
        "deletions": 0,
        "sinceDate": "2017-09-20",
        "untilDate": "2017-09-21"
      },
      {
        "insertions": 0,
        "deletions": 0,
        "sinceDate": "2017-09-21",
        "untilDate": "2017-09-22"
      },
      {
        "insertions": 0,
        "deletions": 0,
        "sinceDate": "2017-09-22",
        "untilDate": "2017-09-23"
      },
      {
        "insertions": 0,
        "deletions": 0,
        "sinceDate": "2017-09-23",
        "untilDate": "2017-09-24"
      },
      {
        "insertions": 0,
        "deletions": 0,
        "sinceDate": "2017-09-24",
        "untilDate": "2017-09-25"
      },
      {
        "insertions": 0,
        "deletions": 0,
        "sinceDate": "2017-09-25",
        "untilDate": "2017-09-26"
      },
      {
        "insertions": 0,
        "deletions": 0,
        "sinceDate": "2017-09-26",
        "untilDate": "2017-09-27"
      },
      {
        "insertions": 0,
        "deletions": 0,
        "sinceDate": "2017-09-27",
        "untilDate": "2017-09-28"
      },
      {
        "insertions": 0,
        "deletions": 0,
        "sinceDate": "2017-09-28",
        "untilDate": "2017-09-29"
      },
      {
        "insertions": 0,
        "deletions": 0,
        "sinceDate": "2017-09-29",
        "untilDate": "2017-09-30"
      },
      {
        "insertions": 0,
        "deletions": 0,
        "sinceDate": "2017-09-30",
        "untilDate": "2017-10-01"
      },
      {
        "insertions": 0,
        "deletions": 0,
        "sinceDate": "2017-10-01",
        "untilDate": "2017-10-02"
      },
      {
        "insertions": 0,
        "deletions": 0,
        "sinceDate": "2017-10-02",
        "untilDate": "2017-10-03"
      },
      {
        "insertions": 0,
        "deletions": 0,
        "sinceDate": "2017-10-03",
        "untilDate": "2017-10-04"
      },
      {
        "insertions": 51,
        "deletions": 9,
        "sinceDate": "2017-10-04",
        "untilDate": "2017-10-05"
      },
      {
        "insertions": 0,
        "deletions": 0,
        "sinceDate": "2017-10-05",
        "untilDate": "2017-10-06"
      },
      {
        "insertions": 410,
        "deletions": 50,
        "sinceDate": "2017-10-06",
        "untilDate": "2017-10-07"
      },
      {
        "insertions": 0,
        "deletions": 0,
        "sinceDate": "2017-10-07",
        "untilDate": "2017-10-08"
      },
      {
        "insertions": 0,
        "deletions": 0,
        "sinceDate": "2017-10-08",
        "untilDate": "2017-10-09"
      },
      {
        "insertions": 229,
        "deletions": 70,
        "sinceDate": "2017-10-09",
        "untilDate": "2017-10-10"
      },
      {
        "insertions": 444,
        "deletions": 377,
        "sinceDate": "2017-10-10",
        "untilDate": "2017-10-11"
      },
      {
        "insertions": 24,
        "deletions": 42,
        "sinceDate": "2017-10-11",
        "untilDate": "2017-10-12"
      },
      {
        "insertions": 2,
        "deletions": 2,
        "sinceDate": "2017-10-12",
        "untilDate": "2017-10-13"
      },
      {
        "insertions": 0,
        "deletions": 0,
        "sinceDate": "2017-10-13",
        "untilDate": "2017-10-14"
      },
      {
        "insertions": 0,
        "deletions": 0,
        "sinceDate": "2017-10-14",
        "untilDate": "2017-10-15"
      },
      {
        "insertions": 0,
        "deletions": 0,
        "sinceDate": "2017-10-15",
        "untilDate": "2017-10-16"
      },
      {
        "insertions": 388,
        "deletions": 80,
        "sinceDate": "2017-10-16",
        "untilDate": "2017-10-17"
      },
      {
        "insertions": 649,
        "deletions": 248,
        "sinceDate": "2017-10-17",
        "untilDate": "2017-10-18"
      },
      {
        "insertions": 135,
        "deletions": 69,
        "sinceDate": "2017-10-18",
        "untilDate": "2017-10-19"
      },
      {
        "insertions": 2,
        "deletions": 14,
        "sinceDate": "2017-10-19",
        "untilDate": "2017-10-20"
      },
      {
        "insertions": 0,
        "deletions": 0,
        "sinceDate": "2017-10-20",
        "untilDate": "2017-10-21"
      },
      {
        "insertions": 186,
        "deletions": 27,
        "sinceDate": "2017-10-21",
        "untilDate": "2017-10-22"
      },
      {
        "insertions": 138,
        "deletions": 52,
        "sinceDate": "2017-10-22",
        "untilDate": "2017-10-23"
      },
      {
        "insertions": 0,
        "deletions": 0,
        "sinceDate": "2017-10-23",
        "untilDate": "2017-10-24"
      },
      {
        "insertions": 158,
        "deletions": 141,
        "sinceDate": "2017-10-24",
        "untilDate": "2017-10-25"
      },
      {
        "insertions": 62,
        "deletions": 21,
        "sinceDate": "2017-10-25",
        "untilDate": "2017-10-26"
      },
      {
        "insertions": 0,
        "deletions": 0,
        "sinceDate": "2017-10-26",
        "untilDate": "2017-10-27"
      },
      {
        "insertions": 0,
        "deletions": 0,
        "sinceDate": "2017-10-27",
        "untilDate": "2017-10-28"
      },
      {
        "insertions": 0,
        "deletions": 0,
        "sinceDate": "2017-10-28",
        "untilDate": "2017-10-29"
      },
      {
        "insertions": 13,
        "deletions": 6,
        "sinceDate": "2017-10-29",
        "untilDate": "2017-10-30"
      },
      {
        "insertions": 0,
        "deletions": 0,
        "sinceDate": "2017-10-30",
        "untilDate": "2017-10-31"
      }
    ]
  },
  "authorFinalContributionMap": {
    "zacharytang": 1590,
    "CindyTsai1": 1006,
    "nbriannl": 1693,
    "April0616": 1562
  },
  "authorContributionVariance": {
    "zacharytang": 33728.18,
    "CindyTsai1": 11117.815,
    "nbriannl": 17673.596,
    "April0616": 32443.48
  },
  "authorDisplayNameMap": {
    "zacharytang": "Zac",
    "CindyTsai1": "Cin",
    "nbriannl": "Nbr",
    "April0616": "Fan"
  }
}
