{"authorDailyContributionsMap":{"zacharytang":[{"date":"2017-11-09","commitResults":[{"hash":"76a4ddb9f4d139620361a1a8de613b3e46d8a269","isMergeCommit":false,"messageTitle":"Updated collated code","messageBody":"","fileTypesAndContributionMap":{"fxml":{"insertions":113,"deletions":0}}},{"hash":"a4c56a8c064eccb52b337801d5d1ecac8c9a9d0a","isMergeCommit":true,"messageTitle":"Merge branch \u0027master\u0027 of https://github.com/CS2103AUG2017-W09-B1/main into collate_code","messageBody":"","fileTypesAndContributionMap":{}},{"hash":"eb9c94dac22e3900f74f038c165b59409dedeb5b","isMergeCommit":true,"messageTitle":"Merge branch \u0027master\u0027 of https://github.com/CS2103AUG2017-W09-B1/main into collate_code","messageBody":"","fileTypesAndContributionMap":{}},{"hash":"ab8f5d9907b7387ae9be730ab8c3163b6ca3838d","isMergeCommit":true,"messageTitle":"Merge branch \u0027master\u0027 into collate_code","messageBody":"","fileTypesAndContributionMap":{}},{"hash":"ca8baf49b06ba25a6e20e66ea95c8e2c9d76e9d5","isMergeCommit":true,"messageTitle":"Merge branch \u0027master\u0027 into collate_code","messageBody":"","fileTypesAndContributionMap":{}},{"hash":"5fce47d09d0ee608d6ac9cd8ddaa85ff819b3b35","isMergeCommit":true,"messageTitle":"Merge pull request #175 from zacharytang/collate_code","messageBody":"Collate code","fileTypesAndContributionMap":{}}]}],"CindyTsai1":[{"date":"2017-10-19","commitResults":[{"hash":"f45960b264a6c550d98137cebe7cea9bb78fdfcd","isMergeCommit":false,"messageTitle":"Birthday feature: update person related files","messageBody":"","fileTypesAndContributionMap":{"fxml":{"insertions":1,"deletions":0}}}]},{"date":"2017-10-20","commitResults":[{"hash":"c59fbdda8c83366a5f4d97c8ed947adbdabdef76","isMergeCommit":true,"messageTitle":"Merge branch \u0027master\u0027 into Birthday-feature","messageBody":"# Merged Conflicts:\n#\tdocs/UserGuide.adoc\n#\tsrc/main/java/seedu/address/logic/commands/AddCommand.java\n#\tsrc/main/java/seedu/address/logic/commands/EditCommand.java\n#\tsrc/main/java/seedu/address/logic/parser/AddCommandParser.java\n#\tsrc/main/java/seedu/address/logic/parser/CliSyntax.java\n#\tsrc/main/java/seedu/address/logic/parser/EditCommandParser.java\n#\tsrc/main/java/seedu/address/logic/parser/ParserUtil.java\n#\tsrc/main/java/seedu/address/model/person/Person.java\n#\tsrc/main/java/seedu/address/model/person/ReadOnlyPerson.java\n#\tsrc/main/java/seedu/address/model/util/SampleDataUtil.java\n#\tsrc/main/java/seedu/address/storage/XmlAdaptedPerson.java\n#\tsrc/main/java/seedu/address/ui/PersonCard.java\n#\tsrc/main/resources/view/PersonListCard.fxml\n#\tsrc/test/data/XmlUtilTest/validAddressBook.xml\n#\tsrc/test/java/guitests/guihandles/PersonCardHandle.java\n#\tsrc/test/java/seedu/address/logic/commands/CommandTestUtil.java\n#\tsrc/test/java/seedu/address/logic/commands/EditCommandTest.java\n#\tsrc/test/java/seedu/address/logic/parser/AddCommandParserTest.java\n#\tsrc/test/java/seedu/address/logic/parser/EditCommandParserTest.java\n#\tsrc/test/java/seedu/address/testutil/PersonBuilder.java\n#\tsrc/test/java/seedu/address/testutil/PersonUtil.java\n#\tsrc/test/java/seedu/address/testutil/TypicalPersons.java\n#\tsrc/test/java/seedu/address/ui/testutil/GuiTestAssert.java\n#\tsrc/test/java/systemtests/AddCommandSystemTest.java\n#\tsrc/test/java/systemtests/EditCommandSystemTest.java\n","fileTypesAndContributionMap":{}},{"hash":"94e2fdd40ff66cb98135bb50ad9e1a648804d204","isMergeCommit":true,"messageTitle":"Merge branch \u0027master\u0027 into Birthday-feature","messageBody":"","fileTypesAndContributionMap":{}},{"hash":"f783355fd3fdaf11dd6bed1da2d2ce32c061de88","isMergeCommit":true,"messageTitle":"Merge branch \u0027master\u0027 of https://github.com/CS2103AUG2017-W09-B1/main into Birthday-feature","messageBody":"","fileTypesAndContributionMap":{}}]},{"date":"2017-10-31","commitResults":[{"hash":"52e43c8c624f44c043bf203176d43b3943797a3e","isMergeCommit":true,"messageTitle":"Merge branch \u0027master\u0027 of https://github.com/CS2103AUG2017-W09-B1/main into Find-filter-function","messageBody":"# Conflicts:\n#\tdocs/UserGuide.adoc\n","fileTypesAndContributionMap":{}},{"hash":"2385bbb58158ca17da979501bf93b75bb8b6ac43","isMergeCommit":true,"messageTitle":"Merge pull request #94 from nbriannl/Collate","messageBody":"Collate code for v1.4","fileTypesAndContributionMap":{}}]},{"date":"2017-11-07","commitResults":[{"hash":"59dced91b8efdc1ab69841318236f5f9c1916e2a","isMergeCommit":true,"messageTitle":"Merge pull request #149 from nbriannl/projectPortfolio","messageBody":"Update Project Portfolio","fileTypesAndContributionMap":{}},{"hash":"d0e60b0dcc03cb8286de230bfee0294fa51b2c13","isMergeCommit":true,"messageTitle":"Merge pull request #154 from CindyTsai1/make-field-optional","messageBody":"Making add fields optional","fileTypesAndContributionMap":{}}]},{"date":"2017-11-11","commitResults":[{"hash":"59b120de489d4be9dcb78162e6b79237c6c735c2","isMergeCommit":true,"messageTitle":"Merge branch \u0027master\u0027 of https://github.com/CS2103AUG2017-W09-B1/main into Find-filter-function","messageBody":"# Conflicts:\n#\tdocs/UserGuide.adoc\n","fileTypesAndContributionMap":{}}]},{"date":"2017-11-12","commitResults":[{"hash":"3848fb375e064c234066c27dd0114316955b121b","isMergeCommit":true,"messageTitle":"Merge branch \u0027master\u0027 of https://github.com/CS2103AUG2017-W09-B1/main into Find-filter-function","messageBody":"","fileTypesAndContributionMap":{}}]},{"date":"2017-11-13","commitResults":[{"hash":"9a92265e1cd901de94a0edff3eb51820d1cd50e8","isMergeCommit":true,"messageTitle":"Merge pull request #254 from CindyTsai1/Find-filter-function","messageBody":"test format","fileTypesAndContributionMap":{}},{"hash":"ec193d56da3ecd35fa29a39eeb1a04227e81727d","isMergeCommit":true,"messageTitle":"Merge pull request #255 from CindyTsai1/Find-filter-function","messageBody":"red format","fileTypesAndContributionMap":{}},{"hash":"7326f8ce81b407d429674ccf701ebfd101624848","isMergeCommit":true,"messageTitle":"Merge pull request #256 from CindyTsai1/Find-filter-function","messageBody":"test script","fileTypesAndContributionMap":{}},{"hash":"128dab53713ce088fe4e693fee045d46464bbe27","isMergeCommit":true,"messageTitle":"Merge pull request #257 from CindyTsai1/Find-filter-function","messageBody":"update test script","fileTypesAndContributionMap":{}},{"hash":"bbd389c448f4b5e69bfe7efccc269304daab8307","isMergeCommit":true,"messageTitle":"Merge pull request #259 from CindyTsai1/Find-filter-function","messageBody":"update whenfree","fileTypesAndContributionMap":{}},{"hash":"690cd60bba467bb8d0af55f0e1979a45e08300f6","isMergeCommit":true,"messageTitle":"Merge pull request #249 from zacharytang/developer_guide","messageBody":"Update developer guide","fileTypesAndContributionMap":{}}]}],"nbrduplicate":[],"April0616":[{"date":"2017-10-09","commitResults":[{"hash":"38c72663ef5e8cca0485d44f7462605c162dea00","isMergeCommit":false,"messageTitle":"Add a remark Label inside PersonListCard.fxml","messageBody":"","fileTypesAndContributionMap":{"fxml":{"insertions":1,"deletions":0}}}]},{"date":"2017-10-10","commitResults":[{"hash":"5e4f3cf5d807b1b7cdab476f5b4fee2dc60c78c0","isMergeCommit":true,"messageTitle":"Merge branch \u0027master\u0027 into remark_command","messageBody":"","fileTypesAndContributionMap":{}},{"hash":"ad389aed7d3fdf131be025c41d6ebcd58e4de4f9","isMergeCommit":true,"messageTitle":"pull with remote","messageBody":"","fileTypesAndContributionMap":{}},{"hash":"79626a56a2f5aa606cc65208282258028b046fe2","isMergeCommit":true,"messageTitle":"Merge branch \u0027master\u0027 into remark_command","messageBody":"","fileTypesAndContributionMap":{}}]},{"date":"2017-10-12","commitResults":[{"hash":"6238f273dad716d0d2983bd4c3d7d8abfd5e0b43","isMergeCommit":true,"messageTitle":"Merge branch \u0027master\u0027 into remark_command","messageBody":"","fileTypesAndContributionMap":{}}]},{"date":"2017-10-16","commitResults":[{"hash":"a460e24bc1b94d009cb572dc920f35cd73c4ee11","isMergeCommit":false,"messageTitle":"UI: update PersonListCard.fxml","messageBody":"","fileTypesAndContributionMap":{"fxml":{"insertions":2,"deletions":0}}},{"hash":"b4b51938c691351888e0b31646633eed30bebe14","isMergeCommit":false,"messageTitle":"UI: update PersonCard.java","messageBody":"","fileTypesAndContributionMap":{"fxml":{"insertions":1,"deletions":1}}}]},{"date":"2017-10-18","commitResults":[{"hash":"d43032090aedb7f5d2d392003f454434cb2ccdc0","isMergeCommit":true,"messageTitle":"merge master into branch","messageBody":"","fileTypesAndContributionMap":{}}]},{"date":"2017-10-19","commitResults":[{"hash":"fa361906928eccde52695adeea0cbea1e15f8aa5","isMergeCommit":true,"messageTitle":"Merge pull request #68 from April0616/add_gender\u0026matric_no_attribute","messageBody":"New Attributes: Gender \u0026 Matric No","fileTypesAndContributionMap":{}}]},{"date":"2017-10-21","commitResults":[{"hash":"3ea15480f7d8e245be959040f8a7bea87580681b","isMergeCommit":true,"messageTitle":"Merge branch \u0027master\u0027 into yuting_dev","messageBody":"","fileTypesAndContributionMap":{}}]},{"date":"2017-10-31","commitResults":[{"hash":"92c52cb47919fa380702819b1beab5a61487802e","isMergeCommit":false,"messageTitle":"update ui","messageBody":"","fileTypesAndContributionMap":{"fxml":{"insertions":1,"deletions":0}}},{"hash":"a6ba90eee98d7a5300e29d156180c1e30d99dd9a","isMergeCommit":true,"messageTitle":"merge master into the branch","messageBody":"","fileTypesAndContributionMap":{}},{"hash":"502d5209fb64385e737f9c6e3bcb3977a280b1ae","isMergeCommit":false,"messageTitle":"display contactPhotos","messageBody":"","fileTypesAndContributionMap":{"fxml":{"insertions":11,"deletions":3}}},{"hash":"0f1ba4828985c9eb36b86cb560b04d6099936f2c","isMergeCommit":true,"messageTitle":"merge master into branch","messageBody":"","fileTypesAndContributionMap":{}},{"hash":"9df7233b80e05dd29b0af9a8635a83797714bce0","isMergeCommit":false,"messageTitle":"adjust UI settings","messageBody":"","fileTypesAndContributionMap":{"fxml":{"insertions":6,"deletions":4}}},{"hash":"2482cd1cd5458b0512c13d24d0ce30d188665b30","isMergeCommit":true,"messageTitle":"Merge branch \u0027master\u0027 into photoCommand","messageBody":"","fileTypesAndContributionMap":{}},{"hash":"885ac2aaf0ed1af3fba7566ca7d5aecb9f289f9c","isMergeCommit":true,"messageTitle":"Merge branch \u0027master\u0027 into photoCommand","messageBody":"","fileTypesAndContributionMap":{}},{"hash":"ffb2e684c32ef269b94bde2bb207d7c556f136a0","isMergeCommit":true,"messageTitle":"Merge pull request #96 from April0616/photoCommand","messageBody":"PhotoCommand","fileTypesAndContributionMap":{}}]},{"date":"2017-11-04","commitResults":[{"hash":"54ac0478a202a29b8bfc267d8a082f853ac4c5ae","isMergeCommit":false,"messageTitle":"change fxml format","messageBody":"","fileTypesAndContributionMap":{"fxml":{"insertions":64,"deletions":35}}}]},{"date":"2017-11-05","commitResults":[{"hash":"85f717ffd3de04abe764d0df529dda4bc0fe6d17","isMergeCommit":false,"messageTitle":"update personInfoPanel","messageBody":"","fileTypesAndContributionMap":{"fxml":{"insertions":81,"deletions":0}}},{"hash":"51e7dbf6f2d72be0a3fb166a03cdcbf8fa49743d","isMergeCommit":false,"messageTitle":"update format","messageBody":"","fileTypesAndContributionMap":{"fxml":{"insertions":55,"deletions":48}}},{"hash":"7948859cec2dd3f1b1749f56144ffeb32eff7be8","isMergeCommit":false,"messageTitle":"update tags","messageBody":"","fileTypesAndContributionMap":{"fxml":{"insertions":3,"deletions":3}}},{"hash":"600e13b9eca72354c7f83b047826af4c8b3d33e2","isMergeCommit":false,"messageTitle":"update tag center","messageBody":"","fileTypesAndContributionMap":{"fxml":{"insertions":9,"deletions":6}}},{"hash":"d4231120b703481514abc705db6d9b408c9abe08","isMergeCommit":false,"messageTitle":"update collocate headers","messageBody":"","fileTypesAndContributionMap":{"fxml":{"insertions":1,"deletions":1}}},{"hash":"ea0799d81143872d6bed495d8519a6549f945fbb","isMergeCommit":true,"messageTitle":"Merge pull request #133 from April0616/UIresizing","messageBody":"UI pane resizing \u0026 UI design","fileTypesAndContributionMap":{}},{"hash":"6ec73c0f0f86c669c67bf508ea097ca284d13a8e","isMergeCommit":true,"messageTitle":"Merge pull request #137 from April0616/fixBug","messageBody":"fix bug","fileTypesAndContributionMap":{}},{"hash":"fd3ea8062bd62066c57b7ce85183714b201a14f4","isMergeCommit":false,"messageTitle":"wrap text","messageBody":"","fileTypesAndContributionMap":{"fxml":{"insertions":2,"deletions":2}}},{"hash":"f282bd0adb5029c7a84d79de08c9caa0018074aa","isMergeCommit":true,"messageTitle":"Merge pull request #139 from April0616/hahafix","messageBody":"fix UI problems","fileTypesAndContributionMap":{}}]},{"date":"2017-11-06","commitResults":[{"hash":"05d8719271aeb0a464704e6a6d0b359c3d5fb4a6","isMergeCommit":true,"messageTitle":"Merge pull request #150 from April0616/debugDeletePhoto","messageBody":"Debug delete photo","fileTypesAndContributionMap":{}}]},{"date":"2017-11-07","commitResults":[{"hash":"83072636f6d2e3a860f2be996396dc78f9fe98a0","isMergeCommit":false,"messageTitle":"collate codes","messageBody":"","fileTypesAndContributionMap":{"fxml":{"insertions":1,"deletions":1}}},{"hash":"ce09b1841bd1d9062c6a2341a1ce4b37c572fffc","isMergeCommit":true,"messageTitle":"Merge pull request #153 from April0616/collate_Codes","messageBody":"collate codes","fileTypesAndContributionMap":{}},{"hash":"ff04beabed7d83e241d56f784e3f62ea44190fbe","isMergeCommit":true,"messageTitle":"Merge pull request #152 from nbriannl/tagListPanelSortUnusedAndUsed","messageBody":"Updated SampleDataUtil, UI Enchancement, Updated Tag List Pane ","fileTypesAndContributionMap":{}}]},{"date":"2017-11-08","commitResults":[{"hash":"d3239a6b91c6853d3886d81b17339a3e420c1edd","isMergeCommit":true,"messageTitle":"Merge branch \u0027master\u0027 of https://github.com/CS2103AUG2017-W09-B1/main into fyt_fixphoto","messageBody":"","fileTypesAndContributionMap":{}}]},{"date":"2017-11-11","commitResults":[{"hash":"4859b91937674819a60f1034376be4864ecb3cf2","isMergeCommit":true,"messageTitle":"Merge pull request #185 from nbriannl/personInfoPanelDetails","messageBody":"Adjust Person Info Panel sizes to show full address and remark","fileTypesAndContributionMap":{}},{"hash":"a5c9b3443ec0f1d2f03d8857627e4d03c0f21221","isMergeCommit":false,"messageTitle":"some change","messageBody":"","fileTypesAndContributionMap":{"fxml":{"insertions":9,"deletions":6}}},{"hash":"57c3ac280c1662a53c7740f8f8c61d0ab68b2558","isMergeCommit":true,"messageTitle":"Merge pull request #186 from April0616/personPanelAdjust","messageBody":"Small change on personInfoPanel","fileTypesAndContributionMap":{}},{"hash":"391462aaef40500cf3f4a936558188c37d6b4a35","isMergeCommit":true,"messageTitle":"Merge pull request #209 from nbriannl/UIPaneResizing","messageBody":"UI Fixes and Enhancements","fileTypesAndContributionMap":{}}]},{"date":"2017-11-12","commitResults":[{"hash":"908f7c0e5c15586a3e09ffc51621887f33d24831","isMergeCommit":true,"messageTitle":"Merge branch \u0027master\u0027 of https://github.com/CS2103AUG2017-W09-B1/main","messageBody":"","fileTypesAndContributionMap":{}},{"hash":"0eeaa2513bf56afc169e231375e078efbc942b6d","isMergeCommit":true,"messageTitle":"Merge pull request #230 from April0616/fixphotocommand2","messageBody":"Fix PhotoCommandTest: try to remove null pointer","fileTypesAndContributionMap":{}}]},{"date":"2017-11-13","commitResults":[{"hash":"c02d02475f877f4a52c49d7d2a4549bdb58a3149","isMergeCommit":false,"messageTitle":"update UI","messageBody":"","fileTypesAndContributionMap":{"fxml":{"insertions":1,"deletions":1}}},{"hash":"22b5a9a600fdf28a1049ca4e24fc427fc8fe26cf","isMergeCommit":true,"messageTitle":"merged","messageBody":"","fileTypesAndContributionMap":{}},{"hash":"dd170cca33054d8a0f992f41bccdfad682d666e2","isMergeCommit":true,"messageTitle":"Merge pull request #253 from April0616/##improveQuality","messageBody":"Improves the quality of code and collates code","fileTypesAndContributionMap":{}}]}],"nbr":[{"date":"2017-10-08","commitResults":[{"hash":"d2aaf46a6b82c3295d10595b665e5ef02456fa60","isMergeCommit":true,"messageTitle":"Merge branch \u0027master\u0027 into secondary_command_names","messageBody":"","fileTypesAndContributionMap":{}},{"hash":"63e6a7f7667168eca05a2f6b5eaee0d20ec0396c","isMergeCommit":true,"messageTitle":"Merge branch \u0027master\u0027 into deleteTagRedo","messageBody":"","fileTypesAndContributionMap":{}}]},{"date":"2017-10-09","commitResults":[{"hash":"5fcf6eaad287adcbb9d669acaa9e8ecbdef41c33","isMergeCommit":true,"messageTitle":"Merge remote-tracking branch \u0027origin/deleteTagRedo\u0027 into deleteTagRedo","messageBody":"","fileTypesAndContributionMap":{}}]},{"date":"2017-10-12","commitResults":[{"hash":"27c0a0bbef1043207eae386b682efb924afe2f14","isMergeCommit":true,"messageTitle":"Merge pull request #50 from April0616/remark_command","messageBody":"Remark command","fileTypesAndContributionMap":{}}]},{"date":"2017-10-16","commitResults":[{"hash":"1d97272b2c0bab98d8320addc12bf7b3e57a872c","isMergeCommit":true,"messageTitle":"Merge pull request #54 from zacharytang/store_timetables","messageBody":"Timetables: Store timetables ","fileTypesAndContributionMap":{}},{"hash":"507fb599e33f63e550395be0bd8abbf261b7b4d4","isMergeCommit":true,"messageTitle":"Merge branch \u0027master\u0027 into editTagProper","messageBody":"# Conflicts:\n#\tsrc/main/java/seedu/address/logic/parser/CliSyntax.java\n#\tsrc/main/java/seedu/address/logic/parser/EditCommandParser.java\n#\tsrc/main/java/seedu/address/logic/parser/ParserUtil.java\n#\tsrc/main/java/seedu/address/model/person/Person.java\n","fileTypesAndContributionMap":{}}]},{"date":"2017-10-19","commitResults":[{"hash":"82cfc928bc04d6be3bcb5b6014aaaa4413b346dd","isMergeCommit":true,"messageTitle":"Merge branch \u0027master\u0027 into googleMaps","messageBody":"","fileTypesAndContributionMap":{}},{"hash":"c18195ad2eae83ca7acef22f3921adba6a2813f0","isMergeCommit":true,"messageTitle":"Merge branch \u0027master\u0027 into whiteScreenBug","messageBody":"","fileTypesAndContributionMap":{}}]},{"date":"2017-10-20","commitResults":[{"hash":"6e8f76ba8754423c55f01e9a1efae0cbc8b83e3a","isMergeCommit":true,"messageTitle":"Merge branch \u0027master\u0027 into Birthday-feature","messageBody":"","fileTypesAndContributionMap":{}}]},{"date":"2017-10-22","commitResults":[{"hash":"def55a84cbddbf134b14c84506ed583d2f9077f9","isMergeCommit":true,"messageTitle":"Merge branch \u0027master\u0027 into googleMaps","messageBody":"","fileTypesAndContributionMap":{}}]},{"date":"2017-10-23","commitResults":[{"hash":"1ee025362aeacbeef4026029b3649d23ab6d33ca","isMergeCommit":true,"messageTitle":"Merge branch \u0027master\u0027 into googleMaps","messageBody":"","fileTypesAndContributionMap":{}}]},{"date":"2017-10-25","commitResults":[{"hash":"b754143e692139874fd30d9b8abab5c82ff0839f","isMergeCommit":true,"messageTitle":"Merge branch \u0027master\u0027 into v1.3docupdates","messageBody":"","fileTypesAndContributionMap":{}}]},{"date":"2017-10-29","commitResults":[{"hash":"e933821b0afb269faf27dd45845976656b622493","isMergeCommit":false,"messageTitle":"\"UI: Add TagListPanel\"","messageBody":"","fileTypesAndContributionMap":{"fxml":{"insertions":40,"deletions":11}}},{"hash":"f5c11947217f64965da86531f9dd67dd3e62f29d","isMergeCommit":false,"messageTitle":"\"Modified panel dimensions\"","messageBody":"","fileTypesAndContributionMap":{"fxml":{"insertions":2,"deletions":2}}}]},{"date":"2017-10-30","commitResults":[{"hash":"93191db48eb5aa2f97d765cdf736c68c85fc0ae4","isMergeCommit":false,"messageTitle":"\"Added comments to indicate which values to change to modify UI\"","messageBody":"","fileTypesAndContributionMap":{"fxml":{"insertions":4,"deletions":3}}},{"hash":"99cfbdd4dbadb272292b79c15dc6877b4776d485","isMergeCommit":true,"messageTitle":"Merge branch \u0027master\u0027 into UIUpdate","messageBody":"","fileTypesAndContributionMap":{}},{"hash":"f3a261ede325904547f8f200ef4a4dc163caa0f9","isMergeCommit":true,"messageTitle":"Merge branch \u0027master\u0027 into UIUpdate","messageBody":"","fileTypesAndContributionMap":{}},{"hash":"084b250917f010833160280862d47846470ceeab","isMergeCommit":true,"messageTitle":"Merge branch \u0027master\u0027 into UIUpdate","messageBody":"","fileTypesAndContributionMap":{}},{"hash":"b66b9834fbc955034931b5f65f48eac54da2921e","isMergeCommit":true,"messageTitle":"Merge branch \u0027master\u0027 into UIUpdate","messageBody":"","fileTypesAndContributionMap":{}},{"hash":"e16508d5e43ba61e6b933224b9d8cd0f409985a5","isMergeCommit":true,"messageTitle":"Merge pull request #88 from nbriannl/UIUpdate","messageBody":"UI Improvements","fileTypesAndContributionMap":{}}]},{"date":"2017-10-31","commitResults":[{"hash":"72b8108c4f1d4b93a1ff9e6cb4a11686fc18a7ef","isMergeCommit":false,"messageTitle":"Collate code for v1.4","messageBody":"","fileTypesAndContributionMap":{"fxml":{"insertions":3,"deletions":0}}},{"hash":"053319c3d8cd5d26424b6ac69d51f3c03e262215","isMergeCommit":false,"messageTitle":"Collate code for v1.4","messageBody":"","fileTypesAndContributionMap":{"fxml":{"insertions":3,"deletions":0}}}]},{"date":"2017-11-04","commitResults":[{"hash":"732e9b7112a5fba402e9f99d7e1dcae095b789ce","isMergeCommit":true,"messageTitle":"Merge branch \u0027master\u0027 into ThemeSwitch","messageBody":"# Conflicts:\n#\tsrc/main/java/seedu/address/logic/parser/AddressBookParser.java\n","fileTypesAndContributionMap":{}},{"hash":"3f12f5d82f214b3a64f9709b0a06982a6751929c","isMergeCommit":false,"messageTitle":"Merge branch \u0027master\u0027 into ThemeSwitch","messageBody":"# Conflicts:\n#\tsrc/main/java/seedu/address/logic/parser/AddressBookParser.java\n","fileTypesAndContributionMap":{"fxml":{"insertions":2,"deletions":5}}},{"hash":"07c3d30af4b3700b2b2118646d84bf58029a5cc1","isMergeCommit":false,"messageTitle":"Fix bug: Remove default theme in the app. An empty user pref now dictates the default stylesheet.","messageBody":"","fileTypesAndContributionMap":{"fxml":{"insertions":0,"deletions":1}}}]},{"date":"2017-11-05","commitResults":[{"hash":"0d097e273d283d7fc25442fc285a35458f0ab52e","isMergeCommit":true,"messageTitle":"Merge master to ThemeSwitchForMerge","messageBody":"","fileTypesAndContributionMap":{}},{"hash":"850273a65b83b567b1d7ea6cb6ba20a029c8eeaf","isMergeCommit":false,"messageTitle":"Merge master to ThemeSwitchForMerge","messageBody":"","fileTypesAndContributionMap":{"fxml":{"insertions":2,"deletions":4}}},{"hash":"36041989e8e7ad35468f188319f8d3b86f105c6b","isMergeCommit":true,"messageTitle":"Merge pull request #134 from nbriannl/ThemeSwitchForMerge","messageBody":"Theme Switch","fileTypesAndContributionMap":{}}]},{"date":"2017-11-06","commitResults":[{"hash":"4fcf01dd88f51a4c8017407198ce67f37bb3cc12","isMergeCommit":true,"messageTitle":"Merge pull request #142 from nbriannl/tagColorFix","messageBody":"Trivial Fix for tag color consistency","fileTypesAndContributionMap":{}}]},{"date":"2017-11-07","commitResults":[{"hash":"f74e0647032b58e34ac71846ff7d1f04104d1076","isMergeCommit":true,"messageTitle":"Merge pull request #147 from nbriannl/fixUpdatingOfPersonInfoPanel","messageBody":"Person Info Panel Fix","fileTypesAndContributionMap":{}},{"hash":"812615d7e6223f1a85b9d48c8a28d966ca067636","isMergeCommit":true,"messageTitle":"Merge pull request #145 from nbriannl/collate","messageBody":"Collates V1.5rc","fileTypesAndContributionMap":{}}]},{"date":"2017-11-10","commitResults":[{"hash":"3a5d01cefeb7d546b4d662f3057d46994e6fdaa8","isMergeCommit":false,"messageTitle":"Adjust Person Info Panel to show full address","messageBody":"","fileTypesAndContributionMap":{"fxml":{"insertions":31,"deletions":42}}}]},{"date":"2017-11-11","commitResults":[{"hash":"851523a1b0de2a1f55896bd4cde92f55ccf77fd7","isMergeCommit":false,"messageTitle":"PersonListPanel fix size. Added Color borders","messageBody":"","fileTypesAndContributionMap":{"fxml":{"insertions":22,"deletions":28}}},{"hash":"dc58462947e8e03e3b627f1d49cac01e08fcc18f","isMergeCommit":false,"messageTitle":"Checkpoint","messageBody":"","fileTypesAndContributionMap":{"fxml":{"insertions":10,"deletions":13}}},{"hash":"57b8bc8fe014c960d24e9ac064ac453e750dde24","isMergeCommit":false,"messageTitle":"Checkpoint2","messageBody":"","fileTypesAndContributionMap":{"fxml":{"insertions":1,"deletions":1}}},{"hash":"e1400bba9cb3107c97b755ae90ea09df352757b5","isMergeCommit":false,"messageTitle":"Elements dynamically shift with tags","messageBody":"","fileTypesAndContributionMap":{"fxml":{"insertions":17,"deletions":10}}},{"hash":"96666b7a79a8a66fa8096e77f79103f92695e384","isMergeCommit":false,"messageTitle":"Person Card Looks like a card and added a divider","messageBody":"","fileTypesAndContributionMap":{"fxml":{"insertions":1,"deletions":1}}},{"hash":"6ad945335710f32195f6d5b5bbd0aff049c239b0","isMergeCommit":false,"messageTitle":"Remark now can dynamically render","messageBody":"","fileTypesAndContributionMap":{"fxml":{"insertions":1,"deletions":1}}}]},{"date":"2017-11-12","commitResults":[{"hash":"a0a1db047c8badbc69b55cb2472c806a856488bd","isMergeCommit":false,"messageTitle":"Person info panel details no shift","messageBody":"","fileTypesAndContributionMap":{"fxml":{"insertions":1,"deletions":1}}},{"hash":"6d063a6095d85db37b74956a98de886fa4ae6535","isMergeCommit":false,"messageTitle":"Horizontal boundaries settled","messageBody":"","fileTypesAndContributionMap":{"fxml":{"insertions":2,"deletions":2}}},{"hash":"2d9292764c7813c6c11ed9e19acd7971725054d9","isMergeCommit":false,"messageTitle":"All boundaries settled","messageBody":"","fileTypesAndContributionMap":{"fxml":{"insertions":2,"deletions":2}}},{"hash":"85d3cf3f1dc6997d20277779c0757799b19d0dd1","isMergeCommit":true,"messageTitle":"Merge pull request #225 from nbriannl/UIChange","messageBody":"Final UI Changes","fileTypesAndContributionMap":{}},{"hash":"fe74fdcaadf4a2368ac31bbe20ecee1cc318a299","isMergeCommit":true,"messageTitle":"Merge pull request #220 from nbriannl/birthdayDetailed","messageBody":"Birthday now shows as dd/mm/yyyy","fileTypesAndContributionMap":{}},{"hash":"c0dcce48b31139a6c7a26c5df3b0ef7f94f9f8de","isMergeCommit":true,"messageTitle":"Merge branch \u0027master\u0027 into Find-filter-function","messageBody":"","fileTypesAndContributionMap":{}},{"hash":"d4c67e1eb72941b405340074999143b29c9267ae","isMergeCommit":true,"messageTitle":"Merge pull request #234 from nbriannl/birthdayDetailed","messageBody":"Cover boundary cases for formatter/unformatter methods in Birthday","fileTypesAndContributionMap":{}}]}]},"authorFileTypeContributionMap":{"zacharytang":{"fxml":10},"CindyTsai1":{"fxml":0},"nbrduplicate":{"fxml":0},"April0616":{"fxml":138},"nbr":{"fxml":17}},"authorContributionVariance":{"zacharytang":335.78085,"CindyTsai1":0.026296563,"nbrduplicate":0.0,"April0616":1397.6682,"nbr":483.51648},"authorDisplayNameMap":{"zacharytang":"Yagami Rukei Polland","CindyTsai1":"Ravind s/o Ramesh","nbrduplicate":"nbrduplicate","April0616":"2805Tagoe","nbr":"Ashwin Mukadaan Singhania, Rathod"}}
